
*** Running vivado
    with args -log fft_top.vdi -applog -m64 -product Vivado -messageDb vivado.pb -mode batch -source fft_top.tcl -notrace


****** Vivado v2018.3 (64-bit)
  **** SW Build 2405991 on Thu Dec  6 23:36:41 MST 2018
  **** IP Build 2404404 on Fri Dec  7 01:43:56 MST 2018
    ** Copyright 1986-2018 Xilinx, Inc. All Rights Reserved.

source fft_top.tcl -notrace
Command: link_design -top fft_top -part xc7a200tfbg676-2
Design is defaulting to srcset: sources_1
Design is defaulting to constrset: constrs_1
INFO: [Netlist 29-17] Analyzing 482 Unisim elements for replacement
INFO: [Netlist 29-28] Unisim Transformation completed in 0 CPU seconds
INFO: [Project 1-479] Netlist was created with Vivado 2018.3
INFO: [Device 21-403] Loading part xc7a200tfbg676-2
INFO: [Project 1-570] Preparing netlist for logic optimization
Parsing XDC File [/home/christodoulos-zerdalis/Desktop/FFT/radix_4_SDF_bram/constraints.xdc]
CRITICAL WARNING: [Common 17-69] Command failed: 'Y9' is not a valid site or package pin name. [/home/christodoulos-zerdalis/Desktop/FFT/radix_4_SDF_bram/constraints.xdc:3]
Finished Parsing XDC File [/home/christodoulos-zerdalis/Desktop/FFT/radix_4_SDF_bram/constraints.xdc]
INFO: [Opt 31-138] Pushed 0 inverter(s) to 0 load pin(s).
Netlist sorting complete. Time (s): cpu = 00:00:00 ; elapsed = 00:00:00.01 . Memory (MB): peak = 1665.898 ; gain = 0.000 ; free physical = 5919 ; free virtual = 16511
INFO: [Project 1-111] Unisim Transformation Summary:
  A total of 144 instances were transformed.
  RAM32M => RAM32M (RAMD32, RAMD32, RAMD32, RAMD32, RAMD32, RAMD32, RAMS32, RAMS32): 48 instances
  RAM64M => RAM64M (RAMD64E, RAMD64E, RAMD64E, RAMD64E): 80 instances
  RAM64X1D => RAM64X1D (RAMD64E, RAMD64E): 16 instances

7 Infos, 0 Warnings, 1 Critical Warnings and 0 Errors encountered.
link_design completed successfully
link_design: Time (s): cpu = 00:00:04 ; elapsed = 00:00:05 . Memory (MB): peak = 1665.898 ; gain = 311.008 ; free physical = 5919 ; free virtual = 16511
Command: opt_design
Attempting to get a license for feature 'Implementation' and/or device 'xc7a200t'
INFO: [Common 17-349] Got license for feature 'Implementation' and/or device 'xc7a200t'
Running DRC as a precondition to command opt_design

Starting DRC Task
INFO: [DRC 23-27] Running DRC with 8 threads
INFO: [Project 1-461] DRC finished with 0 Errors
INFO: [Project 1-462] Please refer to the DRC report (report_drc) for more information.

Time (s): cpu = 00:00:01 ; elapsed = 00:00:01 . Memory (MB): peak = 1744.930 ; gain = 79.031 ; free physical = 5922 ; free virtual = 16513

Starting Cache Timing Information Task
INFO: [Timing 38-35] Done setting XDC timing constraints.
Ending Cache Timing Information Task | Checksum: 142fdb748

Time (s): cpu = 00:00:06 ; elapsed = 00:00:06 . Memory (MB): peak = 2237.625 ; gain = 492.695 ; free physical = 5524 ; free virtual = 16115

Starting Logic Optimization Task

Phase 1 Retarget
INFO: [Opt 31-138] Pushed 0 inverter(s) to 0 load pin(s).
INFO: [Opt 31-49] Retargeted 0 cell(s).
Phase 1 Retarget | Checksum: 142fdb748

Time (s): cpu = 00:00:00.39 ; elapsed = 00:00:00.18 . Memory (MB): peak = 2315.625 ; gain = 0.000 ; free physical = 5452 ; free virtual = 16043
INFO: [Opt 31-389] Phase Retarget created 0 cells and removed 0 cells

Phase 2 Constant propagation
INFO: [Opt 31-138] Pushed 0 inverter(s) to 0 load pin(s).
Phase 2 Constant propagation | Checksum: 142fdb748

Time (s): cpu = 00:00:00.44 ; elapsed = 00:00:00.23 . Memory (MB): peak = 2315.625 ; gain = 0.000 ; free physical = 5452 ; free virtual = 16043
INFO: [Opt 31-389] Phase Constant propagation created 0 cells and removed 0 cells

Phase 3 Sweep
Phase 3 Sweep | Checksum: 1699cf3ab

Time (s): cpu = 00:00:00.56 ; elapsed = 00:00:00.35 . Memory (MB): peak = 2315.625 ; gain = 0.000 ; free physical = 5452 ; free virtual = 16043
INFO: [Opt 31-389] Phase Sweep created 0 cells and removed 0 cells

Phase 4 BUFG optimization
Phase 4 BUFG optimization | Checksum: 1699cf3ab

Time (s): cpu = 00:00:00.65 ; elapsed = 00:00:00.45 . Memory (MB): peak = 2315.625 ; gain = 0.000 ; free physical = 5452 ; free virtual = 16043
INFO: [Opt 31-662] Phase BUFG optimization created 0 cells of which 0 are BUFGs and removed 0 cells.

Phase 5 Shift Register Optimization
Phase 5 Shift Register Optimization | Checksum: 15c5631bc

Time (s): cpu = 00:00:00.91 ; elapsed = 00:00:00.71 . Memory (MB): peak = 2315.625 ; gain = 0.000 ; free physical = 5452 ; free virtual = 16043
INFO: [Opt 31-389] Phase Shift Register Optimization created 0 cells and removed 0 cells

Phase 6 Post Processing Netlist
Phase 6 Post Processing Netlist | Checksum: 15c5631bc

Time (s): cpu = 00:00:00.94 ; elapsed = 00:00:00.73 . Memory (MB): peak = 2315.625 ; gain = 0.000 ; free physical = 5452 ; free virtual = 16043
INFO: [Opt 31-389] Phase Post Processing Netlist created 0 cells and removed 0 cells
Opt_design Change Summary
=========================


-------------------------------------------------------------------------------------------------------------------------
|  Phase                        |  #Cells created  |  #Cells Removed  |  #Constrained objects preventing optimizations  |
-------------------------------------------------------------------------------------------------------------------------
|  Retarget                     |               0  |               0  |                                              0  |
|  Constant propagation         |               0  |               0  |                                              0  |
|  Sweep                        |               0  |               0  |                                              0  |
|  BUFG optimization            |               0  |               0  |                                              0  |
|  Shift Register Optimization  |               0  |               0  |                                              0  |
|  Post Processing Netlist      |               0  |               0  |                                              0  |
-------------------------------------------------------------------------------------------------------------------------



Starting Connectivity Check Task

Time (s): cpu = 00:00:00 ; elapsed = 00:00:00.01 . Memory (MB): peak = 2315.625 ; gain = 0.000 ; free physical = 5452 ; free virtual = 16043
Ending Logic Optimization Task | Checksum: 15c5631bc

Time (s): cpu = 00:00:00.95 ; elapsed = 00:00:00.75 . Memory (MB): peak = 2315.625 ; gain = 0.000 ; free physical = 5452 ; free virtual = 16043

Starting Power Optimization Task
INFO: [Pwropt 34-132] Skipping clock gating for clocks with a period < 2.00 ns.
Ending Power Optimization Task | Checksum: 15c5631bc

Time (s): cpu = 00:00:00.01 ; elapsed = 00:00:00.02 . Memory (MB): peak = 2315.625 ; gain = 0.000 ; free physical = 5451 ; free virtual = 16042

Starting Final Cleanup Task
Ending Final Cleanup Task | Checksum: 15c5631bc

Time (s): cpu = 00:00:00 ; elapsed = 00:00:00 . Memory (MB): peak = 2315.625 ; gain = 0.000 ; free physical = 5451 ; free virtual = 16042

Starting Netlist Obfuscation Task
Netlist sorting complete. Time (s): cpu = 00:00:00 ; elapsed = 00:00:00 . Memory (MB): peak = 2315.625 ; gain = 0.000 ; free physical = 5451 ; free virtual = 16042
Ending Netlist Obfuscation Task | Checksum: 15c5631bc

Time (s): cpu = 00:00:00 ; elapsed = 00:00:00 . Memory (MB): peak = 2315.625 ; gain = 0.000 ; free physical = 5452 ; free virtual = 16043
INFO: [Common 17-83] Releasing license: Implementation
23 Infos, 0 Warnings, 1 Critical Warnings and 0 Errors encountered.
opt_design completed successfully
opt_design: Time (s): cpu = 00:00:09 ; elapsed = 00:00:09 . Memory (MB): peak = 2315.625 ; gain = 649.727 ; free physical = 5452 ; free virtual = 16043
Netlist sorting complete. Time (s): cpu = 00:00:00 ; elapsed = 00:00:00 . Memory (MB): peak = 2315.625 ; gain = 0.000 ; free physical = 5452 ; free virtual = 16043
INFO: [Timing 38-480] Writing timing data to binary archive.
Writing placer database...
Writing XDEF routing.
Writing XDEF routing logical nets.
Writing XDEF routing special nets.
Write XDEF Complete: Time (s): cpu = 00:00:00.04 ; elapsed = 00:00:00.01 . Memory (MB): peak = 2347.641 ; gain = 0.000 ; free physical = 5452 ; free virtual = 16044
Netlist sorting complete. Time (s): cpu = 00:00:00 ; elapsed = 00:00:00 . Memory (MB): peak = 2347.641 ; gain = 0.000 ; free physical = 5447 ; free virtual = 16040
INFO: [Common 17-1381] The checkpoint '/home/christodoulos-zerdalis/Desktop/FFT/radix_4_SDF_bram/fft_bram/fft_bram.runs/impl_1/fft_top_opt.dcp' has been generated.
INFO: [runtcl-4] Executing : report_drc -file fft_top_drc_opted.rpt -pb fft_top_drc_opted.pb -rpx fft_top_drc_opted.rpx
Command: report_drc -file fft_top_drc_opted.rpt -pb fft_top_drc_opted.pb -rpx fft_top_drc_opted.rpx
INFO: [IP_Flow 19-234] Refreshing IP repositories
INFO: [IP_Flow 19-1704] No user IP repositories specified
INFO: [IP_Flow 19-2313] Loaded Vivado IP repository '/tools/Xilinx/Vivado/2018.3/data/ip'.
INFO: [DRC 23-27] Running DRC with 8 threads
INFO: [Coretcl 2-168] The results of DRC are in file /home/christodoulos-zerdalis/Desktop/FFT/radix_4_SDF_bram/fft_bram/fft_bram.runs/impl_1/fft_top_drc_opted.rpt.
report_drc completed successfully
Command: place_design
Attempting to get a license for feature 'Implementation' and/or device 'xc7a200t'
INFO: [Common 17-349] Got license for feature 'Implementation' and/or device 'xc7a200t'
INFO: [DRC 23-27] Running DRC with 8 threads
INFO: [Vivado_Tcl 4-198] DRC finished with 0 Errors
INFO: [Vivado_Tcl 4-199] Please refer to the DRC report (report_drc) for more information.
Running DRC as a precondition to command place_design
INFO: [DRC 23-27] Running DRC with 8 threads
INFO: [Vivado_Tcl 4-198] DRC finished with 0 Errors
INFO: [Vivado_Tcl 4-199] Please refer to the DRC report (report_drc) for more information.

Starting Placer Task
INFO: [Place 30-611] Multithreading enabled for place_design using a maximum of 8 CPUs

Phase 1 Placer Initialization

Phase 1.1 Placer Initialization Netlist Sorting
Netlist sorting complete. Time (s): cpu = 00:00:00.01 ; elapsed = 00:00:00 . Memory (MB): peak = 2387.660 ; gain = 0.000 ; free physical = 5406 ; free virtual = 15999
Phase 1.1 Placer Initialization Netlist Sorting | Checksum: 7e0a6968

Time (s): cpu = 00:00:00.01 ; elapsed = 00:00:00.01 . Memory (MB): peak = 2387.660 ; gain = 0.000 ; free physical = 5406 ; free virtual = 15999
Netlist sorting complete. Time (s): cpu = 00:00:00 ; elapsed = 00:00:00.01 . Memory (MB): peak = 2387.660 ; gain = 0.000 ; free physical = 5406 ; free virtual = 15999

Phase 1.2 IO Placement/ Clock Placement/ Build Placer Device
INFO: [Timing 38-35] Done setting XDC timing constraints.
Phase 1.2 IO Placement/ Clock Placement/ Build Placer Device | Checksum: 184e2e9cf

Time (s): cpu = 00:00:05 ; elapsed = 00:00:03 . Memory (MB): peak = 2387.660 ; gain = 0.000 ; free physical = 5369 ; free virtual = 15964

Phase 1.3 Build Placer Netlist Model
Phase 1.3 Build Placer Netlist Model | Checksum: 24f237684

Time (s): cpu = 00:00:07 ; elapsed = 00:00:04 . Memory (MB): peak = 2431.582 ; gain = 43.922 ; free physical = 5344 ; free virtual = 15937

Phase 1.4 Constrain Clocks/Macros
Phase 1.4 Constrain Clocks/Macros | Checksum: 24f237684

Time (s): cpu = 00:00:07 ; elapsed = 00:00:04 . Memory (MB): peak = 2431.582 ; gain = 43.922 ; free physical = 5344 ; free virtual = 15936
Phase 1 Placer Initialization | Checksum: 24f237684

Time (s): cpu = 00:00:07 ; elapsed = 00:00:04 . Memory (MB): peak = 2431.582 ; gain = 43.922 ; free physical = 5344 ; free virtual = 15936

Phase 2 Global Placement

Phase 2.1 Floorplanning
Phase 2.1 Floorplanning | Checksum: 26f0ea592

Time (s): cpu = 00:00:08 ; elapsed = 00:00:04 . Memory (MB): peak = 2442.254 ; gain = 54.594 ; free physical = 5357 ; free virtual = 15950

Phase 2.2 Physical Synthesis In Placer
INFO: [Physopt 32-65] No nets found for high-fanout optimization.
INFO: [Physopt 32-232] Optimized 0 net. Created 0 new instance.
INFO: [Physopt 32-775] End 1 Pass. Optimized 0 net or cell. Created 0 new cell, deleted 0 existing cell and moved 0 existing cell
INFO: [Physopt 32-64] No nets found for fanout-optimization.
INFO: [Physopt 32-232] Optimized 0 net. Created 0 new instance.
INFO: [Physopt 32-775] End 1 Pass. Optimized 0 net or cell. Created 0 new cell, deleted 0 existing cell and moved 0 existing cell
INFO: [Physopt 32-117] Net gen_stages[3].stage_inst/gen_memory.mem/cr[11] could not be optimized because driver gen_stages[3].stage_inst/gen_memory.mem/mul_m1r_reg_1_reg_i_13__1 could not be replicated
INFO: [Physopt 32-117] Net gen_stages[3].stage_inst/w1re[7] could not be optimized because driver gen_stages[3].stage_inst/p_0_out_inferred__1/mul_m1r_reg_1_reg_i_1 could not be replicated
INFO: [Physopt 32-117] Net gen_stages[3].stage_inst/gen_memory.mem/cr[12] could not be optimized because driver gen_stages[3].stage_inst/gen_memory.mem/mul_m1r_reg_1_reg_i_12__1 could not be replicated
INFO: [Physopt 32-117] Net gen_stages[3].stage_inst/gen_memory.mem/ci[12] could not be optimized because driver gen_stages[3].stage_inst/gen_memory.mem/m1r_reg_reg_i_12__1 could not be replicated
INFO: [Physopt 32-117] Net gen_stages[3].stage_inst/w1re[2] could not be optimized because driver gen_stages[3].stage_inst/p_0_out_inferred__1/mul_m1r_reg_1_reg_i_6 could not be replicated
INFO: [Physopt 32-117] Net gen_stages[3].stage_inst/gen_memory.mem/cr[4] could not be optimized because driver gen_stages[3].stage_inst/gen_memory.mem/mul_m1r_reg_1_reg_i_20__0 could not be replicated
INFO: [Physopt 32-117] Net gen_stages[3].stage_inst/gen_memory.mem/ci[4] could not be optimized because driver gen_stages[3].stage_inst/gen_memory.mem/m1r_reg_reg_i_20__0 could not be replicated
INFO: [Physopt 32-117] Net gen_stages[3].stage_inst/w1re[6] could not be optimized because driver gen_stages[3].stage_inst/p_0_out_inferred__1/mul_m1r_reg_1_reg_i_2 could not be replicated
INFO: [Physopt 32-117] Net gen_stages[3].stage_inst/gen_memory.mem/cr[6] could not be optimized because driver gen_stages[3].stage_inst/gen_memory.mem/mul_m1r_reg_1_reg_i_18__1 could not be replicated
INFO: [Physopt 32-117] Net gen_stages[3].stage_inst/gen_memory.mem/cr[2] could not be optimized because driver gen_stages[3].stage_inst/gen_memory.mem/mul_m1r_reg_1_reg_i_22__0 could not be replicated
INFO: [Physopt 32-117] Net gen_stages[3].stage_inst/gen_memory.mem/ci[1] could not be optimized because driver gen_stages[3].stage_inst/gen_memory.mem/m1r_reg_reg_i_23__0 could not be replicated
INFO: [Physopt 32-117] Net gen_stages[3].stage_inst/w1re[4] could not be optimized because driver gen_stages[3].stage_inst/p_0_out_inferred__1/mul_m1r_reg_1_reg_i_4 could not be replicated
INFO: [Physopt 32-117] Net gen_stages[3].stage_inst/gen_memory.mem/cr[3] could not be optimized because driver gen_stages[3].stage_inst/gen_memory.mem/mul_m1r_reg_1_reg_i_21__0 could not be replicated
INFO: [Physopt 32-117] Net gen_stages[3].stage_inst/gen_memory.mem/cr[1] could not be optimized because driver gen_stages[3].stage_inst/gen_memory.mem/mul_m1r_reg_1_reg_i_23__0 could not be replicated
INFO: [Physopt 32-117] Net gen_stages[3].stage_inst/w1re[5] could not be optimized because driver gen_stages[3].stage_inst/p_0_out_inferred__1/mul_m1r_reg_1_reg_i_3 could not be replicated
INFO: [Physopt 32-117] Net gen_stages[3].stage_inst/gen_memory.mem/cr[13] could not be optimized because driver gen_stages[3].stage_inst/gen_memory.mem/mul_m1r_reg_1_reg_i_11__1 could not be replicated
INFO: [Physopt 32-117] Net gen_stages[3].stage_inst/gen_memory.mem/ci[11] could not be optimized because driver gen_stages[3].stage_inst/gen_memory.mem/m1r_reg_reg_i_13__1 could not be replicated
INFO: [Physopt 32-117] Net gen_stages[3].stage_inst/gen_memory.mem/ci[5] could not be optimized because driver gen_stages[3].stage_inst/gen_memory.mem/m1r_reg_reg_i_19__0 could not be replicated
INFO: [Physopt 32-117] Net gen_stages[3].stage_inst/gen_memory.mem/cr[0] could not be optimized because driver gen_stages[3].stage_inst/gen_memory.mem/mul_m1r_reg_1_reg_i_24__0 could not be replicated
INFO: [Physopt 32-117] Net gen_stages[3].stage_inst/gen_memory.mem/ci[13] could not be optimized because driver gen_stages[3].stage_inst/gen_memory.mem/m1r_reg_reg_i_11__1 could not be replicated
INFO: [Physopt 32-117] Net gen_stages[3].stage_inst/gen_memory.mem/ci[7] could not be optimized because driver gen_stages[3].stage_inst/gen_memory.mem/m1r_reg_reg_i_17__1 could not be replicated
INFO: [Physopt 32-68] No nets found for critical-cell optimization.
INFO: [Physopt 32-232] Optimized 0 net. Created 0 new instance.
INFO: [Physopt 32-775] End 1 Pass. Optimized 0 net or cell. Created 0 new cell, deleted 0 existing cell and moved 0 existing cell
INFO: [Physopt 32-457] Pass 1. Identified 27 candidate cells for DSP register optimization.
INFO: [Physopt 32-665] Processed cell gen_stages[3].stage_inst/b4/m1r_reg_reg. 16 registers were pushed out.
INFO: [Physopt 32-665] Processed cell gen_stages[2].stage_inst/b4/m1i_reg_reg. 16 registers were pushed out.
INFO: [Physopt 32-666] Processed cell gen_stages[3].stage_inst/b4/m2i_reg_reg. No change.
INFO: [Physopt 32-666] Processed cell gen_stages[3].stage_inst/b4/mul_m2i_reg_1_reg. No change.
INFO: [Physopt 32-665] Processed cell gen_stages[2].stage_inst/b4/m1r_reg_reg. 16 registers were pushed out.
INFO: [Physopt 32-665] Processed cell gen_stages[3].stage_inst/b4/m0r_reg_reg. 16 registers were pushed out.
INFO: [Physopt 32-665] Processed cell gen_stages[3].stage_inst/b4/m0i_reg_reg. 16 registers were pushed out.
INFO: [Physopt 32-665] Processed cell gen_stages[3].stage_inst/b4/mul_m0r_reg_1_reg. 16 registers were pushed out.
INFO: [Physopt 32-665] Processed cell gen_stages[3].stage_inst/b4/mul_m2r_reg_1_reg. 8 registers were pushed out.
INFO: [Physopt 32-665] Processed cell gen_stages[3].stage_inst/b4/m2r_reg_reg. 8 registers were pushed out.
INFO: [Physopt 32-666] Processed cell gen_stages[3].stage_inst/b4/mul_m0i_reg_1_reg. No change.
INFO: [Physopt 32-665] Processed cell gen_stages[3].stage_inst/b4/mul_m1r_reg_1_reg. 16 registers were pushed out.
INFO: [Physopt 32-666] Processed cell gen_stages[2].stage_inst/b4/mul_m2r_reg_1_reg. No change.
INFO: [Physopt 32-665] Processed cell gen_stages[3].stage_inst/b4/m1i_reg_reg. 16 registers were pushed out.
INFO: [Physopt 32-665] Processed cell gen_stages[3].stage_inst/b4/mul_m1r_reg_1_reg. 8 registers were pushed out.
INFO: [Physopt 32-665] Processed cell gen_stages[2].stage_inst/b4/m0i_reg_reg. 16 registers were pushed out.
INFO: [Physopt 32-666] Processed cell gen_stages[3].stage_inst/b4/mul_m2r_reg_1_reg. No change.
INFO: [Physopt 32-666] Processed cell gen_stages[3].stage_inst/b4/m2i_reg_reg. No change.
INFO: [Physopt 32-666] Processed cell gen_stages[2].stage_inst/b4/m2i_reg_reg. No change.
INFO: [Physopt 32-665] Processed cell gen_stages[3].stage_inst/b4/mul_m1i_reg_1_reg. 16 registers were pushed out.
INFO: [Physopt 32-666] Processed cell gen_stages[3].stage_inst/b4/mul_m0r_reg_1_reg. No change.
INFO: [Physopt 32-666] Processed cell gen_stages[2].stage_inst/b4/m0r_reg_reg. No change.
INFO: [Physopt 32-666] Processed cell gen_stages[3].stage_inst/b4/mul_m2i_reg_1_reg. No change.
INFO: [Physopt 32-666] Processed cell gen_stages[2].stage_inst/b4/m2r_reg_reg. No change.
INFO: [Physopt 32-666] Processed cell gen_stages[2].stage_inst/b4/mul_m2i_reg_1_reg. No change.
INFO: [Physopt 32-665] Processed cell gen_stages[2].stage_inst/b4/mul_m1i_reg_1_reg. 16 registers were pushed out.
INFO: [Physopt 32-666] Processed cell gen_stages[3].stage_inst/b4/m2r_reg_reg. No change.
INFO: [Physopt 32-775] End 2 Pass. Optimized 14 nets or cells. Created 200 new cells, deleted 0 existing cell and moved 0 existing cell
Netlist sorting complete. Time (s): cpu = 00:00:00.02 ; elapsed = 00:00:00.02 . Memory (MB): peak = 2442.254 ; gain = 0.000 ; free physical = 5059 ; free virtual = 15656
INFO: [Physopt 32-677] No candidate cells for Shift Register optimization found in the design
INFO: [Physopt 32-775] End 1 Pass. Optimized 0 net or cell. Created 0 new cell, deleted 0 existing cell and moved 0 existing cell
INFO: [Physopt 32-526] No candidate cells for BRAM register optimization found in the design
INFO: [Physopt 32-775] End 1 Pass. Optimized 0 net or cell. Created 0 new cell, deleted 0 existing cell and moved 0 existing cell
INFO: [Physopt 32-949] No candidate nets found for HD net replication
INFO: [Physopt 32-775] End 1 Pass. Optimized 0 net or cell. Created 0 new cell, deleted 0 existing cell and moved 0 existing cell
Netlist sorting complete. Time (s): cpu = 00:00:00 ; elapsed = 00:00:00.01 . Memory (MB): peak = 2442.254 ; gain = 0.000 ; free physical = 5059 ; free virtual = 15656

Summary of Physical Synthesis Optimizations
============================================


----------------------------------------------------------------------------------------------------------------------------------------
|  Optimization                  |  Added Cells  |  Removed Cells  |  Optimized Cells/Nets  |  Dont Touch  |  Iterations  |  Elapsed   |
----------------------------------------------------------------------------------------------------------------------------------------
|  Very High Fanout              |            0  |              0  |                     0  |           0  |           1  |  00:00:00  |
|  Fanout                        |            0  |              0  |                     0  |           0  |           1  |  00:00:00  |
|  Critical Cell                 |            0  |              0  |                     0  |           0  |           1  |  00:00:00  |
|  DSP Register                  |          200  |              0  |                    14  |           0  |           1  |  00:00:17  |
|  Shift Register                |            0  |              0  |                     0  |           0  |           1  |  00:00:00  |
|  BRAM Register                 |            0  |              0  |                     0  |           0  |           1  |  00:00:00  |
|  HD Interface Net Replication  |            0  |              0  |                     0  |           0  |           1  |  00:00:00  |
|  Total                         |          200  |              0  |                    14  |           0  |           7  |  00:00:17  |
----------------------------------------------------------------------------------------------------------------------------------------


Phase 2.2 Physical Synthesis In Placer | Checksum: 1c543f32a

Time (s): cpu = 00:00:49 ; elapsed = 00:00:26 . Memory (MB): peak = 2442.254 ; gain = 54.594 ; free physical = 5062 ; free virtual = 15659
Phase 2 Global Placement | Checksum: 1b3b0114d

Time (s): cpu = 00:00:50 ; elapsed = 00:00:26 . Memory (MB): peak = 2442.254 ; gain = 54.594 ; free physical = 5062 ; free virtual = 15659

Phase 3 Detail Placement

Phase 3.1 Commit Multi Column Macros
Phase 3.1 Commit Multi Column Macros | Checksum: 1b3b0114d

Time (s): cpu = 00:00:50 ; elapsed = 00:00:26 . Memory (MB): peak = 2442.254 ; gain = 54.594 ; free physical = 5062 ; free virtual = 15659

Phase 3.2 Commit Most Macros & LUTRAMs
Phase 3.2 Commit Most Macros & LUTRAMs | Checksum: 257770b5f

Time (s): cpu = 00:00:52 ; elapsed = 00:00:27 . Memory (MB): peak = 2442.254 ; gain = 54.594 ; free physical = 5067 ; free virtual = 15664

Phase 3.3 Area Swap Optimization
Phase 3.3 Area Swap Optimization | Checksum: 18f4114a5

Time (s): cpu = 00:00:52 ; elapsed = 00:00:27 . Memory (MB): peak = 2442.254 ; gain = 54.594 ; free physical = 5070 ; free virtual = 15668

Phase 3.4 Pipeline Register Optimization
Phase 3.4 Pipeline Register Optimization | Checksum: 1aa7793da

Time (s): cpu = 00:00:52 ; elapsed = 00:00:27 . Memory (MB): peak = 2442.254 ; gain = 54.594 ; free physical = 5070 ; free virtual = 15668

Phase 3.5 Fast Optimization
Phase 3.5 Fast Optimization | Checksum: 1e54d1495

Time (s): cpu = 00:00:54 ; elapsed = 00:00:28 . Memory (MB): peak = 2442.254 ; gain = 54.594 ; free physical = 5068 ; free virtual = 15666

Phase 3.6 Small Shape Detail Placement
Phase 3.6 Small Shape Detail Placement | Checksum: 16c28d31e

Time (s): cpu = 00:00:55 ; elapsed = 00:00:28 . Memory (MB): peak = 2442.254 ; gain = 54.594 ; free physical = 5054 ; free virtual = 15652

Phase 3.7 Re-assign LUT pins
Phase 3.7 Re-assign LUT pins | Checksum: 13db5a14d

Time (s): cpu = 00:00:55 ; elapsed = 00:00:29 . Memory (MB): peak = 2442.254 ; gain = 54.594 ; free physical = 5054 ; free virtual = 15652

Phase 3.8 Pipeline Register Optimization
Phase 3.8 Pipeline Register Optimization | Checksum: 1e14d275e

Time (s): cpu = 00:00:55 ; elapsed = 00:00:29 . Memory (MB): peak = 2442.254 ; gain = 54.594 ; free physical = 5054 ; free virtual = 15652

Phase 3.9 Fast Optimization
Phase 3.9 Fast Optimization | Checksum: 1b2987848

Time (s): cpu = 00:00:57 ; elapsed = 00:00:29 . Memory (MB): peak = 2442.254 ; gain = 54.594 ; free physical = 5062 ; free virtual = 15660
Phase 3 Detail Placement | Checksum: 1b2987848

Time (s): cpu = 00:00:57 ; elapsed = 00:00:29 . Memory (MB): peak = 2442.254 ; gain = 54.594 ; free physical = 5062 ; free virtual = 15660

Phase 4 Post Placement Optimization and Clean-Up

Phase 4.1 Post Commit Optimization
INFO: [Timing 38-35] Done setting XDC timing constraints.

Phase 4.1.1 Post Placement Optimization
Post Placement Optimization Initialization | Checksum: 1762c056d

Phase 4.1.1.1 BUFG Insertion
INFO: [Place 46-33] Processed net reset_IBUF, BUFG insertion was skipped due to placement/routing conflicts.
INFO: [Place 46-46] BUFG insertion identified 1 candidate nets, 0 success, 0 bufg driver replicated, 1 skipped for placement/routing, 0 skipped for timing, 0 skipped for netlist change reason
Phase 4.1.1.1 BUFG Insertion | Checksum: 1762c056d

Time (s): cpu = 00:00:59 ; elapsed = 00:00:30 . Memory (MB): peak = 2451.242 ; gain = 63.582 ; free physical = 5070 ; free virtual = 15668
INFO: [Place 30-746] Post Placement Timing Summary WNS=-0.269. For the most accurate timing information please run report_timing.
Phase 4.1.1 Post Placement Optimization | Checksum: 1e7db06e9

Time (s): cpu = 00:01:08 ; elapsed = 00:00:37 . Memory (MB): peak = 2451.242 ; gain = 63.582 ; free physical = 5121 ; free virtual = 15719
Phase 4.1 Post Commit Optimization | Checksum: 1e7db06e9

Time (s): cpu = 00:01:08 ; elapsed = 00:00:37 . Memory (MB): peak = 2451.242 ; gain = 63.582 ; free physical = 5121 ; free virtual = 15719

Phase 4.2 Post Placement Cleanup
Phase 4.2 Post Placement Cleanup | Checksum: 1e7db06e9

Time (s): cpu = 00:01:08 ; elapsed = 00:00:37 . Memory (MB): peak = 2451.242 ; gain = 63.582 ; free physical = 5123 ; free virtual = 15720

Phase 4.3 Placer Reporting
Phase 4.3 Placer Reporting | Checksum: 1e7db06e9

Time (s): cpu = 00:01:08 ; elapsed = 00:00:37 . Memory (MB): peak = 2451.242 ; gain = 63.582 ; free physical = 5123 ; free virtual = 15720

Phase 4.4 Final Placement Cleanup
Netlist sorting complete. Time (s): cpu = 00:00:00 ; elapsed = 00:00:00 . Memory (MB): peak = 2451.242 ; gain = 0.000 ; free physical = 5124 ; free virtual = 15721
Phase 4.4 Final Placement Cleanup | Checksum: 114e4efd5

Time (s): cpu = 00:01:08 ; elapsed = 00:00:37 . Memory (MB): peak = 2451.242 ; gain = 63.582 ; free physical = 5124 ; free virtual = 15722
Phase 4 Post Placement Optimization and Clean-Up | Checksum: 114e4efd5

Time (s): cpu = 00:01:08 ; elapsed = 00:00:37 . Memory (MB): peak = 2451.242 ; gain = 63.582 ; free physical = 5124 ; free virtual = 15721
Ending Placer Task | Checksum: 69a343ca

Time (s): cpu = 00:01:08 ; elapsed = 00:00:37 . Memory (MB): peak = 2451.242 ; gain = 63.582 ; free physical = 5167 ; free virtual = 15764
INFO: [Common 17-83] Releasing license: Implementation
110 Infos, 0 Warnings, 1 Critical Warnings and 0 Errors encountered.
place_design completed successfully
place_design: Time (s): cpu = 00:01:10 ; elapsed = 00:00:38 . Memory (MB): peak = 2451.242 ; gain = 63.582 ; free physical = 5167 ; free virtual = 15764
Netlist sorting complete. Time (s): cpu = 00:00:00 ; elapsed = 00:00:00 . Memory (MB): peak = 2451.242 ; gain = 0.000 ; free physical = 5167 ; free virtual = 15764
INFO: [Timing 38-480] Writing timing data to binary archive.
Writing placer database...
Netlist sorting complete. Time (s): cpu = 00:00:00 ; elapsed = 00:00:00 . Memory (MB): peak = 2451.242 ; gain = 0.000 ; free physical = 5167 ; free virtual = 15767
Writing XDEF routing.
Writing XDEF routing logical nets.
Writing XDEF routing special nets.
Write XDEF Complete: Time (s): cpu = 00:00:00.93 ; elapsed = 00:00:00.30 . Memory (MB): peak = 2451.242 ; gain = 0.000 ; free physical = 5168 ; free virtual = 15775
INFO: [Common 17-1381] The checkpoint '/home/christodoulos-zerdalis/Desktop/FFT/radix_4_SDF_bram/fft_bram/fft_bram.runs/impl_1/fft_top_placed.dcp' has been generated.
INFO: [runtcl-4] Executing : report_io -file fft_top_io_placed.rpt
report_io: Time (s): cpu = 00:00:00.11 ; elapsed = 00:00:00.17 . Memory (MB): peak = 2451.242 ; gain = 0.000 ; free physical = 5155 ; free virtual = 15755
INFO: [runtcl-4] Executing : report_utilization -file fft_top_utilization_placed.rpt -pb fft_top_utilization_placed.pb
INFO: [runtcl-4] Executing : report_control_sets -verbose -file fft_top_control_sets_placed.rpt
report_control_sets: Time (s): cpu = 00:00:00.01 ; elapsed = 00:00:00.05 . Memory (MB): peak = 2451.242 ; gain = 0.000 ; free physical = 5171 ; free virtual = 15771
Command: route_design
Attempting to get a license for feature 'Implementation' and/or device 'xc7a200t'
INFO: [Common 17-349] Got license for feature 'Implementation' and/or device 'xc7a200t'
Running DRC as a precondition to command route_design
INFO: [DRC 23-27] Running DRC with 8 threads
INFO: [Vivado_Tcl 4-198] DRC finished with 0 Errors
INFO: [Vivado_Tcl 4-199] Please refer to the DRC report (report_drc) for more information.


Starting Routing Task
INFO: [Route 35-254] Multithreading enabled for route_design using a maximum of 8 CPUs
Checksum: PlaceDB: 647ab6a3 ConstDB: 0 ShapeSum: 5288d27 RouteDB: 0

Phase 1 Build RT Design
Phase 1 Build RT Design | Checksum: f9778034

Time (s): cpu = 00:00:39 ; elapsed = 00:00:31 . Memory (MB): peak = 2647.504 ; gain = 164.246 ; free physical = 4932 ; free virtual = 15539
Post Restoration Checksum: NetGraph: 4513abdd NumContArr: b463d457 Constraints: 0 Timing: 0

Phase 2 Router Initialization

Phase 2.1 Create Timer
Phase 2.1 Create Timer | Checksum: f9778034

Time (s): cpu = 00:00:39 ; elapsed = 00:00:31 . Memory (MB): peak = 2668.500 ; gain = 185.242 ; free physical = 4901 ; free virtual = 15508

Phase 2.2 Fix Topology Constraints
Phase 2.2 Fix Topology Constraints | Checksum: f9778034

Time (s): cpu = 00:00:39 ; elapsed = 00:00:31 . Memory (MB): peak = 2706.500 ; gain = 223.242 ; free physical = 4862 ; free virtual = 15469

Phase 2.3 Pre Route Cleanup
Phase 2.3 Pre Route Cleanup | Checksum: f9778034

Time (s): cpu = 00:00:39 ; elapsed = 00:00:31 . Memory (MB): peak = 2706.500 ; gain = 223.242 ; free physical = 4862 ; free virtual = 15469
 Number of Nodes with overlaps = 0

Phase 2.4 Update Timing
Phase 2.4 Update Timing | Checksum: 193bb19ca

Time (s): cpu = 00:00:41 ; elapsed = 00:00:33 . Memory (MB): peak = 2749.016 ; gain = 265.758 ; free physical = 4816 ; free virtual = 15423
INFO: [Route 35-416] Intermediate Timing Summary | WNS=-0.360 | TNS=-412.009| WHS=-0.192 | THS=-205.601|

Phase 2 Router Initialization | Checksum: 104d3e0ec

Time (s): cpu = 00:00:43 ; elapsed = 00:00:33 . Memory (MB): peak = 2749.016 ; gain = 265.758 ; free physical = 4820 ; free virtual = 15427

Phase 3 Initial Routing
Phase 3 Initial Routing | Checksum: 16429afc5

Time (s): cpu = 00:00:45 ; elapsed = 00:00:34 . Memory (MB): peak = 2749.016 ; gain = 265.758 ; free physical = 4819 ; free virtual = 15426

Phase 4 Rip-up And Reroute

Phase 4.1 Global Iteration 0
 Number of Nodes with overlaps = 809
 Number of Nodes with overlaps = 222
 Number of Nodes with overlaps = 77
 Number of Nodes with overlaps = 27
 Number of Nodes with overlaps = 9
 Number of Nodes with overlaps = 2
 Number of Nodes with overlaps = 1
 Number of Nodes with overlaps = 0
INFO: [Route 35-416] Intermediate Timing Summary | WNS=-0.362 | TNS=-420.283| WHS=N/A    | THS=N/A    |

Phase 4.1 Global Iteration 0 | Checksum: 19e934e6f

Time (s): cpu = 00:00:53 ; elapsed = 00:00:37 . Memory (MB): peak = 2749.016 ; gain = 265.758 ; free physical = 4836 ; free virtual = 15443

Phase 4.2 Global Iteration 1
 Number of Nodes with overlaps = 18
 Number of Nodes with overlaps = 16
 Number of Nodes with overlaps = 10
 Number of Nodes with overlaps = 3
 Number of Nodes with overlaps = 2
 Number of Nodes with overlaps = 0
INFO: [Route 35-416] Intermediate Timing Summary | WNS=-0.362 | TNS=-417.565| WHS=N/A    | THS=N/A    |

Phase 4.2 Global Iteration 1 | Checksum: 1418fca83

Time (s): cpu = 00:00:54 ; elapsed = 00:00:38 . Memory (MB): peak = 2749.016 ; gain = 265.758 ; free physical = 4840 ; free virtual = 15447
Phase 4 Rip-up And Reroute | Checksum: 1418fca83

Time (s): cpu = 00:00:54 ; elapsed = 00:00:38 . Memory (MB): peak = 2749.016 ; gain = 265.758 ; free physical = 4840 ; free virtual = 15447

Phase 5 Delay and Skew Optimization

Phase 5.1 Delay CleanUp

Phase 5.1.1 Update Timing
Phase 5.1.1 Update Timing | Checksum: 107335577

Time (s): cpu = 00:00:54 ; elapsed = 00:00:38 . Memory (MB): peak = 2749.016 ; gain = 265.758 ; free physical = 4840 ; free virtual = 15447
INFO: [Route 35-416] Intermediate Timing Summary | WNS=-0.272 | TNS=-312.412| WHS=N/A    | THS=N/A    |

 Number of Nodes with overlaps = 0
Phase 5.1 Delay CleanUp | Checksum: 17f1b58b8

Time (s): cpu = 00:00:54 ; elapsed = 00:00:39 . Memory (MB): peak = 2749.016 ; gain = 265.758 ; free physical = 4840 ; free virtual = 15447

Phase 5.2 Clock Skew Optimization
Phase 5.2 Clock Skew Optimization | Checksum: 17f1b58b8

Time (s): cpu = 00:00:54 ; elapsed = 00:00:39 . Memory (MB): peak = 2749.016 ; gain = 265.758 ; free physical = 4840 ; free virtual = 15447
Phase 5 Delay and Skew Optimization | Checksum: 17f1b58b8

Time (s): cpu = 00:00:54 ; elapsed = 00:00:39 . Memory (MB): peak = 2749.016 ; gain = 265.758 ; free physical = 4840 ; free virtual = 15447

Phase 6 Post Hold Fix

Phase 6.1 Hold Fix Iter

Phase 6.1.1 Update Timing
Phase 6.1.1 Update Timing | Checksum: 1331e7cc0

Time (s): cpu = 00:00:55 ; elapsed = 00:00:39 . Memory (MB): peak = 2749.016 ; gain = 265.758 ; free physical = 4840 ; free virtual = 15447
INFO: [Route 35-416] Intermediate Timing Summary | WNS=-0.272 | TNS=-312.412| WHS=0.074  | THS=0.000  |

Phase 6.1 Hold Fix Iter | Checksum: 1331e7cc0

Time (s): cpu = 00:00:55 ; elapsed = 00:00:39 . Memory (MB): peak = 2749.016 ; gain = 265.758 ; free physical = 4840 ; free virtual = 15447
Phase 6 Post Hold Fix | Checksum: 1331e7cc0

Time (s): cpu = 00:00:55 ; elapsed = 00:00:39 . Memory (MB): peak = 2749.016 ; gain = 265.758 ; free physical = 4840 ; free virtual = 15447

Phase 7 Route finalize

Router Utilization Summary
  Global Vertical Routing Utilization    = 0.770503 %
  Global Horizontal Routing Utilization  = 1.13939 %
  Routable Net Status*
  *Does not include unroutable nets such as driverless and loadless.
  Run report_route_status for detailed report.
  Number of Failed Nets               = 0
  Number of Unrouted Nets             = 0
  Number of Partially Routed Nets     = 0
  Number of Node Overlaps             = 0

Congestion Report
North Dir 1x1 Area, Max Cong = 53.1532%, No Congested Regions.
South Dir 1x1 Area, Max Cong = 63.0631%, No Congested Regions.
East Dir 1x1 Area, Max Cong = 77.9412%, No Congested Regions.
West Dir 1x1 Area, Max Cong = 58.8235%, No Congested Regions.

------------------------------
Reporting congestion hotspots
------------------------------
Direction: North
----------------
Congested clusters found at Level 0
Effective congestion level: 0 Aspect Ratio: 1 Sparse Ratio: 0
Direction: South
----------------
Congested clusters found at Level 0
Effective congestion level: 0 Aspect Ratio: 1 Sparse Ratio: 0
Direction: East
----------------
Congested clusters found at Level 0
Effective congestion level: 0 Aspect Ratio: 1 Sparse Ratio: 0
Direction: West
----------------
Congested clusters found at Level 0
Effective congestion level: 0 Aspect Ratio: 1 Sparse Ratio: 0

Phase 7 Route finalize | Checksum: 19ad982ec

Time (s): cpu = 00:00:55 ; elapsed = 00:00:39 . Memory (MB): peak = 2749.016 ; gain = 265.758 ; free physical = 4843 ; free virtual = 15450

Phase 8 Verifying routed nets

 Verification completed successfully
Phase 8 Verifying routed nets | Checksum: 19ad982ec

Time (s): cpu = 00:00:55 ; elapsed = 00:00:39 . Memory (MB): peak = 2749.016 ; gain = 265.758 ; free physical = 4842 ; free virtual = 15449

Phase 9 Depositing Routes
Phase 9 Depositing Routes | Checksum: 12a4f47f5

Time (s): cpu = 00:00:55 ; elapsed = 00:00:39 . Memory (MB): peak = 2749.016 ; gain = 265.758 ; free physical = 4872 ; free virtual = 15480

Phase 10 Post Router Timing
INFO: [Route 35-57] Estimated Timing Summary | WNS=-0.272 | TNS=-312.412| WHS=0.074  | THS=0.000  |

WARNING: [Route 35-328] Router estimated timing not met.
Resolution: For a complete and accurate timing signoff, report_timing_summary must be run after route_design. Alternatively, route_design can be run with the -timing_summary option to enable a complete timing signoff at the end of route_design.
Phase 10 Post Router Timing | Checksum: 12a4f47f5

Time (s): cpu = 00:00:55 ; elapsed = 00:00:39 . Memory (MB): peak = 2749.016 ; gain = 265.758 ; free physical = 4872 ; free virtual = 15480
INFO: [Route 35-16] Router Completed Successfully

Time (s): cpu = 00:00:55 ; elapsed = 00:00:39 . Memory (MB): peak = 2749.016 ; gain = 265.758 ; free physical = 4920 ; free virtual = 15527

Routing Is Done.
INFO: [Common 17-83] Releasing license: Implementation
128 Infos, 1 Warnings, 1 Critical Warnings and 0 Errors encountered.
route_design completed successfully
route_design: Time (s): cpu = 00:00:57 ; elapsed = 00:00:40 . Memory (MB): peak = 2749.016 ; gain = 297.773 ; free physical = 4920 ; free virtual = 15527
Netlist sorting complete. Time (s): cpu = 00:00:00 ; elapsed = 00:00:00 . Memory (MB): peak = 2749.016 ; gain = 0.000 ; free physical = 4920 ; free virtual = 15527
INFO: [Timing 38-480] Writing timing data to binary archive.
Writing placer database...
Netlist sorting complete. Time (s): cpu = 00:00:00 ; elapsed = 00:00:00.01 . Memory (MB): peak = 2749.016 ; gain = 0.000 ; free physical = 4920 ; free virtual = 15531
Writing XDEF routing.
Writing XDEF routing logical nets.
Writing XDEF routing special nets.
Write XDEF Complete: Time (s): cpu = 00:00:01 ; elapsed = 00:00:00.35 . Memory (MB): peak = 2749.016 ; gain = 0.000 ; free physical = 4911 ; free virtual = 15530
INFO: [Common 17-1381] The checkpoint '/home/christodoulos-zerdalis/Desktop/FFT/radix_4_SDF_bram/fft_bram/fft_bram.runs/impl_1/fft_top_routed.dcp' has been generated.
INFO: [runtcl-4] Executing : report_drc -file fft_top_drc_routed.rpt -pb fft_top_drc_routed.pb -rpx fft_top_drc_routed.rpx
Command: report_drc -file fft_top_drc_routed.rpt -pb fft_top_drc_routed.pb -rpx fft_top_drc_routed.rpx
INFO: [IP_Flow 19-1839] IP Catalog is up to date.
INFO: [DRC 23-27] Running DRC with 8 threads
INFO: [Coretcl 2-168] The results of DRC are in file /home/christodoulos-zerdalis/Desktop/FFT/radix_4_SDF_bram/fft_bram/fft_bram.runs/impl_1/fft_top_drc_routed.rpt.
report_drc completed successfully
INFO: [runtcl-4] Executing : report_methodology -file fft_top_methodology_drc_routed.rpt -pb fft_top_methodology_drc_routed.pb -rpx fft_top_methodology_drc_routed.rpx
Command: report_methodology -file fft_top_methodology_drc_routed.rpt -pb fft_top_methodology_drc_routed.pb -rpx fft_top_methodology_drc_routed.rpx
INFO: [Timing 38-35] Done setting XDC timing constraints.
INFO: [DRC 23-133] Running Methodology with 8 threads
INFO: [Coretcl 2-1520] The results of Report Methodology are in file /home/christodoulos-zerdalis/Desktop/FFT/radix_4_SDF_bram/fft_bram/fft_bram.runs/impl_1/fft_top_methodology_drc_routed.rpt.
report_methodology completed successfully
INFO: [runtcl-4] Executing : report_power -file fft_top_power_routed.rpt -pb fft_top_power_summary_routed.pb -rpx fft_top_power_routed.rpx
Command: report_power -file fft_top_power_routed.rpt -pb fft_top_power_summary_routed.pb -rpx fft_top_power_routed.rpx
INFO: [Timing 38-35] Done setting XDC timing constraints.
Running Vector-less Activity Propagation...

Finished Running Vector-less Activity Propagation
140 Infos, 1 Warnings, 1 Critical Warnings and 0 Errors encountered.
report_power completed successfully
INFO: [runtcl-4] Executing : report_route_status -file fft_top_route_status.rpt -pb fft_top_route_status.pb
INFO: [runtcl-4] Executing : report_timing_summary -max_paths 10 -file fft_top_timing_summary_routed.rpt -pb fft_top_timing_summary_routed.pb -rpx fft_top_timing_summary_routed.rpx -warn_on_violation 
INFO: [Timing 38-91] UpdateTimingParams: Speed grade: -2, Delay Type: min_max.
INFO: [Timing 38-191] Multithreading enabled for timing update using a maximum of 8 CPUs
CRITICAL WARNING: [Timing 38-282] The design failed to meet the timing requirements. Please see the timing summary report for details on the timing violations.
INFO: [runtcl-4] Executing : report_incremental_reuse -file fft_top_incremental_reuse_routed.rpt
INFO: [Vivado_Tcl 4-1062] Incremental flow is disabled. No incremental reuse Info to report.
INFO: [runtcl-4] Executing : report_clock_utilization -file fft_top_clock_utilization_routed.rpt
INFO: [runtcl-4] Executing : report_bus_skew -warn_on_violation -file fft_top_bus_skew_routed.rpt -pb fft_top_bus_skew_routed.pb -rpx fft_top_bus_skew_routed.rpx
INFO: [Timing 38-91] UpdateTimingParams: Speed grade: -2, Delay Type: min_max.
INFO: [Timing 38-191] Multithreading enabled for timing update using a maximum of 8 CPUs
INFO: [Common 17-206] Exiting Vivado at Tue Jan 20 04:12:26 2026...
