#! /usr/bin/vvp
:ivl_version "12.0 (stable)";
:ivl_delay_selection "TYPICAL";
:vpi_time_precision + 0;
:vpi_module "/usr/lib/x86_64-linux-gnu/ivl/system.vpi";
:vpi_module "/usr/lib/x86_64-linux-gnu/ivl/vhdl_sys.vpi";
:vpi_module "/usr/lib/x86_64-linux-gnu/ivl/vhdl_textio.vpi";
:vpi_module "/usr/lib/x86_64-linux-gnu/ivl/v2005_math.vpi";
:vpi_module "/usr/lib/x86_64-linux-gnu/ivl/va_math.vpi";
S_0x6362479ce490 .scope module, "ComplexMultiplier" "ComplexMultiplier" 2 1;
 .timescale 0 0;
    .port_info 0 /INPUT 1 "clock";
    .port_info 1 /INPUT 16 "a_re";
    .port_info 2 /INPUT 16 "a_im";
    .port_info 3 /INPUT 16 "b_re";
    .port_info 4 /INPUT 16 "b_im";
    .port_info 5 /INPUT 8 "w0re";
    .port_info 6 /INPUT 8 "w0im";
    .port_info 7 /INPUT 8 "w1re";
    .port_info 8 /INPUT 8 "w1im";
    .port_info 9 /OUTPUT 33 "out_a_re";
    .port_info 10 /OUTPUT 33 "out_a_im";
    .port_info 11 /OUTPUT 33 "out_b_re";
    .port_info 12 /OUTPUT 33 "out_b_im";
P_0x6362479ce620 .param/l "PROD" 0 2 3, +C4<00000000000000000000000000100000>;
P_0x6362479ce660 .param/l "SIMPLE_MULT" 0 2 4, +C4<00000000000000000000000000000001>;
P_0x6362479ce6a0 .param/l "WIDTH" 0 2 2, +C4<00000000000000000000000000010000>;
o0x7fadd1ac8018 .functor BUFZ 16, C4<zzzzzzzzzzzzzzzz>; HiZ drive
v0x636247a2faf0_0 .net/s "a_im", 15 0, o0x7fadd1ac8018;  0 drivers
o0x7fadd1ac8048 .functor BUFZ 16, C4<zzzzzzzzzzzzzzzz>; HiZ drive
v0x636247a2fbd0_0 .net/s "a_re", 15 0, o0x7fadd1ac8048;  0 drivers
o0x7fadd1ac8078 .functor BUFZ 16, C4<zzzzzzzzzzzzzzzz>; HiZ drive
v0x636247a2fca0_0 .net/s "b_im", 15 0, o0x7fadd1ac8078;  0 drivers
o0x7fadd1ac80a8 .functor BUFZ 16, C4<zzzzzzzzzzzzzzzz>; HiZ drive
v0x636247a2fda0_0 .net/s "b_re", 15 0, o0x7fadd1ac80a8;  0 drivers
o0x7fadd1ac80d8 .functor BUFZ 1, C4<z>; HiZ drive
v0x636247a2fe70_0 .net "clock", 0 0, o0x7fadd1ac80d8;  0 drivers
v0x636247a2ff10_0 .net/s "out_a_im", 32 0, v0x636247a2edc0_0;  1 drivers
v0x636247a2ffe0_0 .net/s "out_a_re", 32 0, v0x636247a2eea0_0;  1 drivers
v0x636247a300b0_0 .net/s "out_b_im", 32 0, v0x636247a2ef80_0;  1 drivers
v0x636247a30180_0 .net/s "out_b_re", 32 0, v0x636247a2f060_0;  1 drivers
o0x7fadd1ac8348 .functor BUFZ 8, C4<zzzzzzzz>; HiZ drive
v0x636247a30250_0 .net/s "w0im", 7 0, o0x7fadd1ac8348;  0 drivers
o0x7fadd1ac8378 .functor BUFZ 8, C4<zzzzzzzz>; HiZ drive
v0x636247a30320_0 .net/s "w0re", 7 0, o0x7fadd1ac8378;  0 drivers
o0x7fadd1ac83a8 .functor BUFZ 8, C4<zzzzzzzz>; HiZ drive
v0x636247a303f0_0 .net/s "w1im", 7 0, o0x7fadd1ac83a8;  0 drivers
o0x7fadd1ac83d8 .functor BUFZ 8, C4<zzzzzzzz>; HiZ drive
v0x636247a304c0_0 .net/s "w1re", 7 0, o0x7fadd1ac83d8;  0 drivers
S_0x636247a0c430 .scope generate, "genblk1" "genblk1" 2 15, 2 15 0, S_0x6362479ce490;
 .timescale 0 0;
S_0x636247a13120 .scope module, "simple_mult_inst" "SimpleMult" 2 19, 2 59 0, S_0x636247a0c430;
 .timescale 0 0;
    .port_info 0 /INPUT 1 "clock";
    .port_info 1 /INPUT 16 "a_re";
    .port_info 2 /INPUT 16 "a_im";
    .port_info 3 /INPUT 16 "b_re";
    .port_info 4 /INPUT 16 "b_im";
    .port_info 5 /INPUT 8 "w0re";
    .port_info 6 /INPUT 8 "w0im";
    .port_info 7 /INPUT 8 "w1re";
    .port_info 8 /INPUT 8 "w1im";
    .port_info 9 /OUTPUT 33 "out_a_re";
    .port_info 10 /OUTPUT 33 "out_a_im";
    .port_info 11 /OUTPUT 33 "out_b_re";
    .port_info 12 /OUTPUT 33 "out_b_im";
P_0x6362479f3490 .param/l "PROD" 0 2 61, +C4<00000000000000000000000000100000>;
P_0x6362479f34d0 .param/l "WIDTH" 0 2 60, +C4<00000000000000000000000000010000>;
v0x6362479d0400_0 .net/s "a_im", 15 0, o0x7fadd1ac8018;  alias, 0 drivers
v0x636247a2e680_0 .net/s "a_re", 15 0, o0x7fadd1ac8048;  alias, 0 drivers
v0x636247a2e760_0 .net/s "b_im", 15 0, o0x7fadd1ac8078;  alias, 0 drivers
v0x636247a2e850_0 .net/s "b_re", 15 0, o0x7fadd1ac80a8;  alias, 0 drivers
v0x636247a2e930_0 .net "clock", 0 0, o0x7fadd1ac80d8;  alias, 0 drivers
v0x636247a2ea40_0 .var/s "ii_a", 31 0;
v0x636247a2eb20_0 .var/s "ii_b", 31 0;
v0x636247a2ec00_0 .var/s "ir_a", 31 0;
v0x636247a2ece0_0 .var/s "ir_b", 31 0;
v0x636247a2edc0_0 .var/s "out_a_im", 32 0;
v0x636247a2eea0_0 .var/s "out_a_re", 32 0;
v0x636247a2ef80_0 .var/s "out_b_im", 32 0;
v0x636247a2f060_0 .var/s "out_b_re", 32 0;
v0x636247a2f140_0 .var/s "ri_a", 31 0;
v0x636247a2f220_0 .var/s "ri_b", 31 0;
v0x636247a2f300_0 .var/s "rr_a", 31 0;
v0x636247a2f3e0_0 .var/s "rr_b", 31 0;
v0x636247a2f5d0_0 .net/s "w0im", 7 0, o0x7fadd1ac8348;  alias, 0 drivers
v0x636247a2f6b0_0 .net/s "w0re", 7 0, o0x7fadd1ac8378;  alias, 0 drivers
v0x636247a2f790_0 .net/s "w1im", 7 0, o0x7fadd1ac83a8;  alias, 0 drivers
v0x636247a2f870_0 .net/s "w1re", 7 0, o0x7fadd1ac83d8;  alias, 0 drivers
E_0x636247a14f40 .event posedge, v0x636247a2e930_0;
    .scope S_0x636247a13120;
T_0 ;
    %wait E_0x636247a14f40;
    %load/vec4 v0x636247a2e680_0;
    %pad/s 32;
    %load/vec4 v0x636247a2f6b0_0;
    %pad/s 32;
    %mul;
    %assign/vec4 v0x636247a2f300_0, 0;
    %load/vec4 v0x6362479d0400_0;
    %pad/s 32;
    %load/vec4 v0x636247a2f5d0_0;
    %pad/s 32;
    %mul;
    %assign/vec4 v0x636247a2ea40_0, 0;
    %load/vec4 v0x636247a2e680_0;
    %pad/s 32;
    %load/vec4 v0x636247a2f5d0_0;
    %pad/s 32;
    %mul;
    %assign/vec4 v0x636247a2f140_0, 0;
    %load/vec4 v0x6362479d0400_0;
    %pad/s 32;
    %load/vec4 v0x636247a2f6b0_0;
    %pad/s 32;
    %mul;
    %assign/vec4 v0x636247a2ec00_0, 0;
    %load/vec4 v0x636247a2e850_0;
    %pad/s 32;
    %load/vec4 v0x636247a2f870_0;
    %pad/s 32;
    %mul;
    %assign/vec4 v0x636247a2f3e0_0, 0;
    %load/vec4 v0x636247a2e760_0;
    %pad/s 32;
    %load/vec4 v0x636247a2f790_0;
    %pad/s 32;
    %mul;
    %assign/vec4 v0x636247a2eb20_0, 0;
    %load/vec4 v0x636247a2e850_0;
    %pad/s 32;
    %load/vec4 v0x636247a2f790_0;
    %pad/s 32;
    %mul;
    %assign/vec4 v0x636247a2f220_0, 0;
    %load/vec4 v0x636247a2e760_0;
    %pad/s 32;
    %load/vec4 v0x636247a2f870_0;
    %pad/s 32;
    %mul;
    %assign/vec4 v0x636247a2ece0_0, 0;
    %load/vec4 v0x636247a2f300_0;
    %pad/s 33;
    %load/vec4 v0x636247a2ea40_0;
    %pad/s 33;
    %sub;
    %assign/vec4 v0x636247a2eea0_0, 0;
    %load/vec4 v0x636247a2f140_0;
    %pad/s 33;
    %load/vec4 v0x636247a2ec00_0;
    %pad/s 33;
    %add;
    %assign/vec4 v0x636247a2edc0_0, 0;
    %load/vec4 v0x636247a2f3e0_0;
    %pad/s 33;
    %load/vec4 v0x636247a2eb20_0;
    %pad/s 33;
    %sub;
    %assign/vec4 v0x636247a2f060_0, 0;
    %load/vec4 v0x636247a2f220_0;
    %pad/s 33;
    %load/vec4 v0x636247a2ece0_0;
    %pad/s 33;
    %add;
    %assign/vec4 v0x636247a2ef80_0, 0;
    %jmp T_0;
    .thread T_0;
# The file index is used to find the file name in the following table.
:file_names 3;
    "N/A";
    "<interactive>";
    "complex_multiplier.v";
