#! /usr/bin/vvp
:ivl_version "12.0 (stable)";
:ivl_delay_selection "TYPICAL";
:vpi_time_precision - 12;
:vpi_module "/usr/lib/x86_64-linux-gnu/ivl/system.vpi";
:vpi_module "/usr/lib/x86_64-linux-gnu/ivl/vhdl_sys.vpi";
:vpi_module "/usr/lib/x86_64-linux-gnu/ivl/vhdl_textio.vpi";
:vpi_module "/usr/lib/x86_64-linux-gnu/ivl/v2005_math.vpi";
:vpi_module "/usr/lib/x86_64-linux-gnu/ivl/va_math.vpi";
S_0x5b73ba96a610 .scope module, "delay_reg" "delay_reg" 2 3;
 .timescale -12 -12;
    .port_info 0 /INPUT 1 "clock";
    .port_info 1 /INPUT 16 "data_in";
    .port_info 2 /OUTPUT 16 "data_out";
P_0x5b73ba956f20 .param/l "DELAY" 0 2 5, +C4<00000000000000000000000000000001>;
P_0x5b73ba956f60 .param/l "WIDTH" 0 2 4, +C4<00000000000000000000000000010000>;
v0x5b73ba980e90_0 .array/port v0x5b73ba980e90, 0;
L_0x5b73ba981710 .functor BUFZ 16, v0x5b73ba980e90_0, C4<0000000000000000>, C4<0000000000000000>, C4<0000000000000000>;
o0x71a2865a0018 .functor BUFZ 1, C4<z>; HiZ drive
v0x5b73ba92f820_0 .net "clock", 0 0, o0x71a2865a0018;  0 drivers
o0x71a2865a0048 .functor BUFZ 16, C4<zzzzzzzzzzzzzzzz>; HiZ drive
v0x5b73ba980cc0_0 .net "data_in", 15 0, o0x71a2865a0048;  0 drivers
v0x5b73ba980da0_0 .net "data_out", 15 0, L_0x5b73ba981710;  1 drivers
v0x5b73ba980e90 .array "delay_line", 0 0, 15 0;
v0x5b73ba980f70_0 .var/i "i", 31 0;
E_0x5b73ba968750 .event posedge, v0x5b73ba92f820_0;
S_0x5b73ba92f490 .scope module, "delay_reg_reset" "delay_reg_reset" 2 27;
 .timescale -12 -12;
    .port_info 0 /INPUT 1 "clock";
    .port_info 1 /INPUT 1 "reset";
    .port_info 2 /INPUT 16 "data_in";
    .port_info 3 /OUTPUT 16 "data_out";
P_0x5b73ba96a7f0 .param/l "DELAY" 0 2 29, +C4<00000000000000000000000000000001>;
P_0x5b73ba96a830 .param/l "WIDTH" 0 2 28, +C4<00000000000000000000000000010000>;
v0x5b73ba9813c0_0 .array/port v0x5b73ba9813c0, 0;
L_0x5b73ba9817d0 .functor BUFZ 16, v0x5b73ba9813c0_0, C4<0000000000000000>, C4<0000000000000000>, C4<0000000000000000>;
o0x71a2865a0198 .functor BUFZ 1, C4<z>; HiZ drive
v0x5b73ba981140_0 .net "clock", 0 0, o0x71a2865a0198;  0 drivers
o0x71a2865a01c8 .functor BUFZ 16, C4<zzzzzzzzzzzzzzzz>; HiZ drive
v0x5b73ba981220_0 .net "data_in", 15 0, o0x71a2865a01c8;  0 drivers
v0x5b73ba981300_0 .net "data_out", 15 0, L_0x5b73ba9817d0;  1 drivers
v0x5b73ba9813c0 .array "delay_line", 0 0, 15 0;
v0x5b73ba9814a0_0 .var/i "i", 31 0;
o0x71a2865a0288 .functor BUFZ 1, C4<z>; HiZ drive
v0x5b73ba9815d0_0 .net "reset", 0 0, o0x71a2865a0288;  0 drivers
E_0x5b73ba968e40 .event posedge, v0x5b73ba9815d0_0, v0x5b73ba981140_0;
    .scope S_0x5b73ba96a610;
T_0 ;
    %wait E_0x5b73ba968750;
    %load/vec4 v0x5b73ba980cc0_0;
    %ix/load 3, 0, 0;
    %flag_set/imm 4, 0;
    %ix/load 4, 0, 0; Constant delay
    %assign/vec4/a/d v0x5b73ba980e90, 0, 4;
    %pushi/vec4 1, 0, 32;
    %store/vec4 v0x5b73ba980f70_0, 0, 32;
T_0.0 ;
    %load/vec4 v0x5b73ba980f70_0;
    %cmpi/s 1, 0, 32;
    %jmp/0xz T_0.1, 5;
    %load/vec4 v0x5b73ba980f70_0;
    %subi 1, 0, 32;
    %ix/vec4/s 4;
    %load/vec4a v0x5b73ba980e90, 4;
    %ix/getv/s 3, v0x5b73ba980f70_0;
    %ix/load 4, 0, 0; Constant delay
    %assign/vec4/a/d v0x5b73ba980e90, 0, 4;
    %load/vec4 v0x5b73ba980f70_0;
    %addi 1, 0, 32;
    %store/vec4 v0x5b73ba980f70_0, 0, 32;
    %jmp T_0.0;
T_0.1 ;
    %jmp T_0;
    .thread T_0;
    .scope S_0x5b73ba92f490;
T_1 ;
    %wait E_0x5b73ba968e40;
    %load/vec4 v0x5b73ba9815d0_0;
    %flag_set/vec4 8;
    %jmp/0xz  T_1.0, 8;
    %pushi/vec4 0, 0, 32;
    %store/vec4 v0x5b73ba9814a0_0, 0, 32;
T_1.2 ;
    %load/vec4 v0x5b73ba9814a0_0;
    %cmpi/s 1, 0, 32;
    %jmp/0xz T_1.3, 5;
    %pushi/vec4 0, 0, 16;
    %ix/getv/s 3, v0x5b73ba9814a0_0;
    %ix/load 4, 0, 0; Constant delay
    %assign/vec4/a/d v0x5b73ba9813c0, 0, 4;
    %load/vec4 v0x5b73ba9814a0_0;
    %addi 1, 0, 32;
    %store/vec4 v0x5b73ba9814a0_0, 0, 32;
    %jmp T_1.2;
T_1.3 ;
    %jmp T_1.1;
T_1.0 ;
    %load/vec4 v0x5b73ba981220_0;
    %ix/load 3, 0, 0;
    %flag_set/imm 4, 0;
    %ix/load 4, 0, 0; Constant delay
    %assign/vec4/a/d v0x5b73ba9813c0, 0, 4;
    %pushi/vec4 1, 0, 32;
    %store/vec4 v0x5b73ba9814a0_0, 0, 32;
T_1.4 ;
    %load/vec4 v0x5b73ba9814a0_0;
    %cmpi/s 1, 0, 32;
    %jmp/0xz T_1.5, 5;
    %load/vec4 v0x5b73ba9814a0_0;
    %subi 1, 0, 32;
    %ix/vec4/s 4;
    %load/vec4a v0x5b73ba9813c0, 4;
    %ix/getv/s 3, v0x5b73ba9814a0_0;
    %ix/load 4, 0, 0; Constant delay
    %assign/vec4/a/d v0x5b73ba9813c0, 0, 4;
    %load/vec4 v0x5b73ba9814a0_0;
    %addi 1, 0, 32;
    %store/vec4 v0x5b73ba9814a0_0, 0, 32;
    %jmp T_1.4;
T_1.5 ;
T_1.1 ;
    %jmp T_1;
    .thread T_1;
# The file index is used to find the file name in the following table.
:file_names 3;
    "N/A";
    "<interactive>";
    "delay_reg.v";
