Copyright 1986-2018 Xilinx, Inc. All Rights Reserved.
-------------------------------------------------------------------------------------------------------------------------------------------
| Tool Version     : Vivado v.2018.3 (lin64) Build 2405991 Thu Dec  6 23:36:41 MST 2018
| Date             : Tue Jan 20 20:43:31 2026
| Host             : christodoulos-zerdalis-IdeaPad-3-15IIL05 running 64-bit Ubuntu 24.04.3 LTS
| Command          : report_power -file fft_top_power_routed.rpt -pb fft_top_power_summary_routed.pb -rpx fft_top_power_routed.rpx
| Design           : fft_top
| Device           : xc7a200tfbg676-2
| Design State     : routed
| Grade            : commercial
| Process          : typical
| Characterization : Production
-------------------------------------------------------------------------------------------------------------------------------------------

Power Report

Table of Contents
-----------------
1. Summary
1.1 On-Chip Components
1.2 Power Supply Summary
1.3 Confidence Level
2. Settings
2.1 Environment
2.2 Clock Constraints
3. Detailed Reports
3.1 By Hierarchy

1. Summary
----------

+--------------------------+--------------+
| Total On-Chip Power (W)  | 1.851        |
| Design Power Budget (W)  | Unspecified* |
| Power Budget Margin (W)  | NA           |
| Dynamic (W)              | 1.715        |
| Device Static (W)        | 0.136        |
| Effective TJA (C/W)      | 1.9          |
| Max Ambient (C)          | 81.5         |
| Junction Temperature (C) | 28.5         |
| Confidence Level         | Low          |
| Setting File             | ---          |
| Simulation Activity File | ---          |
| Design Nets Matched      | NA           |
+--------------------------+--------------+
* Specify Design Power Budget using, set_operating_conditions -design_power_budget <value in Watts>


1.1 On-Chip Components
----------------------

+--------------------------+-----------+----------+-----------+-----------------+
| On-Chip                  | Power (W) | Used     | Available | Utilization (%) |
+--------------------------+-----------+----------+-----------+-----------------+
| Clocks                   |     0.266 |        3 |       --- |             --- |
| Slice Logic              |     0.507 |    34523 |       --- |             --- |
|   LUT as Logic           |     0.407 |     8908 |    133800 |            6.66 |
|   Register               |     0.057 |    19754 |    267600 |            7.38 |
|   LUT as Distributed RAM |     0.020 |      544 |     46200 |            1.18 |
|   CARRY4                 |     0.014 |      612 |     33450 |            1.83 |
|   LUT as Shift Register  |     0.009 |      402 |     46200 |            0.87 |
|   F7/F8 Muxes            |    <0.001 |       66 |    133800 |            0.05 |
|   Others                 |     0.000 |      104 |       --- |             --- |
| Signals                  |     0.535 |    21835 |       --- |             --- |
| I/O                      |     0.407 |      260 |       400 |           65.00 |
| Static Power             |     0.136 |          |           |                 |
| Total                    |     1.851 |          |           |                 |
+--------------------------+-----------+----------+-----------+-----------------+


1.2 Power Supply Summary
------------------------

+-----------+-------------+-----------+-------------+------------+
| Source    | Voltage (V) | Total (A) | Dynamic (A) | Static (A) |
+-----------+-------------+-----------+-------------+------------+
| Vccint    |       1.000 |     1.344 |       1.310 |      0.034 |
| Vccaux    |       1.800 |     0.064 |       0.033 |      0.031 |
| Vcco33    |       3.300 |     0.000 |       0.000 |      0.000 |
| Vcco25    |       2.500 |     0.000 |       0.000 |      0.000 |
| Vcco18    |       1.800 |     0.197 |       0.192 |      0.005 |
| Vcco15    |       1.500 |     0.000 |       0.000 |      0.000 |
| Vcco135   |       1.350 |     0.000 |       0.000 |      0.000 |
| Vcco12    |       1.200 |     0.000 |       0.000 |      0.000 |
| Vccaux_io |       1.800 |     0.000 |       0.000 |      0.000 |
| Vccbram   |       1.000 |     0.001 |       0.000 |      0.001 |
| MGTAVcc   |       1.000 |     0.000 |       0.000 |      0.000 |
| MGTAVtt   |       1.200 |     0.000 |       0.000 |      0.000 |
| Vccadc    |       1.800 |     0.020 |       0.000 |      0.020 |
+-----------+-------------+-----------+-------------+------------+


1.3 Confidence Level
--------------------

+-----------------------------+------------+--------------------------------------------------------+------------------------------------------------------------------------------------------------------------+
| User Input Data             | Confidence | Details                                                | Action                                                                                                     |
+-----------------------------+------------+--------------------------------------------------------+------------------------------------------------------------------------------------------------------------+
| Design implementation state | High       | Design is routed                                       |                                                                                                            |
| Clock nodes activity        | High       | User specified more than 95% of clocks                 |                                                                                                            |
| I/O nodes activity          | Low        | More than 75% of inputs are missing user specification | Provide missing input activity with simulation results or by editing the "By Resource Type -> I/Os" view   |
| Internal nodes activity     | Medium     | User specified less than 25% of internal nodes         | Provide missing internal nodes activity with simulation results or by editing the "By Resource Type" views |
| Device models               | High       | Device models are Production                           |                                                                                                            |
|                             |            |                                                        |                                                                                                            |
| Overall confidence level    | Low        |                                                        |                                                                                                            |
+-----------------------------+------------+--------------------------------------------------------+------------------------------------------------------------------------------------------------------------+


2. Settings
-----------

2.1 Environment
---------------

+-----------------------+--------------------------+
| Ambient Temp (C)      | 25.0                     |
| ThetaJA (C/W)         | 1.9                      |
| Airflow (LFM)         | 250                      |
| Heat Sink             | medium (Medium Profile)  |
| ThetaSA (C/W)         | 3.4                      |
| Board Selection       | medium (10"x10")         |
| # of Board Layers     | 12to15 (12 to 15 Layers) |
| Board Temperature (C) | 25.0                     |
+-----------------------+--------------------------+


2.2 Clock Constraints
---------------------

+---------+--------+-----------------+
| Clock   | Domain | Constraint (ns) |
+---------+--------+-----------------+
| sys_clk | clock  |             3.0 |
+---------+--------+-----------------+


3. Detailed Reports
-------------------

3.1 By Hierarchy
----------------

+----------------------------+-----------+
| Name                       | Power (W) |
+----------------------------+-----------+
| fft_top                    |     1.715 |
|   gen_stages[0].stage_inst |     0.121 |
|     b4                     |     0.114 |
|       pm0i_2               |     0.013 |
|       pm0r                 |     0.014 |
|       pm1i_2               |     0.013 |
|       pm1r                 |     0.014 |
|       pm2i_2               |     0.013 |
|       pm2r                 |     0.014 |
|   gen_stages[1].stage_inst |     0.380 |
|     b4                     |     0.312 |
|       pm0i                 |     0.023 |
|       pm0i_2               |     0.017 |
|       pm0r                 |     0.022 |
|       pm0r_2               |     0.021 |
|       pm1i                 |     0.017 |
|       pm1i_2               |     0.019 |
|       pm1r                 |     0.025 |
|       pm1r_2               |     0.022 |
|       pm2i                 |     0.020 |
|       pm2i_2               |     0.018 |
|       pm2r                 |     0.028 |
|       pm2r_2               |     0.023 |
|     gen_memory.mem         |     0.045 |
|   gen_stages[2].stage_inst |     0.375 |
|     b4                     |     0.310 |
|       pm0i                 |     0.025 |
|       pm0i_2               |     0.016 |
|       pm0r                 |     0.019 |
|       pm0r_2               |     0.022 |
|       pm1i                 |     0.019 |
|       pm1i_2               |     0.016 |
|       pm1r                 |     0.025 |
|       pm1r_2               |     0.023 |
|       pm2i                 |     0.021 |
|       pm2i_2               |     0.017 |
|       pm2r                 |     0.027 |
|       pm2r_2               |     0.024 |
|     gen_memory.mem         |     0.038 |
|   gen_stages[3].stage_inst |     0.425 |
|     b4                     |     0.319 |
|       pm0i                 |     0.024 |
|       pm0i_2               |     0.016 |
|       pm0r                 |     0.019 |
|       pm0r_2               |     0.023 |
|       pm1i                 |     0.020 |
|       pm1i_2               |     0.017 |
|       pm1r                 |     0.026 |
|       pm1r_2               |     0.024 |
|       pm2i                 |     0.022 |
|       pm2i_2               |     0.018 |
|       pm2r                 |     0.028 |
|       pm2r_2               |     0.025 |
|     gen_memory.mem         |     0.054 |
+----------------------------+-----------+


