Copyright 1986-2018 Xilinx, Inc. All Rights Reserved.
--------------------------------------------------------------------------------------------
| Tool Version : Vivado v.2018.3 (lin64) Build 2405991 Thu Dec  6 23:36:41 MST 2018
| Date         : Tue Jan 20 20:42:13 2026
| Host         : christodoulos-zerdalis-IdeaPad-3-15IIL05 running 64-bit Ubuntu 24.04.3 LTS
| Command      : report_control_sets -verbose -file fft_top_control_sets_placed.rpt
| Design       : fft_top
| Device       : xc7a200t
--------------------------------------------------------------------------------------------

Control Set Information

Table of Contents
-----------------
1. Summary
2. Histogram
3. Flip-Flop Distribution
4. Detailed Control Set Information

1. Summary
----------

+----------------------------------------------------------+-------+
|                          Status                          | Count |
+----------------------------------------------------------+-------+
| Number of unique control sets                            |    50 |
| Unused register locations in slices containing registers |    62 |
+----------------------------------------------------------+-------+


2. Histogram
------------

+--------+--------------+
| Fanout | Control Sets |
+--------+--------------+
|      5 |            2 |
|      6 |            3 |
|      9 |            2 |
|     13 |            2 |
|    16+ |           41 |
+--------+--------------+


3. Flip-Flop Distribution
-------------------------

+--------------+-----------------------+------------------------+-----------------+--------------+
| Clock Enable | Synchronous Set/Reset | Asynchronous Set/Reset | Total Registers | Total Slices |
+--------------+-----------------------+------------------------+-----------------+--------------+
| No           | No                    | No                     |             402 |          113 |
| No           | No                    | Yes                    |               0 |            0 |
| No           | Yes                   | No                     |           18368 |         4050 |
| Yes          | No                    | No                     |               0 |            0 |
| Yes          | No                    | Yes                    |               0 |            0 |
| Yes          | Yes                   | No                     |             984 |          302 |
+--------------+-----------------------+------------------------+-----------------+--------------+


4. Detailed Control Set Information
-----------------------------------

+------------------+----------------------------------------------------------------------+-----------------------------------------+------------------+----------------+
|   Clock Signal   |                             Enable Signal                            |             Set/Reset Signal            | Slice Load Count | Bel Load Count |
+------------------+----------------------------------------------------------------------+-----------------------------------------+------------------+----------------+
|  clock_IBUF_BUFG |                                                                      | gen_stages[0].stage_inst/SR[0]          |                2 |              5 |
|  clock_IBUF_BUFG | gen_stages[1].stage_inst/mem_counter_read                            | gen_stages[0].stage_inst/SR[0]          |                2 |              5 |
|  clock_IBUF_BUFG | gen_stages[3].stage_inst/gen_input_logic.flush_count[5]_i_1__1_n_0   | reset_IBUF                              |                3 |              6 |
|  clock_IBUF_BUFG | gen_stages[1].stage_inst/gen_input_logic.flush_count[5]_i_1_n_0      | reset_IBUF                              |                2 |              6 |
|  clock_IBUF_BUFG | gen_stages[2].stage_inst/gen_input_logic.flush_count[5]_i_1__0_n_0   | reset_IBUF                              |                2 |              6 |
|  clock_IBUF_BUFG |                                                                      | gen_stages[1].stage_inst/SR[0]          |                2 |              9 |
|  clock_IBUF_BUFG | gen_stages[2].stage_inst/mem_counter_read                            | gen_stages[1].stage_inst/SR[0]          |                2 |              9 |
|  clock_IBUF_BUFG | gen_stages[3].stage_inst/mem_counter_read                            | gen_stages[2].stage_inst/SR[0]          |                4 |             13 |
|  clock_IBUF_BUFG |                                                                      | gen_stages[2].stage_inst/SR[0]          |                3 |             13 |
|  clock_IBUF_BUFG |                                                                      | gen_stages[1].stage_inst/b4/i___85_n_0  |               20 |             31 |
|  clock_IBUF_BUFG |                                                                      | gen_stages[1].stage_inst/b4/i___81_n_0  |               15 |             31 |
|  clock_IBUF_BUFG |                                                                      | gen_stages[3].stage_inst/b4/i___100_n_0 |               11 |             32 |
|  clock_IBUF_BUFG |                                                                      | gen_stages[2].stage_inst/b4/i___99_n_0  |               16 |             32 |
|  clock_IBUF_BUFG |                                                                      | gen_stages[3].stage_inst/b4/i___81_n_0  |               14 |             32 |
|  clock_IBUF_BUFG |                                                                      | gen_stages[3].stage_inst/b4/i___83_n_0  |               17 |             32 |
|  clock_IBUF_BUFG |                                                                      | gen_stages[3].stage_inst/b4/i___84_n_0  |               10 |             32 |
|  clock_IBUF_BUFG |                                                                      | gen_stages[3].stage_inst/b4/i___87_n_0  |               12 |             32 |
|  clock_IBUF_BUFG |                                                                      | gen_stages[3].stage_inst/b4/i___88_n_0  |                8 |             32 |
|  clock_IBUF_BUFG |                                                                      | gen_stages[3].stage_inst/b4/i___91_n_0  |               12 |             32 |
|  clock_IBUF_BUFG |                                                                      | gen_stages[3].stage_inst/b4/i___92_n_0  |                8 |             32 |
|  clock_IBUF_BUFG |                                                                      | gen_stages[3].stage_inst/b4/i___95_n_0  |               20 |             32 |
|  clock_IBUF_BUFG |                                                                      | gen_stages[3].stage_inst/b4/i___96_n_0  |                8 |             32 |
|  clock_IBUF_BUFG |                                                                      | gen_stages[3].stage_inst/b4/i___99_n_0  |               22 |             32 |
|  clock_IBUF_BUFG |                                                                      | gen_stages[2].stage_inst/b4/i___81_n_0  |               18 |             32 |
|  clock_IBUF_BUFG |                                                                      | gen_stages[1].stage_inst/b4/i___91_n_0  |               15 |             32 |
|  clock_IBUF_BUFG |                                                                      | gen_stages[1].stage_inst/b4/i___92_n_0  |                9 |             32 |
|  clock_IBUF_BUFG |                                                                      | gen_stages[1].stage_inst/b4/i___88_n_0  |                7 |             32 |
|  clock_IBUF_BUFG |                                                                      | gen_stages[1].stage_inst/b4/i___86_n_0  |                6 |             32 |
|  clock_IBUF_BUFG |                                                                      | gen_stages[1].stage_inst/b4/i___82_n_0  |                6 |             32 |
|  clock_IBUF_BUFG |                                                                      | gen_stages[1].stage_inst/b4/i___95_n_0  |               18 |             32 |
|  clock_IBUF_BUFG |                                                                      | gen_stages[1].stage_inst/b4/i___96_n_0  |                7 |             32 |
|  clock_IBUF_BUFG |                                                                      | gen_stages[2].stage_inst/b4/i___100_n_0 |                7 |             32 |
|  clock_IBUF_BUFG |                                                                      | gen_stages[2].stage_inst/b4/i___83_n_0  |               22 |             32 |
|  clock_IBUF_BUFG |                                                                      | gen_stages[2].stage_inst/b4/i___84_n_0  |                9 |             32 |
|  clock_IBUF_BUFG |                                                                      | gen_stages[2].stage_inst/b4/i___87_n_0  |               21 |             32 |
|  clock_IBUF_BUFG |                                                                      | gen_stages[2].stage_inst/b4/i___88_n_0  |               10 |             32 |
|  clock_IBUF_BUFG |                                                                      | gen_stages[2].stage_inst/b4/i___91_n_0  |               16 |             32 |
|  clock_IBUF_BUFG |                                                                      | gen_stages[2].stage_inst/b4/i___92_n_0  |                9 |             32 |
|  clock_IBUF_BUFG |                                                                      | gen_stages[2].stage_inst/b4/i___96_n_0  |                8 |             32 |
|  clock_IBUF_BUFG |                                                                      | gen_stages[2].stage_inst/b4/i___95_n_0  |               14 |             32 |
|  clock_IBUF_BUFG |                                                                      | gen_stages[0].stage_inst/b4/i___90_n_0  |               47 |             93 |
|  clock_IBUF_BUFG | gen_stages[0].stage_inst/b4/pm0r/E[0]                                | reset_IBUF                              |               36 |            117 |
|  clock_IBUF_BUFG | gen_stages[3].stage_inst/gen_memory.mem/mem_D_reg_0_63_0_2_i_4_n_0   |                                         |               44 |            176 |
|  clock_IBUF_BUFG | gen_stages[3].stage_inst/gen_memory.mem/mem_D_reg_64_127_0_2_i_1_n_0 |                                         |               44 |            176 |
|  clock_IBUF_BUFG | gen_stages[1].stage_inst/b4/pm0r/E[0]                                | reset_IBUF                              |               83 |            270 |
|  clock_IBUF_BUFG | gen_stages[2].stage_inst/b4/pm0r/E[0]                                | reset_IBUF                              |               82 |            276 |
|  clock_IBUF_BUFG | gen_stages[3].stage_inst/b4/pm0r/E[0]                                | reset_IBUF                              |               86 |            276 |
|  clock_IBUF_BUFG | gen_stages[2].stage_inst/gen_memory.mem/reset                        |                                         |               48 |            384 |
|  clock_IBUF_BUFG |                                                                      |                                         |              113 |            804 |
|  clock_IBUF_BUFG |                                                                      | reset_IBUF                              |             3601 |          17258 |
+------------------+----------------------------------------------------------------------+-----------------------------------------+------------------+----------------+


