Copyright 1986-2018 Xilinx, Inc. All Rights Reserved.
--------------------------------------------------------------------------------------------------------------------------------------------------------------------------------------------
| Tool Version : Vivado v.2018.3 (lin64) Build 2405991 Thu Dec  6 23:36:41 MST 2018
| Date         : Tue Jan 20 20:43:32 2026
| Host         : christodoulos-zerdalis-IdeaPad-3-15IIL05 running 64-bit Ubuntu 24.04.3 LTS
| Command      : report_timing_summary -max_paths 10 -file fft_top_timing_summary_routed.rpt -pb fft_top_timing_summary_routed.pb -rpx fft_top_timing_summary_routed.rpx -warn_on_violation
| Design       : fft_top
| Device       : 7a200t-fbg676
| Speed File   : -2  PRODUCTION 1.23 2018-06-13
--------------------------------------------------------------------------------------------------------------------------------------------------------------------------------------------

Timing Summary Report

------------------------------------------------------------------------------------------------
| Timer Settings
| --------------
------------------------------------------------------------------------------------------------

  Enable Multi Corner Analysis               :  Yes
  Enable Pessimism Removal                   :  Yes
  Pessimism Removal Resolution               :  Nearest Common Node
  Enable Input Delay Default Clock           :  No
  Enable Preset / Clear Arcs                 :  No
  Disable Flight Delays                      :  No
  Ignore I/O Paths                           :  No
  Timing Early Launch at Borrowing Latches   :  false

  Corner  Analyze    Analyze    
  Name    Max Paths  Min Paths  
  ------  ---------  ---------  
  Slow    Yes        Yes        
  Fast    Yes        Yes        



check_timing report

Table of Contents
-----------------
1. checking no_clock
2. checking constant_clock
3. checking pulse_width_clock
4. checking unconstrained_internal_endpoints
5. checking no_input_delay
6. checking no_output_delay
7. checking multiple_clock
8. checking generated_clocks
9. checking loops
10. checking partial_input_delay
11. checking partial_output_delay
12. checking latch_loops

1. checking no_clock
--------------------
 There are 0 register/latch pins with no clock.


2. checking constant_clock
--------------------------
 There are 0 register/latch pins with constant_clock.


3. checking pulse_width_clock
-----------------------------
 There are 0 register/latch pins which need pulse_width check


4. checking unconstrained_internal_endpoints
--------------------------------------------
 There are 0 pins that are not constrained for maximum delay.

 There are 0 pins that are not constrained for maximum delay due to constant clock.


5. checking no_input_delay
--------------------------
 There are 130 input ports with no input delay specified. (HIGH)

 There are 0 input ports with no input delay but user has a false path constraint.


6. checking no_output_delay
---------------------------
 There are 129 ports with no output delay specified. (HIGH)

 There are 0 ports with no output delay but user has a false path constraint

 There are 0 ports with no output delay but with a timing clock defined on it or propagating through it


7. checking multiple_clock
--------------------------
 There are 0 register/latch pins with multiple clocks.


8. checking generated_clocks
----------------------------
 There are 0 generated clocks that are not connected to a clock source.


9. checking loops
-----------------
 There are 0 combinational loops in the design.


10. checking partial_input_delay
--------------------------------
 There are 0 input ports with partial input delay specified.


11. checking partial_output_delay
---------------------------------
 There are 0 ports with partial output delay specified.


12. checking latch_loops
------------------------
 There are 0 combinational latch loops in the design through latch input



------------------------------------------------------------------------------------------------
| Design Timing Summary
| ---------------------
------------------------------------------------------------------------------------------------

    WNS(ns)      TNS(ns)  TNS Failing Endpoints  TNS Total Endpoints      WHS(ns)      THS(ns)  THS Failing Endpoints  THS Total Endpoints     WPWS(ns)     TPWS(ns)  TPWS Failing Endpoints  TPWS Total Endpoints  
    -------      -------  ---------------------  -------------------      -------      -------  ---------------------  -------------------     --------     --------  ----------------------  --------------------  
      0.104        0.000                      0                26673        0.041        0.000                      0                26673        0.370        0.000                       0                 20893  


All user specified timing constraints are met.


------------------------------------------------------------------------------------------------
| Clock Summary
| -------------
------------------------------------------------------------------------------------------------

Clock    Waveform(ns)         Period(ns)      Frequency(MHz)
-----    ------------         ----------      --------------
sys_clk  {0.000 1.500}        3.000           333.333         


------------------------------------------------------------------------------------------------
| Intra Clock Table
| -----------------
------------------------------------------------------------------------------------------------

Clock             WNS(ns)      TNS(ns)  TNS Failing Endpoints  TNS Total Endpoints      WHS(ns)      THS(ns)  THS Failing Endpoints  THS Total Endpoints     WPWS(ns)     TPWS(ns)  TPWS Failing Endpoints  TPWS Total Endpoints  
-----             -------      -------  ---------------------  -------------------      -------      -------  ---------------------  -------------------     --------     --------  ----------------------  --------------------  
sys_clk             0.104        0.000                      0                26673        0.041        0.000                      0                26673        0.370        0.000                       0                 20893  


------------------------------------------------------------------------------------------------
| Inter Clock Table
| -----------------
------------------------------------------------------------------------------------------------

From Clock    To Clock          WNS(ns)      TNS(ns)  TNS Failing Endpoints  TNS Total Endpoints      WHS(ns)      THS(ns)  THS Failing Endpoints  THS Total Endpoints  
----------    --------          -------      -------  ---------------------  -------------------      -------      -------  ---------------------  -------------------  


------------------------------------------------------------------------------------------------
| Other Path Groups Table
| -----------------------
------------------------------------------------------------------------------------------------

Path Group    From Clock    To Clock          WNS(ns)      TNS(ns)  TNS Failing Endpoints  TNS Total Endpoints      WHS(ns)      THS(ns)  THS Failing Endpoints  THS Total Endpoints  
----------    ----------    --------          -------      -------  ---------------------  -------------------      -------      -------  ---------------------  -------------------  


------------------------------------------------------------------------------------------------
| Timing Details
| --------------
------------------------------------------------------------------------------------------------


---------------------------------------------------------------------------------------------------
From Clock:  sys_clk
  To Clock:  sys_clk

Setup :            0  Failing Endpoints,  Worst Slack        0.104ns,  Total Violation        0.000ns
Hold  :            0  Failing Endpoints,  Worst Slack        0.041ns,  Total Violation        0.000ns
PW    :            0  Failing Endpoints,  Worst Slack        0.370ns,  Total Violation        0.000ns
---------------------------------------------------------------------------------------------------


Max Delay Paths
--------------------------------------------------------------------------------------
Slack (MET) :             0.104ns  (required time - arrival time)
  Source:                 gen_stages[3].stage_inst/stride_segment_counter_reg_reg[4]/C
                            (rising edge-triggered cell FDRE clocked by sys_clk  {rise@0.000ns fall@1.500ns period=3.000ns})
  Destination:            gen_stages[3].stage_inst/gen_memory.mem/mem_A_reg_0_63_3_5/RAMC/I
                            (rising edge-triggered cell RAMD64E clocked by sys_clk  {rise@0.000ns fall@1.500ns period=3.000ns})
  Path Group:             sys_clk
  Path Type:              Setup (Max at Slow Process Corner)
  Requirement:            3.000ns  (sys_clk rise@3.000ns - sys_clk rise@0.000ns)
  Data Path Delay:        2.534ns  (logic 0.538ns (21.230%)  route 1.996ns (78.770%))
  Logic Levels:           1  (LUT6=1)
  Clock Path Skew:        -0.052ns (DCD - SCD + CPR)
    Destination Clock Delay (DCD):    5.071ns = ( 8.071 - 3.000 ) 
    Source Clock Delay      (SCD):    5.385ns
    Clock Pessimism Removal (CPR):    0.262ns
  Clock Uncertainty:      0.035ns  ((TSJ^2 + TIJ^2)^1/2 + DJ) / 2 + PE
    Total System Jitter     (TSJ):    0.071ns
    Total Input Jitter      (TIJ):    0.000ns
    Discrete Jitter          (DJ):    0.000ns
    Phase Error              (PE):    0.000ns

    Location             Delay type                Incr(ns)  Path(ns)    Netlist Resource(s)
  -------------------------------------------------------------------    -------------------
                         (clock sys_clk rise edge)    0.000     0.000 r  
    E17                                               0.000     0.000 r  clock (IN)
                         net (fo=0)                   0.000     0.000    clock
    E17                  IBUF (Prop_ibuf_I_O)         1.418     1.418 r  clock_IBUF_inst/O
                         net (fo=1, routed)           2.329     3.747    clock_IBUF
    BUFGCTRL_X0Y16       BUFG (Prop_bufg_I_O)         0.081     3.828 r  clock_IBUF_BUFG_inst/O
                         net (fo=20892, routed)       1.557     5.385    gen_stages[3].stage_inst/clock_IBUF_BUFG
    SLICE_X60Y99         FDRE                                         r  gen_stages[3].stage_inst/stride_segment_counter_reg_reg[4]/C
  -------------------------------------------------------------------    -------------------
    SLICE_X60Y99         FDRE (Prop_fdre_C_Q)         0.433     5.818 r  gen_stages[3].stage_inst/stride_segment_counter_reg_reg[4]/Q
                         net (fo=128, routed)         1.123     6.940    gen_stages[3].stage_inst/gen_memory.mem/mem_C_reg_64_127_0_2_0[0]
    SLICE_X69Y100        LUT6 (Prop_lut6_I4_O)        0.105     7.045 r  gen_stages[3].stage_inst/gen_memory.mem/mem_A_reg_0_63_3_5_i_3/O
                         net (fo=2, routed)           0.873     7.919    gen_stages[3].stage_inst/gen_memory.mem/mem_A_reg_0_63_3_5/DIC
    SLICE_X68Y99         RAMD64E                                      r  gen_stages[3].stage_inst/gen_memory.mem/mem_A_reg_0_63_3_5/RAMC/I
  -------------------------------------------------------------------    -------------------

                         (clock sys_clk rise edge)    3.000     3.000 r  
    E17                                               0.000     3.000 r  clock (IN)
                         net (fo=0)                   0.000     3.000    clock
    E17                  IBUF (Prop_ibuf_I_O)         1.352     4.352 r  clock_IBUF_inst/O
                         net (fo=1, routed)           2.211     6.563    clock_IBUF
    BUFGCTRL_X0Y16       BUFG (Prop_bufg_I_O)         0.077     6.640 r  clock_IBUF_BUFG_inst/O
                         net (fo=20892, routed)       1.431     8.071    gen_stages[3].stage_inst/gen_memory.mem/mem_A_reg_0_63_3_5/WCLK
    SLICE_X68Y99         RAMD64E                                      r  gen_stages[3].stage_inst/gen_memory.mem/mem_A_reg_0_63_3_5/RAMC/CLK
                         clock pessimism              0.262     8.333    
                         clock uncertainty           -0.035     8.297    
    SLICE_X68Y99         RAMD64E (Setup_ramd64e_CLK_I)
                                                     -0.275     8.022    gen_stages[3].stage_inst/gen_memory.mem/mem_A_reg_0_63_3_5/RAMC
  -------------------------------------------------------------------
                         required time                          8.022    
                         arrival time                          -7.919    
  -------------------------------------------------------------------
                         slack                                  0.104    

Slack (MET) :             0.143ns  (required time - arrival time)
  Source:                 gen_stages[3].stage_inst/mem_counter_reg_reg[1]/C
                            (rising edge-triggered cell FDRE clocked by sys_clk  {rise@0.000ns fall@1.500ns period=3.000ns})
  Destination:            gen_stages[3].stage_inst/gen_memory.mem/mem_D_reg_64_127_30_30/DP/WADR1
                            (rising edge-triggered cell RAMD64E clocked by sys_clk  {rise@0.000ns fall@1.500ns period=3.000ns})
  Path Group:             sys_clk
  Path Type:              Setup (Max at Slow Process Corner)
  Requirement:            3.000ns  (sys_clk rise@3.000ns - sys_clk rise@0.000ns)
  Data Path Delay:        2.635ns  (logic 0.379ns (14.382%)  route 2.256ns (85.618%))
  Logic Levels:           0  
  Clock Path Skew:        -0.251ns (DCD - SCD + CPR)
    Destination Clock Delay (DCD):    4.940ns = ( 7.940 - 3.000 ) 
    Source Clock Delay      (SCD):    5.387ns
    Clock Pessimism Removal (CPR):    0.195ns
  Clock Uncertainty:      0.035ns  ((TSJ^2 + TIJ^2)^1/2 + DJ) / 2 + PE
    Total System Jitter     (TSJ):    0.071ns
    Total Input Jitter      (TIJ):    0.000ns
    Discrete Jitter          (DJ):    0.000ns
    Phase Error              (PE):    0.000ns

    Location             Delay type                Incr(ns)  Path(ns)    Netlist Resource(s)
  -------------------------------------------------------------------    -------------------
                         (clock sys_clk rise edge)    0.000     0.000 r  
    E17                                               0.000     0.000 r  clock (IN)
                         net (fo=0)                   0.000     0.000    clock
    E17                  IBUF (Prop_ibuf_I_O)         1.418     1.418 r  clock_IBUF_inst/O
                         net (fo=1, routed)           2.329     3.747    clock_IBUF
    BUFGCTRL_X0Y16       BUFG (Prop_bufg_I_O)         0.081     3.828 r  clock_IBUF_BUFG_inst/O
                         net (fo=20892, routed)       1.559     5.387    gen_stages[3].stage_inst/clock_IBUF_BUFG
    SLICE_X51Y99         FDRE                                         r  gen_stages[3].stage_inst/mem_counter_reg_reg[1]/C
  -------------------------------------------------------------------    -------------------
    SLICE_X51Y99         FDRE (Prop_fdre_C_Q)         0.379     5.766 r  gen_stages[3].stage_inst/mem_counter_reg_reg[1]/Q
                         net (fo=448, routed)         2.256     8.022    gen_stages[3].stage_inst/gen_memory.mem/mem_D_reg_64_127_30_30/A1
    SLICE_X60Y101        RAMD64E                                      r  gen_stages[3].stage_inst/gen_memory.mem/mem_D_reg_64_127_30_30/DP/WADR1
  -------------------------------------------------------------------    -------------------

                         (clock sys_clk rise edge)    3.000     3.000 r  
    E17                                               0.000     3.000 r  clock (IN)
                         net (fo=0)                   0.000     3.000    clock
    E17                  IBUF (Prop_ibuf_I_O)         1.352     4.352 r  clock_IBUF_inst/O
                         net (fo=1, routed)           2.211     6.563    clock_IBUF
    BUFGCTRL_X0Y16       BUFG (Prop_bufg_I_O)         0.077     6.640 r  clock_IBUF_BUFG_inst/O
                         net (fo=20892, routed)       1.301     7.940    gen_stages[3].stage_inst/gen_memory.mem/mem_D_reg_64_127_30_30/WCLK
    SLICE_X60Y101        RAMD64E                                      r  gen_stages[3].stage_inst/gen_memory.mem/mem_D_reg_64_127_30_30/DP/CLK
                         clock pessimism              0.195     8.135    
                         clock uncertainty           -0.035     8.100    
    SLICE_X60Y101        RAMD64E (Setup_ramd64e_CLK_WADR1)
                                                      0.065     8.165    gen_stages[3].stage_inst/gen_memory.mem/mem_D_reg_64_127_30_30/DP
  -------------------------------------------------------------------
                         required time                          8.165    
                         arrival time                          -8.022    
  -------------------------------------------------------------------
                         slack                                  0.143    

Slack (MET) :             0.143ns  (required time - arrival time)
  Source:                 gen_stages[3].stage_inst/mem_counter_reg_reg[1]/C
                            (rising edge-triggered cell FDRE clocked by sys_clk  {rise@0.000ns fall@1.500ns period=3.000ns})
  Destination:            gen_stages[3].stage_inst/gen_memory.mem/mem_D_reg_64_127_30_30/SP/WADR1
                            (rising edge-triggered cell RAMD64E clocked by sys_clk  {rise@0.000ns fall@1.500ns period=3.000ns})
  Path Group:             sys_clk
  Path Type:              Setup (Max at Slow Process Corner)
  Requirement:            3.000ns  (sys_clk rise@3.000ns - sys_clk rise@0.000ns)
  Data Path Delay:        2.635ns  (logic 0.379ns (14.382%)  route 2.256ns (85.618%))
  Logic Levels:           0  
  Clock Path Skew:        -0.251ns (DCD - SCD + CPR)
    Destination Clock Delay (DCD):    4.940ns = ( 7.940 - 3.000 ) 
    Source Clock Delay      (SCD):    5.387ns
    Clock Pessimism Removal (CPR):    0.195ns
  Clock Uncertainty:      0.035ns  ((TSJ^2 + TIJ^2)^1/2 + DJ) / 2 + PE
    Total System Jitter     (TSJ):    0.071ns
    Total Input Jitter      (TIJ):    0.000ns
    Discrete Jitter          (DJ):    0.000ns
    Phase Error              (PE):    0.000ns

    Location             Delay type                Incr(ns)  Path(ns)    Netlist Resource(s)
  -------------------------------------------------------------------    -------------------
                         (clock sys_clk rise edge)    0.000     0.000 r  
    E17                                               0.000     0.000 r  clock (IN)
                         net (fo=0)                   0.000     0.000    clock
    E17                  IBUF (Prop_ibuf_I_O)         1.418     1.418 r  clock_IBUF_inst/O
                         net (fo=1, routed)           2.329     3.747    clock_IBUF
    BUFGCTRL_X0Y16       BUFG (Prop_bufg_I_O)         0.081     3.828 r  clock_IBUF_BUFG_inst/O
                         net (fo=20892, routed)       1.559     5.387    gen_stages[3].stage_inst/clock_IBUF_BUFG
    SLICE_X51Y99         FDRE                                         r  gen_stages[3].stage_inst/mem_counter_reg_reg[1]/C
  -------------------------------------------------------------------    -------------------
    SLICE_X51Y99         FDRE (Prop_fdre_C_Q)         0.379     5.766 r  gen_stages[3].stage_inst/mem_counter_reg_reg[1]/Q
                         net (fo=448, routed)         2.256     8.022    gen_stages[3].stage_inst/gen_memory.mem/mem_D_reg_64_127_30_30/A1
    SLICE_X60Y101        RAMD64E                                      r  gen_stages[3].stage_inst/gen_memory.mem/mem_D_reg_64_127_30_30/SP/WADR1
  -------------------------------------------------------------------    -------------------

                         (clock sys_clk rise edge)    3.000     3.000 r  
    E17                                               0.000     3.000 r  clock (IN)
                         net (fo=0)                   0.000     3.000    clock
    E17                  IBUF (Prop_ibuf_I_O)         1.352     4.352 r  clock_IBUF_inst/O
                         net (fo=1, routed)           2.211     6.563    clock_IBUF
    BUFGCTRL_X0Y16       BUFG (Prop_bufg_I_O)         0.077     6.640 r  clock_IBUF_BUFG_inst/O
                         net (fo=20892, routed)       1.301     7.940    gen_stages[3].stage_inst/gen_memory.mem/mem_D_reg_64_127_30_30/WCLK
    SLICE_X60Y101        RAMD64E                                      r  gen_stages[3].stage_inst/gen_memory.mem/mem_D_reg_64_127_30_30/SP/CLK
                         clock pessimism              0.195     8.135    
                         clock uncertainty           -0.035     8.100    
    SLICE_X60Y101        RAMD64E (Setup_ramd64e_CLK_WADR1)
                                                      0.065     8.165    gen_stages[3].stage_inst/gen_memory.mem/mem_D_reg_64_127_30_30/SP
  -------------------------------------------------------------------
                         required time                          8.165    
                         arrival time                          -8.022    
  -------------------------------------------------------------------
                         slack                                  0.143    

Slack (MET) :             0.143ns  (required time - arrival time)
  Source:                 gen_stages[3].stage_inst/mem_counter_reg_reg[1]/C
                            (rising edge-triggered cell FDRE clocked by sys_clk  {rise@0.000ns fall@1.500ns period=3.000ns})
  Destination:            gen_stages[3].stage_inst/gen_memory.mem/mem_D_reg_64_127_31_31/DP/WADR1
                            (rising edge-triggered cell RAMD64E clocked by sys_clk  {rise@0.000ns fall@1.500ns period=3.000ns})
  Path Group:             sys_clk
  Path Type:              Setup (Max at Slow Process Corner)
  Requirement:            3.000ns  (sys_clk rise@3.000ns - sys_clk rise@0.000ns)
  Data Path Delay:        2.635ns  (logic 0.379ns (14.382%)  route 2.256ns (85.618%))
  Logic Levels:           0  
  Clock Path Skew:        -0.251ns (DCD - SCD + CPR)
    Destination Clock Delay (DCD):    4.940ns = ( 7.940 - 3.000 ) 
    Source Clock Delay      (SCD):    5.387ns
    Clock Pessimism Removal (CPR):    0.195ns
  Clock Uncertainty:      0.035ns  ((TSJ^2 + TIJ^2)^1/2 + DJ) / 2 + PE
    Total System Jitter     (TSJ):    0.071ns
    Total Input Jitter      (TIJ):    0.000ns
    Discrete Jitter          (DJ):    0.000ns
    Phase Error              (PE):    0.000ns

    Location             Delay type                Incr(ns)  Path(ns)    Netlist Resource(s)
  -------------------------------------------------------------------    -------------------
                         (clock sys_clk rise edge)    0.000     0.000 r  
    E17                                               0.000     0.000 r  clock (IN)
                         net (fo=0)                   0.000     0.000    clock
    E17                  IBUF (Prop_ibuf_I_O)         1.418     1.418 r  clock_IBUF_inst/O
                         net (fo=1, routed)           2.329     3.747    clock_IBUF
    BUFGCTRL_X0Y16       BUFG (Prop_bufg_I_O)         0.081     3.828 r  clock_IBUF_BUFG_inst/O
                         net (fo=20892, routed)       1.559     5.387    gen_stages[3].stage_inst/clock_IBUF_BUFG
    SLICE_X51Y99         FDRE                                         r  gen_stages[3].stage_inst/mem_counter_reg_reg[1]/C
  -------------------------------------------------------------------    -------------------
    SLICE_X51Y99         FDRE (Prop_fdre_C_Q)         0.379     5.766 r  gen_stages[3].stage_inst/mem_counter_reg_reg[1]/Q
                         net (fo=448, routed)         2.256     8.022    gen_stages[3].stage_inst/gen_memory.mem/mem_D_reg_64_127_31_31/A1
    SLICE_X60Y101        RAMD64E                                      r  gen_stages[3].stage_inst/gen_memory.mem/mem_D_reg_64_127_31_31/DP/WADR1
  -------------------------------------------------------------------    -------------------

                         (clock sys_clk rise edge)    3.000     3.000 r  
    E17                                               0.000     3.000 r  clock (IN)
                         net (fo=0)                   0.000     3.000    clock
    E17                  IBUF (Prop_ibuf_I_O)         1.352     4.352 r  clock_IBUF_inst/O
                         net (fo=1, routed)           2.211     6.563    clock_IBUF
    BUFGCTRL_X0Y16       BUFG (Prop_bufg_I_O)         0.077     6.640 r  clock_IBUF_BUFG_inst/O
                         net (fo=20892, routed)       1.301     7.940    gen_stages[3].stage_inst/gen_memory.mem/mem_D_reg_64_127_31_31/WCLK
    SLICE_X60Y101        RAMD64E                                      r  gen_stages[3].stage_inst/gen_memory.mem/mem_D_reg_64_127_31_31/DP/CLK
                         clock pessimism              0.195     8.135    
                         clock uncertainty           -0.035     8.100    
    SLICE_X60Y101        RAMD64E (Setup_ramd64e_CLK_WADR1)
                                                      0.065     8.165    gen_stages[3].stage_inst/gen_memory.mem/mem_D_reg_64_127_31_31/DP
  -------------------------------------------------------------------
                         required time                          8.165    
                         arrival time                          -8.022    
  -------------------------------------------------------------------
                         slack                                  0.143    

Slack (MET) :             0.143ns  (required time - arrival time)
  Source:                 gen_stages[3].stage_inst/mem_counter_reg_reg[1]/C
                            (rising edge-triggered cell FDRE clocked by sys_clk  {rise@0.000ns fall@1.500ns period=3.000ns})
  Destination:            gen_stages[3].stage_inst/gen_memory.mem/mem_D_reg_64_127_31_31/SP/WADR1
                            (rising edge-triggered cell RAMD64E clocked by sys_clk  {rise@0.000ns fall@1.500ns period=3.000ns})
  Path Group:             sys_clk
  Path Type:              Setup (Max at Slow Process Corner)
  Requirement:            3.000ns  (sys_clk rise@3.000ns - sys_clk rise@0.000ns)
  Data Path Delay:        2.635ns  (logic 0.379ns (14.382%)  route 2.256ns (85.618%))
  Logic Levels:           0  
  Clock Path Skew:        -0.251ns (DCD - SCD + CPR)
    Destination Clock Delay (DCD):    4.940ns = ( 7.940 - 3.000 ) 
    Source Clock Delay      (SCD):    5.387ns
    Clock Pessimism Removal (CPR):    0.195ns
  Clock Uncertainty:      0.035ns  ((TSJ^2 + TIJ^2)^1/2 + DJ) / 2 + PE
    Total System Jitter     (TSJ):    0.071ns
    Total Input Jitter      (TIJ):    0.000ns
    Discrete Jitter          (DJ):    0.000ns
    Phase Error              (PE):    0.000ns

    Location             Delay type                Incr(ns)  Path(ns)    Netlist Resource(s)
  -------------------------------------------------------------------    -------------------
                         (clock sys_clk rise edge)    0.000     0.000 r  
    E17                                               0.000     0.000 r  clock (IN)
                         net (fo=0)                   0.000     0.000    clock
    E17                  IBUF (Prop_ibuf_I_O)         1.418     1.418 r  clock_IBUF_inst/O
                         net (fo=1, routed)           2.329     3.747    clock_IBUF
    BUFGCTRL_X0Y16       BUFG (Prop_bufg_I_O)         0.081     3.828 r  clock_IBUF_BUFG_inst/O
                         net (fo=20892, routed)       1.559     5.387    gen_stages[3].stage_inst/clock_IBUF_BUFG
    SLICE_X51Y99         FDRE                                         r  gen_stages[3].stage_inst/mem_counter_reg_reg[1]/C
  -------------------------------------------------------------------    -------------------
    SLICE_X51Y99         FDRE (Prop_fdre_C_Q)         0.379     5.766 r  gen_stages[3].stage_inst/mem_counter_reg_reg[1]/Q
                         net (fo=448, routed)         2.256     8.022    gen_stages[3].stage_inst/gen_memory.mem/mem_D_reg_64_127_31_31/A1
    SLICE_X60Y101        RAMD64E                                      r  gen_stages[3].stage_inst/gen_memory.mem/mem_D_reg_64_127_31_31/SP/WADR1
  -------------------------------------------------------------------    -------------------

                         (clock sys_clk rise edge)    3.000     3.000 r  
    E17                                               0.000     3.000 r  clock (IN)
                         net (fo=0)                   0.000     3.000    clock
    E17                  IBUF (Prop_ibuf_I_O)         1.352     4.352 r  clock_IBUF_inst/O
                         net (fo=1, routed)           2.211     6.563    clock_IBUF
    BUFGCTRL_X0Y16       BUFG (Prop_bufg_I_O)         0.077     6.640 r  clock_IBUF_BUFG_inst/O
                         net (fo=20892, routed)       1.301     7.940    gen_stages[3].stage_inst/gen_memory.mem/mem_D_reg_64_127_31_31/WCLK
    SLICE_X60Y101        RAMD64E                                      r  gen_stages[3].stage_inst/gen_memory.mem/mem_D_reg_64_127_31_31/SP/CLK
                         clock pessimism              0.195     8.135    
                         clock uncertainty           -0.035     8.100    
    SLICE_X60Y101        RAMD64E (Setup_ramd64e_CLK_WADR1)
                                                      0.065     8.165    gen_stages[3].stage_inst/gen_memory.mem/mem_D_reg_64_127_31_31/SP
  -------------------------------------------------------------------
                         required time                          8.165    
                         arrival time                          -8.022    
  -------------------------------------------------------------------
                         slack                                  0.143    

Slack (MET) :             0.192ns  (required time - arrival time)
  Source:                 gen_stages[2].stage_inst/b4/pm2r/final_do_sub_reg/C
                            (rising edge-triggered cell FDRE clocked by sys_clk  {rise@0.000ns fall@1.500ns period=3.000ns})
  Destination:            gen_stages[2].stage_inst/b4/pm2r/product_reg[22]/D
                            (rising edge-triggered cell FDRE clocked by sys_clk  {rise@0.000ns fall@1.500ns period=3.000ns})
  Path Group:             sys_clk
  Path Type:              Setup (Max at Slow Process Corner)
  Requirement:            3.000ns  (sys_clk rise@3.000ns - sys_clk rise@0.000ns)
  Data Path Delay:        2.795ns  (logic 1.338ns (47.869%)  route 1.457ns (52.131%))
  Logic Levels:           5  (CARRY4=3 LUT4=1 LUT5=1)
  Clock Path Skew:        -0.036ns (DCD - SCD + CPR)
    Destination Clock Delay (DCD):    5.075ns = ( 8.075 - 3.000 ) 
    Source Clock Delay      (SCD):    5.373ns
    Clock Pessimism Removal (CPR):    0.262ns
  Clock Uncertainty:      0.035ns  ((TSJ^2 + TIJ^2)^1/2 + DJ) / 2 + PE
    Total System Jitter     (TSJ):    0.071ns
    Total Input Jitter      (TIJ):    0.000ns
    Discrete Jitter          (DJ):    0.000ns
    Phase Error              (PE):    0.000ns

    Location             Delay type                Incr(ns)  Path(ns)    Netlist Resource(s)
  -------------------------------------------------------------------    -------------------
                         (clock sys_clk rise edge)    0.000     0.000 r  
    E17                                               0.000     0.000 r  clock (IN)
                         net (fo=0)                   0.000     0.000    clock
    E17                  IBUF (Prop_ibuf_I_O)         1.418     1.418 r  clock_IBUF_inst/O
                         net (fo=1, routed)           2.329     3.747    clock_IBUF
    BUFGCTRL_X0Y16       BUFG (Prop_bufg_I_O)         0.081     3.828 r  clock_IBUF_BUFG_inst/O
                         net (fo=20892, routed)       1.545     5.373    gen_stages[2].stage_inst/b4/pm2r/clock_IBUF_BUFG
    SLICE_X66Y88         FDRE                                         r  gen_stages[2].stage_inst/b4/pm2r/final_do_sub_reg/C
  -------------------------------------------------------------------    -------------------
    SLICE_X66Y88         FDRE (Prop_fdre_C_Q)         0.433     5.806 r  gen_stages[2].stage_inst/b4/pm2r/final_do_sub_reg/Q
                         net (fo=84, routed)          0.992     6.798    gen_stages[2].stage_inst/b4/pm2r/I297[0]
    SLICE_X62Y90         LUT4 (Prop_lut4_I2_O)        0.105     6.903 r  gen_stages[2].stage_inst/b4/pm2r/product[16]_i_3__12/O
                         net (fo=2, routed)           0.465     7.368    gen_stages[2].stage_inst/b4/pm2r/product[16]_i_3__12_n_0
    SLICE_X63Y90         LUT5 (Prop_lut5_I0_O)        0.105     7.473 r  gen_stages[2].stage_inst/b4/pm2r/product[16]_i_7__12/O
                         net (fo=1, routed)           0.000     7.473    gen_stages[2].stage_inst/b4/pm2r/product[16]_i_7__12_n_0
    SLICE_X63Y90         CARRY4 (Prop_carry4_S[2]_CO[3])
                                                      0.332     7.805 r  gen_stages[2].stage_inst/b4/pm2r/product_reg[16]_i_1__12/CO[3]
                         net (fo=1, routed)           0.000     7.805    gen_stages[2].stage_inst/b4/pm2r/product_reg[16]_i_1__12_n_0
    SLICE_X63Y91         CARRY4 (Prop_carry4_CI_CO[3])
                                                      0.098     7.903 r  gen_stages[2].stage_inst/b4/pm2r/product_reg[20]_i_1__12/CO[3]
                         net (fo=1, routed)           0.000     7.903    gen_stages[2].stage_inst/b4/pm2r/product_reg[20]_i_1__12_n_0
    SLICE_X63Y92         CARRY4 (Prop_carry4_CI_O[1])
                                                      0.265     8.168 r  gen_stages[2].stage_inst/b4/pm2r/product_reg[22]_i_1__21/O[1]
                         net (fo=1, routed)           0.000     8.168    gen_stages[2].stage_inst/b4/pm2r/product_reg[22]_i_1__21_n_6
    SLICE_X63Y92         FDRE                                         r  gen_stages[2].stage_inst/b4/pm2r/product_reg[22]/D
  -------------------------------------------------------------------    -------------------

                         (clock sys_clk rise edge)    3.000     3.000 r  
    E17                                               0.000     3.000 r  clock (IN)
                         net (fo=0)                   0.000     3.000    clock
    E17                  IBUF (Prop_ibuf_I_O)         1.352     4.352 r  clock_IBUF_inst/O
                         net (fo=1, routed)           2.211     6.563    clock_IBUF
    BUFGCTRL_X0Y16       BUFG (Prop_bufg_I_O)         0.077     6.640 r  clock_IBUF_BUFG_inst/O
                         net (fo=20892, routed)       1.435     8.075    gen_stages[2].stage_inst/b4/pm2r/clock_IBUF_BUFG
    SLICE_X63Y92         FDRE                                         r  gen_stages[2].stage_inst/b4/pm2r/product_reg[22]/C
                         clock pessimism              0.262     8.337    
                         clock uncertainty           -0.035     8.301    
    SLICE_X63Y92         FDRE (Setup_fdre_C_D)        0.059     8.360    gen_stages[2].stage_inst/b4/pm2r/product_reg[22]
  -------------------------------------------------------------------
                         required time                          8.360    
                         arrival time                          -8.168    
  -------------------------------------------------------------------
                         slack                                  0.192    

Slack (MET) :             0.195ns  (required time - arrival time)
  Source:                 gen_stages[3].stage_inst/stride_segment_counter_reg_reg[5]/C
                            (rising edge-triggered cell FDRE clocked by sys_clk  {rise@0.000ns fall@1.500ns period=3.000ns})
  Destination:            gen_stages[3].stage_inst/gen_memory.mem/mem_C_reg_64_127_21_23/RAMA/I
                            (rising edge-triggered cell RAMD64E clocked by sys_clk  {rise@0.000ns fall@1.500ns period=3.000ns})
  Path Group:             sys_clk
  Path Type:              Setup (Max at Slow Process Corner)
  Requirement:            3.000ns  (sys_clk rise@3.000ns - sys_clk rise@0.000ns)
  Data Path Delay:        2.235ns  (logic 0.484ns (21.651%)  route 1.751ns (78.349%))
  Logic Levels:           1  (LUT6=1)
  Clock Path Skew:        -0.264ns (DCD - SCD + CPR)
    Destination Clock Delay (DCD):    4.925ns = ( 7.925 - 3.000 ) 
    Source Clock Delay      (SCD):    5.385ns
    Clock Pessimism Removal (CPR):    0.195ns
  Clock Uncertainty:      0.035ns  ((TSJ^2 + TIJ^2)^1/2 + DJ) / 2 + PE
    Total System Jitter     (TSJ):    0.071ns
    Total Input Jitter      (TIJ):    0.000ns
    Discrete Jitter          (DJ):    0.000ns
    Phase Error              (PE):    0.000ns

    Location             Delay type                Incr(ns)  Path(ns)    Netlist Resource(s)
  -------------------------------------------------------------------    -------------------
                         (clock sys_clk rise edge)    0.000     0.000 r  
    E17                                               0.000     0.000 r  clock (IN)
                         net (fo=0)                   0.000     0.000    clock
    E17                  IBUF (Prop_ibuf_I_O)         1.418     1.418 r  clock_IBUF_inst/O
                         net (fo=1, routed)           2.329     3.747    clock_IBUF
    BUFGCTRL_X0Y16       BUFG (Prop_bufg_I_O)         0.081     3.828 r  clock_IBUF_BUFG_inst/O
                         net (fo=20892, routed)       1.557     5.385    gen_stages[3].stage_inst/clock_IBUF_BUFG
    SLICE_X61Y99         FDRE                                         r  gen_stages[3].stage_inst/stride_segment_counter_reg_reg[5]/C
  -------------------------------------------------------------------    -------------------
    SLICE_X61Y99         FDRE (Prop_fdre_C_Q)         0.379     5.764 r  gen_stages[3].stage_inst/stride_segment_counter_reg_reg[5]/Q
                         net (fo=128, routed)         1.336     7.099    gen_stages[3].stage_inst/gen_memory.mem/mem_C_reg_64_127_0_2_0[1]
    SLICE_X77Y100        LUT6 (Prop_lut6_I2_O)        0.105     7.204 r  gen_stages[3].stage_inst/gen_memory.mem/mem_C_reg_0_63_21_23_i_1/O
                         net (fo=2, routed)           0.416     7.620    gen_stages[3].stage_inst/gen_memory.mem/mem_C_reg_64_127_21_23/DIA
    SLICE_X76Y102        RAMD64E                                      r  gen_stages[3].stage_inst/gen_memory.mem/mem_C_reg_64_127_21_23/RAMA/I
  -------------------------------------------------------------------    -------------------

                         (clock sys_clk rise edge)    3.000     3.000 r  
    E17                                               0.000     3.000 r  clock (IN)
                         net (fo=0)                   0.000     3.000    clock
    E17                  IBUF (Prop_ibuf_I_O)         1.352     4.352 r  clock_IBUF_inst/O
                         net (fo=1, routed)           2.211     6.563    clock_IBUF
    BUFGCTRL_X0Y16       BUFG (Prop_bufg_I_O)         0.077     6.640 r  clock_IBUF_BUFG_inst/O
                         net (fo=20892, routed)       1.286     7.925    gen_stages[3].stage_inst/gen_memory.mem/mem_C_reg_64_127_21_23/WCLK
    SLICE_X76Y102        RAMD64E                                      r  gen_stages[3].stage_inst/gen_memory.mem/mem_C_reg_64_127_21_23/RAMA/CLK
                         clock pessimism              0.195     8.120    
                         clock uncertainty           -0.035     8.085    
    SLICE_X76Y102        RAMD64E (Setup_ramd64e_CLK_I)
                                                     -0.270     7.815    gen_stages[3].stage_inst/gen_memory.mem/mem_C_reg_64_127_21_23/RAMA
  -------------------------------------------------------------------
                         required time                          7.815    
                         arrival time                          -7.620    
  -------------------------------------------------------------------
                         slack                                  0.195    

Slack (MET) :             0.211ns  (required time - arrival time)
  Source:                 gen_stages[3].stage_inst/stride_segment_counter_reg_reg[5]/C
                            (rising edge-triggered cell FDRE clocked by sys_clk  {rise@0.000ns fall@1.500ns period=3.000ns})
  Destination:            gen_stages[3].stage_inst/gen_memory.mem/mem_D_reg_64_127_21_23/RAMC/I
                            (rising edge-triggered cell RAMD64E clocked by sys_clk  {rise@0.000ns fall@1.500ns period=3.000ns})
  Path Group:             sys_clk
  Path Type:              Setup (Max at Slow Process Corner)
  Requirement:            3.000ns  (sys_clk rise@3.000ns - sys_clk rise@0.000ns)
  Data Path Delay:        2.218ns  (logic 0.484ns (21.825%)  route 1.734ns (78.175%))
  Logic Levels:           1  (LUT6=1)
  Clock Path Skew:        -0.261ns (DCD - SCD + CPR)
    Destination Clock Delay (DCD):    4.928ns = ( 7.928 - 3.000 ) 
    Source Clock Delay      (SCD):    5.385ns
    Clock Pessimism Removal (CPR):    0.195ns
  Clock Uncertainty:      0.035ns  ((TSJ^2 + TIJ^2)^1/2 + DJ) / 2 + PE
    Total System Jitter     (TSJ):    0.071ns
    Total Input Jitter      (TIJ):    0.000ns
    Discrete Jitter          (DJ):    0.000ns
    Phase Error              (PE):    0.000ns

    Location             Delay type                Incr(ns)  Path(ns)    Netlist Resource(s)
  -------------------------------------------------------------------    -------------------
                         (clock sys_clk rise edge)    0.000     0.000 r  
    E17                                               0.000     0.000 r  clock (IN)
                         net (fo=0)                   0.000     0.000    clock
    E17                  IBUF (Prop_ibuf_I_O)         1.418     1.418 r  clock_IBUF_inst/O
                         net (fo=1, routed)           2.329     3.747    clock_IBUF
    BUFGCTRL_X0Y16       BUFG (Prop_bufg_I_O)         0.081     3.828 r  clock_IBUF_BUFG_inst/O
                         net (fo=20892, routed)       1.557     5.385    gen_stages[3].stage_inst/clock_IBUF_BUFG
    SLICE_X61Y99         FDRE                                         r  gen_stages[3].stage_inst/stride_segment_counter_reg_reg[5]/C
  -------------------------------------------------------------------    -------------------
    SLICE_X61Y99         FDRE (Prop_fdre_C_Q)         0.379     5.764 r  gen_stages[3].stage_inst/stride_segment_counter_reg_reg[5]/Q
                         net (fo=128, routed)         1.159     6.922    gen_stages[3].stage_inst/gen_memory.mem/mem_C_reg_64_127_0_2_0[1]
    SLICE_X73Y101        LUT6 (Prop_lut6_I2_O)        0.105     7.027 r  gen_stages[3].stage_inst/gen_memory.mem/mem_D_reg_0_63_21_23_i_3/O
                         net (fo=2, routed)           0.575     7.602    gen_stages[3].stage_inst/gen_memory.mem/mem_D_reg_64_127_21_23/DIC
    SLICE_X74Y105        RAMD64E                                      r  gen_stages[3].stage_inst/gen_memory.mem/mem_D_reg_64_127_21_23/RAMC/I
  -------------------------------------------------------------------    -------------------

                         (clock sys_clk rise edge)    3.000     3.000 r  
    E17                                               0.000     3.000 r  clock (IN)
                         net (fo=0)                   0.000     3.000    clock
    E17                  IBUF (Prop_ibuf_I_O)         1.352     4.352 r  clock_IBUF_inst/O
                         net (fo=1, routed)           2.211     6.563    clock_IBUF
    BUFGCTRL_X0Y16       BUFG (Prop_bufg_I_O)         0.077     6.640 r  clock_IBUF_BUFG_inst/O
                         net (fo=20892, routed)       1.289     7.928    gen_stages[3].stage_inst/gen_memory.mem/mem_D_reg_64_127_21_23/WCLK
    SLICE_X74Y105        RAMD64E                                      r  gen_stages[3].stage_inst/gen_memory.mem/mem_D_reg_64_127_21_23/RAMC/CLK
                         clock pessimism              0.195     8.123    
                         clock uncertainty           -0.035     8.088    
    SLICE_X74Y105        RAMD64E (Setup_ramd64e_CLK_I)
                                                     -0.275     7.813    gen_stages[3].stage_inst/gen_memory.mem/mem_D_reg_64_127_21_23/RAMC
  -------------------------------------------------------------------
                         required time                          7.813    
                         arrival time                          -7.602    
  -------------------------------------------------------------------
                         slack                                  0.211    

Slack (MET) :             0.231ns  (required time - arrival time)
  Source:                 gen_stages[3].stage_inst/stride_segment_counter_reg_reg[5]/C
                            (rising edge-triggered cell FDRE clocked by sys_clk  {rise@0.000ns fall@1.500ns period=3.000ns})
  Destination:            gen_stages[3].stage_inst/gen_memory.mem/mem_C_reg_0_63_21_23/RAMA/I
                            (rising edge-triggered cell RAMD64E clocked by sys_clk  {rise@0.000ns fall@1.500ns period=3.000ns})
  Path Group:             sys_clk
  Path Type:              Setup (Max at Slow Process Corner)
  Requirement:            3.000ns  (sys_clk rise@3.000ns - sys_clk rise@0.000ns)
  Data Path Delay:        2.200ns  (logic 0.484ns (22.003%)  route 1.716ns (77.997%))
  Logic Levels:           1  (LUT6=1)
  Clock Path Skew:        -0.264ns (DCD - SCD + CPR)
    Destination Clock Delay (DCD):    4.925ns = ( 7.925 - 3.000 ) 
    Source Clock Delay      (SCD):    5.385ns
    Clock Pessimism Removal (CPR):    0.195ns
  Clock Uncertainty:      0.035ns  ((TSJ^2 + TIJ^2)^1/2 + DJ) / 2 + PE
    Total System Jitter     (TSJ):    0.071ns
    Total Input Jitter      (TIJ):    0.000ns
    Discrete Jitter          (DJ):    0.000ns
    Phase Error              (PE):    0.000ns

    Location             Delay type                Incr(ns)  Path(ns)    Netlist Resource(s)
  -------------------------------------------------------------------    -------------------
                         (clock sys_clk rise edge)    0.000     0.000 r  
    E17                                               0.000     0.000 r  clock (IN)
                         net (fo=0)                   0.000     0.000    clock
    E17                  IBUF (Prop_ibuf_I_O)         1.418     1.418 r  clock_IBUF_inst/O
                         net (fo=1, routed)           2.329     3.747    clock_IBUF
    BUFGCTRL_X0Y16       BUFG (Prop_bufg_I_O)         0.081     3.828 r  clock_IBUF_BUFG_inst/O
                         net (fo=20892, routed)       1.557     5.385    gen_stages[3].stage_inst/clock_IBUF_BUFG
    SLICE_X61Y99         FDRE                                         r  gen_stages[3].stage_inst/stride_segment_counter_reg_reg[5]/C
  -------------------------------------------------------------------    -------------------
    SLICE_X61Y99         FDRE (Prop_fdre_C_Q)         0.379     5.764 r  gen_stages[3].stage_inst/stride_segment_counter_reg_reg[5]/Q
                         net (fo=128, routed)         1.336     7.099    gen_stages[3].stage_inst/gen_memory.mem/mem_C_reg_64_127_0_2_0[1]
    SLICE_X77Y100        LUT6 (Prop_lut6_I2_O)        0.105     7.204 r  gen_stages[3].stage_inst/gen_memory.mem/mem_C_reg_0_63_21_23_i_1/O
                         net (fo=2, routed)           0.380     7.584    gen_stages[3].stage_inst/gen_memory.mem/mem_C_reg_0_63_21_23/DIA
    SLICE_X76Y103        RAMD64E                                      r  gen_stages[3].stage_inst/gen_memory.mem/mem_C_reg_0_63_21_23/RAMA/I
  -------------------------------------------------------------------    -------------------

                         (clock sys_clk rise edge)    3.000     3.000 r  
    E17                                               0.000     3.000 r  clock (IN)
                         net (fo=0)                   0.000     3.000    clock
    E17                  IBUF (Prop_ibuf_I_O)         1.352     4.352 r  clock_IBUF_inst/O
                         net (fo=1, routed)           2.211     6.563    clock_IBUF
    BUFGCTRL_X0Y16       BUFG (Prop_bufg_I_O)         0.077     6.640 r  clock_IBUF_BUFG_inst/O
                         net (fo=20892, routed)       1.286     7.925    gen_stages[3].stage_inst/gen_memory.mem/mem_C_reg_0_63_21_23/WCLK
    SLICE_X76Y103        RAMD64E                                      r  gen_stages[3].stage_inst/gen_memory.mem/mem_C_reg_0_63_21_23/RAMA/CLK
                         clock pessimism              0.195     8.120    
                         clock uncertainty           -0.035     8.085    
    SLICE_X76Y103        RAMD64E (Setup_ramd64e_CLK_I)
                                                     -0.270     7.815    gen_stages[3].stage_inst/gen_memory.mem/mem_C_reg_0_63_21_23/RAMA
  -------------------------------------------------------------------
                         required time                          7.815    
                         arrival time                          -7.584    
  -------------------------------------------------------------------
                         slack                                  0.231    

Slack (MET) :             0.234ns  (required time - arrival time)
  Source:                 gen_stages[3].stage_inst/mem_counter_reg_reg[0]/C
                            (rising edge-triggered cell FDRE clocked by sys_clk  {rise@0.000ns fall@1.500ns period=3.000ns})
  Destination:            gen_stages[3].stage_inst/gen_memory.mem/mem_B_reg_0_63_27_29/RAMA/WADR0
                            (rising edge-triggered cell RAMD64E clocked by sys_clk  {rise@0.000ns fall@1.500ns period=3.000ns})
  Path Group:             sys_clk
  Path Type:              Setup (Max at Slow Process Corner)
  Requirement:            3.000ns  (sys_clk rise@3.000ns - sys_clk rise@0.000ns)
  Data Path Delay:        2.543ns  (logic 0.379ns (14.902%)  route 2.164ns (85.098%))
  Logic Levels:           0  
  Clock Path Skew:        -0.249ns (DCD - SCD + CPR)
    Destination Clock Delay (DCD):    4.942ns = ( 7.942 - 3.000 ) 
    Source Clock Delay      (SCD):    5.387ns
    Clock Pessimism Removal (CPR):    0.195ns
  Clock Uncertainty:      0.035ns  ((TSJ^2 + TIJ^2)^1/2 + DJ) / 2 + PE
    Total System Jitter     (TSJ):    0.071ns
    Total Input Jitter      (TIJ):    0.000ns
    Discrete Jitter          (DJ):    0.000ns
    Phase Error              (PE):    0.000ns

    Location             Delay type                Incr(ns)  Path(ns)    Netlist Resource(s)
  -------------------------------------------------------------------    -------------------
                         (clock sys_clk rise edge)    0.000     0.000 r  
    E17                                               0.000     0.000 r  clock (IN)
                         net (fo=0)                   0.000     0.000    clock
    E17                  IBUF (Prop_ibuf_I_O)         1.418     1.418 r  clock_IBUF_inst/O
                         net (fo=1, routed)           2.329     3.747    clock_IBUF
    BUFGCTRL_X0Y16       BUFG (Prop_bufg_I_O)         0.081     3.828 r  clock_IBUF_BUFG_inst/O
                         net (fo=20892, routed)       1.559     5.387    gen_stages[3].stage_inst/clock_IBUF_BUFG
    SLICE_X51Y99         FDRE                                         r  gen_stages[3].stage_inst/mem_counter_reg_reg[0]/C
  -------------------------------------------------------------------    -------------------
    SLICE_X51Y99         FDRE (Prop_fdre_C_Q)         0.379     5.766 r  gen_stages[3].stage_inst/mem_counter_reg_reg[0]/Q
                         net (fo=448, routed)         2.164     7.930    gen_stages[3].stage_inst/gen_memory.mem/mem_B_reg_0_63_27_29/ADDRD0
    SLICE_X56Y104        RAMD64E                                      r  gen_stages[3].stage_inst/gen_memory.mem/mem_B_reg_0_63_27_29/RAMA/WADR0
  -------------------------------------------------------------------    -------------------

                         (clock sys_clk rise edge)    3.000     3.000 r  
    E17                                               0.000     3.000 r  clock (IN)
                         net (fo=0)                   0.000     3.000    clock
    E17                  IBUF (Prop_ibuf_I_O)         1.352     4.352 r  clock_IBUF_inst/O
                         net (fo=1, routed)           2.211     6.563    clock_IBUF
    BUFGCTRL_X0Y16       BUFG (Prop_bufg_I_O)         0.077     6.640 r  clock_IBUF_BUFG_inst/O
                         net (fo=20892, routed)       1.303     7.942    gen_stages[3].stage_inst/gen_memory.mem/mem_B_reg_0_63_27_29/WCLK
    SLICE_X56Y104        RAMD64E                                      r  gen_stages[3].stage_inst/gen_memory.mem/mem_B_reg_0_63_27_29/RAMA/CLK
                         clock pessimism              0.195     8.137    
                         clock uncertainty           -0.035     8.102    
    SLICE_X56Y104        RAMD64E (Setup_ramd64e_CLK_WADR0)
                                                      0.062     8.164    gen_stages[3].stage_inst/gen_memory.mem/mem_B_reg_0_63_27_29/RAMA
  -------------------------------------------------------------------
                         required time                          8.164    
                         arrival time                          -7.930    
  -------------------------------------------------------------------
                         slack                                  0.234    





Min Delay Paths
--------------------------------------------------------------------------------------
Slack (MET) :             0.041ns  (arrival time - required time)
  Source:                 gen_stages[0].stage_inst/b4/pm1r/sum_pipe_reg[0][0]/C
                            (rising edge-triggered cell FDRE clocked by sys_clk  {rise@0.000ns fall@1.500ns period=3.000ns})
  Destination:            gen_stages[0].stage_inst/b4/pm1r/sum_pipe_reg[5][0]_srl5___gen_stages_r_3/D
                            (rising edge-triggered cell SRL16E clocked by sys_clk  {rise@0.000ns fall@1.500ns period=3.000ns})
  Path Group:             sys_clk
  Path Type:              Hold (Min at Fast Process Corner)
  Requirement:            0.000ns  (sys_clk rise@0.000ns - sys_clk rise@0.000ns)
  Data Path Delay:        0.240ns  (logic 0.141ns (58.643%)  route 0.099ns (41.357%))
  Logic Levels:           0  
  Clock Path Skew:        0.016ns (DCD - SCD - CPR)
    Destination Clock Delay (DCD):    2.415ns
    Source Clock Delay      (SCD):    1.871ns
    Clock Pessimism Removal (CPR):    0.527ns

    Location             Delay type                Incr(ns)  Path(ns)    Netlist Resource(s)
  -------------------------------------------------------------------    -------------------
                         (clock sys_clk rise edge)    0.000     0.000 r  
    E17                                               0.000     0.000 r  clock (IN)
                         net (fo=0)                   0.000     0.000    clock
    E17                  IBUF (Prop_ibuf_I_O)         0.255     0.255 r  clock_IBUF_inst/O
                         net (fo=1, routed)           0.936     1.190    clock_IBUF
    BUFGCTRL_X0Y16       BUFG (Prop_bufg_I_O)         0.026     1.216 r  clock_IBUF_BUFG_inst/O
                         net (fo=20892, routed)       0.655     1.871    gen_stages[0].stage_inst/b4/pm1r/clock_IBUF_BUFG
    SLICE_X49Y52         FDRE                                         r  gen_stages[0].stage_inst/b4/pm1r/sum_pipe_reg[0][0]/C
  -------------------------------------------------------------------    -------------------
    SLICE_X49Y52         FDRE (Prop_fdre_C_Q)         0.141     2.012 r  gen_stages[0].stage_inst/b4/pm1r/sum_pipe_reg[0][0]/Q
                         net (fo=1, routed)           0.099     2.112    gen_stages[0].stage_inst/b4/pm1r/sum_pipe_reg_n_0_[0][0]
    SLICE_X46Y52         SRL16E                                       r  gen_stages[0].stage_inst/b4/pm1r/sum_pipe_reg[5][0]_srl5___gen_stages_r_3/D
  -------------------------------------------------------------------    -------------------

                         (clock sys_clk rise edge)    0.000     0.000 r  
    E17                                               0.000     0.000 r  clock (IN)
                         net (fo=0)                   0.000     0.000    clock
    E17                  IBUF (Prop_ibuf_I_O)         0.442     0.442 r  clock_IBUF_inst/O
                         net (fo=1, routed)           1.015     1.457    clock_IBUF
    BUFGCTRL_X0Y16       BUFG (Prop_bufg_I_O)         0.029     1.486 r  clock_IBUF_BUFG_inst/O
                         net (fo=20892, routed)       0.929     2.415    gen_stages[0].stage_inst/b4/pm1r/clock_IBUF_BUFG
    SLICE_X46Y52         SRL16E                                       r  gen_stages[0].stage_inst/b4/pm1r/sum_pipe_reg[5][0]_srl5___gen_stages_r_3/CLK
                         clock pessimism             -0.527     1.887    
    SLICE_X46Y52         SRL16E (Hold_srl16e_CLK_D)
                                                      0.183     2.070    gen_stages[0].stage_inst/b4/pm1r/sum_pipe_reg[5][0]_srl5___gen_stages_r_3
  -------------------------------------------------------------------
                         required time                         -2.070    
                         arrival time                           2.112    
  -------------------------------------------------------------------
                         slack                                  0.041    

Slack (MET) :             0.047ns  (arrival time - required time)
  Source:                 gen_stages[2].stage_inst/output_imag_2_reg[14]/C
                            (rising edge-triggered cell FDRE clocked by sys_clk  {rise@0.000ns fall@1.500ns period=3.000ns})
  Destination:            gen_stages[3].stage_inst/input_imag_2_r_reg[14]/D
                            (rising edge-triggered cell FDRE clocked by sys_clk  {rise@0.000ns fall@1.500ns period=3.000ns})
  Path Group:             sys_clk
  Path Type:              Hold (Min at Fast Process Corner)
  Requirement:            0.000ns  (sys_clk rise@0.000ns - sys_clk rise@0.000ns)
  Data Path Delay:        0.316ns  (logic 0.141ns (44.690%)  route 0.175ns (55.310%))
  Logic Levels:           0  
  Clock Path Skew:        0.198ns (DCD - SCD - CPR)
    Destination Clock Delay (DCD):    2.345ns
    Source Clock Delay      (SCD):    1.871ns
    Clock Pessimism Removal (CPR):    0.275ns

    Location             Delay type                Incr(ns)  Path(ns)    Netlist Resource(s)
  -------------------------------------------------------------------    -------------------
                         (clock sys_clk rise edge)    0.000     0.000 r  
    E17                                               0.000     0.000 r  clock (IN)
                         net (fo=0)                   0.000     0.000    clock
    E17                  IBUF (Prop_ibuf_I_O)         0.255     0.255 r  clock_IBUF_inst/O
                         net (fo=1, routed)           0.936     1.190    clock_IBUF
    BUFGCTRL_X0Y16       BUFG (Prop_bufg_I_O)         0.026     1.216 r  clock_IBUF_BUFG_inst/O
                         net (fo=20892, routed)       0.655     1.871    gen_stages[2].stage_inst/clock_IBUF_BUFG
    SLICE_X51Y99         FDRE                                         r  gen_stages[2].stage_inst/output_imag_2_reg[14]/C
  -------------------------------------------------------------------    -------------------
    SLICE_X51Y99         FDRE (Prop_fdre_C_Q)         0.141     2.012 r  gen_stages[2].stage_inst/output_imag_2_reg[14]/Q
                         net (fo=1, routed)           0.175     2.187    gen_stages[3].stage_inst/input_imag_2_r_reg[15]_0[14]
    SLICE_X51Y100        FDRE                                         r  gen_stages[3].stage_inst/input_imag_2_r_reg[14]/D
  -------------------------------------------------------------------    -------------------

                         (clock sys_clk rise edge)    0.000     0.000 r  
    E17                                               0.000     0.000 r  clock (IN)
                         net (fo=0)                   0.000     0.000    clock
    E17                  IBUF (Prop_ibuf_I_O)         0.442     0.442 r  clock_IBUF_inst/O
                         net (fo=1, routed)           1.015     1.457    clock_IBUF
    BUFGCTRL_X0Y16       BUFG (Prop_bufg_I_O)         0.029     1.486 r  clock_IBUF_BUFG_inst/O
                         net (fo=20892, routed)       0.859     2.345    gen_stages[3].stage_inst/clock_IBUF_BUFG
    SLICE_X51Y100        FDRE                                         r  gen_stages[3].stage_inst/input_imag_2_r_reg[14]/C
                         clock pessimism             -0.275     2.070    
    SLICE_X51Y100        FDRE (Hold_fdre_C_D)         0.070     2.140    gen_stages[3].stage_inst/input_imag_2_r_reg[14]
  -------------------------------------------------------------------
                         required time                         -2.140    
                         arrival time                           2.187    
  -------------------------------------------------------------------
                         slack                                  0.047    

Slack (MET) :             0.053ns  (arrival time - required time)
  Source:                 gen_stages[3].stage_inst/b4/pm2r_2/sum_pipe_reg[0][0]/C
                            (rising edge-triggered cell FDRE clocked by sys_clk  {rise@0.000ns fall@1.500ns period=3.000ns})
  Destination:            gen_stages[3].stage_inst/b4/pm2r_2/sum_pipe_reg[5][0]_srl5___gen_stages_r_3/D
                            (rising edge-triggered cell SRL16E clocked by sys_clk  {rise@0.000ns fall@1.500ns period=3.000ns})
  Path Group:             sys_clk
  Path Type:              Hold (Min at Fast Process Corner)
  Requirement:            0.000ns  (sys_clk rise@0.000ns - sys_clk rise@0.000ns)
  Data Path Delay:        0.249ns  (logic 0.141ns (56.528%)  route 0.108ns (43.472%))
  Logic Levels:           0  
  Clock Path Skew:        0.013ns (DCD - SCD - CPR)
    Destination Clock Delay (DCD):    2.343ns
    Source Clock Delay      (SCD):    1.803ns
    Clock Pessimism Removal (CPR):    0.527ns

    Location             Delay type                Incr(ns)  Path(ns)    Netlist Resource(s)
  -------------------------------------------------------------------    -------------------
                         (clock sys_clk rise edge)    0.000     0.000 r  
    E17                                               0.000     0.000 r  clock (IN)
                         net (fo=0)                   0.000     0.000    clock
    E17                  IBUF (Prop_ibuf_I_O)         0.255     0.255 r  clock_IBUF_inst/O
                         net (fo=1, routed)           0.936     1.190    clock_IBUF
    BUFGCTRL_X0Y16       BUFG (Prop_bufg_I_O)         0.026     1.216 r  clock_IBUF_BUFG_inst/O
                         net (fo=20892, routed)       0.587     1.803    gen_stages[3].stage_inst/b4/pm2r_2/clock_IBUF_BUFG
    SLICE_X53Y108        FDRE                                         r  gen_stages[3].stage_inst/b4/pm2r_2/sum_pipe_reg[0][0]/C
  -------------------------------------------------------------------    -------------------
    SLICE_X53Y108        FDRE (Prop_fdre_C_Q)         0.141     1.944 r  gen_stages[3].stage_inst/b4/pm2r_2/sum_pipe_reg[0][0]/Q
                         net (fo=1, routed)           0.108     2.052    gen_stages[3].stage_inst/b4/pm2r_2/sum_pipe_reg_n_0_[0][0]
    SLICE_X52Y108        SRL16E                                       r  gen_stages[3].stage_inst/b4/pm2r_2/sum_pipe_reg[5][0]_srl5___gen_stages_r_3/D
  -------------------------------------------------------------------    -------------------

                         (clock sys_clk rise edge)    0.000     0.000 r  
    E17                                               0.000     0.000 r  clock (IN)
                         net (fo=0)                   0.000     0.000    clock
    E17                  IBUF (Prop_ibuf_I_O)         0.442     0.442 r  clock_IBUF_inst/O
                         net (fo=1, routed)           1.015     1.457    clock_IBUF
    BUFGCTRL_X0Y16       BUFG (Prop_bufg_I_O)         0.029     1.486 r  clock_IBUF_BUFG_inst/O
                         net (fo=20892, routed)       0.857     2.343    gen_stages[3].stage_inst/b4/pm2r_2/clock_IBUF_BUFG
    SLICE_X52Y108        SRL16E                                       r  gen_stages[3].stage_inst/b4/pm2r_2/sum_pipe_reg[5][0]_srl5___gen_stages_r_3/CLK
                         clock pessimism             -0.527     1.816    
    SLICE_X52Y108        SRL16E (Hold_srl16e_CLK_D)
                                                      0.183     1.999    gen_stages[3].stage_inst/b4/pm2r_2/sum_pipe_reg[5][0]_srl5___gen_stages_r_3
  -------------------------------------------------------------------
                         required time                         -1.999    
                         arrival time                           2.052    
  -------------------------------------------------------------------
                         slack                                  0.053    

Slack (MET) :             0.061ns  (arrival time - required time)
  Source:                 gen_stages[3].stage_inst/mem_counter_reg_reg[1]/C
                            (rising edge-triggered cell FDRE clocked by sys_clk  {rise@0.000ns fall@1.500ns period=3.000ns})
  Destination:            gen_stages[3].stage_inst/gen_memory.mem/mem_B_reg_0_63_9_11/RAMA/WADR1
                            (rising edge-triggered cell RAMD64E clocked by sys_clk  {rise@0.000ns fall@1.500ns period=3.000ns})
  Path Group:             sys_clk
  Path Type:              Hold (Min at Fast Process Corner)
  Requirement:            0.000ns  (sys_clk rise@0.000ns - sys_clk rise@0.000ns)
  Data Path Delay:        0.386ns  (logic 0.141ns (36.573%)  route 0.245ns (63.427%))
  Logic Levels:           0  
  Clock Path Skew:        0.016ns (DCD - SCD - CPR)
    Destination Clock Delay (DCD):    2.415ns
    Source Clock Delay      (SCD):    1.871ns
    Clock Pessimism Removal (CPR):    0.527ns

    Location             Delay type                Incr(ns)  Path(ns)    Netlist Resource(s)
  -------------------------------------------------------------------    -------------------
                         (clock sys_clk rise edge)    0.000     0.000 r  
    E17                                               0.000     0.000 r  clock (IN)
                         net (fo=0)                   0.000     0.000    clock
    E17                  IBUF (Prop_ibuf_I_O)         0.255     0.255 r  clock_IBUF_inst/O
                         net (fo=1, routed)           0.936     1.190    clock_IBUF
    BUFGCTRL_X0Y16       BUFG (Prop_bufg_I_O)         0.026     1.216 r  clock_IBUF_BUFG_inst/O
                         net (fo=20892, routed)       0.655     1.871    gen_stages[3].stage_inst/clock_IBUF_BUFG
    SLICE_X51Y99         FDRE                                         r  gen_stages[3].stage_inst/mem_counter_reg_reg[1]/C
  -------------------------------------------------------------------    -------------------
    SLICE_X51Y99         FDRE (Prop_fdre_C_Q)         0.141     2.012 r  gen_stages[3].stage_inst/mem_counter_reg_reg[1]/Q
                         net (fo=448, routed)         0.245     2.257    gen_stages[3].stage_inst/gen_memory.mem/mem_B_reg_0_63_9_11/ADDRD1
    SLICE_X52Y98         RAMD64E                                      r  gen_stages[3].stage_inst/gen_memory.mem/mem_B_reg_0_63_9_11/RAMA/WADR1
  -------------------------------------------------------------------    -------------------

                         (clock sys_clk rise edge)    0.000     0.000 r  
    E17                                               0.000     0.000 r  clock (IN)
                         net (fo=0)                   0.000     0.000    clock
    E17                  IBUF (Prop_ibuf_I_O)         0.442     0.442 r  clock_IBUF_inst/O
                         net (fo=1, routed)           1.015     1.457    clock_IBUF
    BUFGCTRL_X0Y16       BUFG (Prop_bufg_I_O)         0.029     1.486 r  clock_IBUF_BUFG_inst/O
                         net (fo=20892, routed)       0.929     2.415    gen_stages[3].stage_inst/gen_memory.mem/mem_B_reg_0_63_9_11/WCLK
    SLICE_X52Y98         RAMD64E                                      r  gen_stages[3].stage_inst/gen_memory.mem/mem_B_reg_0_63_9_11/RAMA/CLK
                         clock pessimism             -0.527     1.887    
    SLICE_X52Y98         RAMD64E (Hold_ramd64e_CLK_WADR1)
                                                      0.309     2.196    gen_stages[3].stage_inst/gen_memory.mem/mem_B_reg_0_63_9_11/RAMA
  -------------------------------------------------------------------
                         required time                         -2.196    
                         arrival time                           2.257    
  -------------------------------------------------------------------
                         slack                                  0.061    

Slack (MET) :             0.061ns  (arrival time - required time)
  Source:                 gen_stages[3].stage_inst/mem_counter_reg_reg[1]/C
                            (rising edge-triggered cell FDRE clocked by sys_clk  {rise@0.000ns fall@1.500ns period=3.000ns})
  Destination:            gen_stages[3].stage_inst/gen_memory.mem/mem_B_reg_0_63_9_11/RAMB/WADR1
                            (rising edge-triggered cell RAMD64E clocked by sys_clk  {rise@0.000ns fall@1.500ns period=3.000ns})
  Path Group:             sys_clk
  Path Type:              Hold (Min at Fast Process Corner)
  Requirement:            0.000ns  (sys_clk rise@0.000ns - sys_clk rise@0.000ns)
  Data Path Delay:        0.386ns  (logic 0.141ns (36.573%)  route 0.245ns (63.427%))
  Logic Levels:           0  
  Clock Path Skew:        0.016ns (DCD - SCD - CPR)
    Destination Clock Delay (DCD):    2.415ns
    Source Clock Delay      (SCD):    1.871ns
    Clock Pessimism Removal (CPR):    0.527ns

    Location             Delay type                Incr(ns)  Path(ns)    Netlist Resource(s)
  -------------------------------------------------------------------    -------------------
                         (clock sys_clk rise edge)    0.000     0.000 r  
    E17                                               0.000     0.000 r  clock (IN)
                         net (fo=0)                   0.000     0.000    clock
    E17                  IBUF (Prop_ibuf_I_O)         0.255     0.255 r  clock_IBUF_inst/O
                         net (fo=1, routed)           0.936     1.190    clock_IBUF
    BUFGCTRL_X0Y16       BUFG (Prop_bufg_I_O)         0.026     1.216 r  clock_IBUF_BUFG_inst/O
                         net (fo=20892, routed)       0.655     1.871    gen_stages[3].stage_inst/clock_IBUF_BUFG
    SLICE_X51Y99         FDRE                                         r  gen_stages[3].stage_inst/mem_counter_reg_reg[1]/C
  -------------------------------------------------------------------    -------------------
    SLICE_X51Y99         FDRE (Prop_fdre_C_Q)         0.141     2.012 r  gen_stages[3].stage_inst/mem_counter_reg_reg[1]/Q
                         net (fo=448, routed)         0.245     2.257    gen_stages[3].stage_inst/gen_memory.mem/mem_B_reg_0_63_9_11/ADDRD1
    SLICE_X52Y98         RAMD64E                                      r  gen_stages[3].stage_inst/gen_memory.mem/mem_B_reg_0_63_9_11/RAMB/WADR1
  -------------------------------------------------------------------    -------------------

                         (clock sys_clk rise edge)    0.000     0.000 r  
    E17                                               0.000     0.000 r  clock (IN)
                         net (fo=0)                   0.000     0.000    clock
    E17                  IBUF (Prop_ibuf_I_O)         0.442     0.442 r  clock_IBUF_inst/O
                         net (fo=1, routed)           1.015     1.457    clock_IBUF
    BUFGCTRL_X0Y16       BUFG (Prop_bufg_I_O)         0.029     1.486 r  clock_IBUF_BUFG_inst/O
                         net (fo=20892, routed)       0.929     2.415    gen_stages[3].stage_inst/gen_memory.mem/mem_B_reg_0_63_9_11/WCLK
    SLICE_X52Y98         RAMD64E                                      r  gen_stages[3].stage_inst/gen_memory.mem/mem_B_reg_0_63_9_11/RAMB/CLK
                         clock pessimism             -0.527     1.887    
    SLICE_X52Y98         RAMD64E (Hold_ramd64e_CLK_WADR1)
                                                      0.309     2.196    gen_stages[3].stage_inst/gen_memory.mem/mem_B_reg_0_63_9_11/RAMB
  -------------------------------------------------------------------
                         required time                         -2.196    
                         arrival time                           2.257    
  -------------------------------------------------------------------
                         slack                                  0.061    

Slack (MET) :             0.061ns  (arrival time - required time)
  Source:                 gen_stages[3].stage_inst/mem_counter_reg_reg[1]/C
                            (rising edge-triggered cell FDRE clocked by sys_clk  {rise@0.000ns fall@1.500ns period=3.000ns})
  Destination:            gen_stages[3].stage_inst/gen_memory.mem/mem_B_reg_0_63_9_11/RAMC/WADR1
                            (rising edge-triggered cell RAMD64E clocked by sys_clk  {rise@0.000ns fall@1.500ns period=3.000ns})
  Path Group:             sys_clk
  Path Type:              Hold (Min at Fast Process Corner)
  Requirement:            0.000ns  (sys_clk rise@0.000ns - sys_clk rise@0.000ns)
  Data Path Delay:        0.386ns  (logic 0.141ns (36.573%)  route 0.245ns (63.427%))
  Logic Levels:           0  
  Clock Path Skew:        0.016ns (DCD - SCD - CPR)
    Destination Clock Delay (DCD):    2.415ns
    Source Clock Delay      (SCD):    1.871ns
    Clock Pessimism Removal (CPR):    0.527ns

    Location             Delay type                Incr(ns)  Path(ns)    Netlist Resource(s)
  -------------------------------------------------------------------    -------------------
                         (clock sys_clk rise edge)    0.000     0.000 r  
    E17                                               0.000     0.000 r  clock (IN)
                         net (fo=0)                   0.000     0.000    clock
    E17                  IBUF (Prop_ibuf_I_O)         0.255     0.255 r  clock_IBUF_inst/O
                         net (fo=1, routed)           0.936     1.190    clock_IBUF
    BUFGCTRL_X0Y16       BUFG (Prop_bufg_I_O)         0.026     1.216 r  clock_IBUF_BUFG_inst/O
                         net (fo=20892, routed)       0.655     1.871    gen_stages[3].stage_inst/clock_IBUF_BUFG
    SLICE_X51Y99         FDRE                                         r  gen_stages[3].stage_inst/mem_counter_reg_reg[1]/C
  -------------------------------------------------------------------    -------------------
    SLICE_X51Y99         FDRE (Prop_fdre_C_Q)         0.141     2.012 r  gen_stages[3].stage_inst/mem_counter_reg_reg[1]/Q
                         net (fo=448, routed)         0.245     2.257    gen_stages[3].stage_inst/gen_memory.mem/mem_B_reg_0_63_9_11/ADDRD1
    SLICE_X52Y98         RAMD64E                                      r  gen_stages[3].stage_inst/gen_memory.mem/mem_B_reg_0_63_9_11/RAMC/WADR1
  -------------------------------------------------------------------    -------------------

                         (clock sys_clk rise edge)    0.000     0.000 r  
    E17                                               0.000     0.000 r  clock (IN)
                         net (fo=0)                   0.000     0.000    clock
    E17                  IBUF (Prop_ibuf_I_O)         0.442     0.442 r  clock_IBUF_inst/O
                         net (fo=1, routed)           1.015     1.457    clock_IBUF
    BUFGCTRL_X0Y16       BUFG (Prop_bufg_I_O)         0.029     1.486 r  clock_IBUF_BUFG_inst/O
                         net (fo=20892, routed)       0.929     2.415    gen_stages[3].stage_inst/gen_memory.mem/mem_B_reg_0_63_9_11/WCLK
    SLICE_X52Y98         RAMD64E                                      r  gen_stages[3].stage_inst/gen_memory.mem/mem_B_reg_0_63_9_11/RAMC/CLK
                         clock pessimism             -0.527     1.887    
    SLICE_X52Y98         RAMD64E (Hold_ramd64e_CLK_WADR1)
                                                      0.309     2.196    gen_stages[3].stage_inst/gen_memory.mem/mem_B_reg_0_63_9_11/RAMC
  -------------------------------------------------------------------
                         required time                         -2.196    
                         arrival time                           2.257    
  -------------------------------------------------------------------
                         slack                                  0.061    

Slack (MET) :             0.061ns  (arrival time - required time)
  Source:                 gen_stages[3].stage_inst/mem_counter_reg_reg[1]/C
                            (rising edge-triggered cell FDRE clocked by sys_clk  {rise@0.000ns fall@1.500ns period=3.000ns})
  Destination:            gen_stages[3].stage_inst/gen_memory.mem/mem_B_reg_0_63_9_11/RAMD/WADR1
                            (rising edge-triggered cell RAMD64E clocked by sys_clk  {rise@0.000ns fall@1.500ns period=3.000ns})
  Path Group:             sys_clk
  Path Type:              Hold (Min at Fast Process Corner)
  Requirement:            0.000ns  (sys_clk rise@0.000ns - sys_clk rise@0.000ns)
  Data Path Delay:        0.386ns  (logic 0.141ns (36.573%)  route 0.245ns (63.427%))
  Logic Levels:           0  
  Clock Path Skew:        0.016ns (DCD - SCD - CPR)
    Destination Clock Delay (DCD):    2.415ns
    Source Clock Delay      (SCD):    1.871ns
    Clock Pessimism Removal (CPR):    0.527ns

    Location             Delay type                Incr(ns)  Path(ns)    Netlist Resource(s)
  -------------------------------------------------------------------    -------------------
                         (clock sys_clk rise edge)    0.000     0.000 r  
    E17                                               0.000     0.000 r  clock (IN)
                         net (fo=0)                   0.000     0.000    clock
    E17                  IBUF (Prop_ibuf_I_O)         0.255     0.255 r  clock_IBUF_inst/O
                         net (fo=1, routed)           0.936     1.190    clock_IBUF
    BUFGCTRL_X0Y16       BUFG (Prop_bufg_I_O)         0.026     1.216 r  clock_IBUF_BUFG_inst/O
                         net (fo=20892, routed)       0.655     1.871    gen_stages[3].stage_inst/clock_IBUF_BUFG
    SLICE_X51Y99         FDRE                                         r  gen_stages[3].stage_inst/mem_counter_reg_reg[1]/C
  -------------------------------------------------------------------    -------------------
    SLICE_X51Y99         FDRE (Prop_fdre_C_Q)         0.141     2.012 r  gen_stages[3].stage_inst/mem_counter_reg_reg[1]/Q
                         net (fo=448, routed)         0.245     2.257    gen_stages[3].stage_inst/gen_memory.mem/mem_B_reg_0_63_9_11/ADDRD1
    SLICE_X52Y98         RAMD64E                                      r  gen_stages[3].stage_inst/gen_memory.mem/mem_B_reg_0_63_9_11/RAMD/WADR1
  -------------------------------------------------------------------    -------------------

                         (clock sys_clk rise edge)    0.000     0.000 r  
    E17                                               0.000     0.000 r  clock (IN)
                         net (fo=0)                   0.000     0.000    clock
    E17                  IBUF (Prop_ibuf_I_O)         0.442     0.442 r  clock_IBUF_inst/O
                         net (fo=1, routed)           1.015     1.457    clock_IBUF
    BUFGCTRL_X0Y16       BUFG (Prop_bufg_I_O)         0.029     1.486 r  clock_IBUF_BUFG_inst/O
                         net (fo=20892, routed)       0.929     2.415    gen_stages[3].stage_inst/gen_memory.mem/mem_B_reg_0_63_9_11/WCLK
    SLICE_X52Y98         RAMD64E                                      r  gen_stages[3].stage_inst/gen_memory.mem/mem_B_reg_0_63_9_11/RAMD/CLK
                         clock pessimism             -0.527     1.887    
    SLICE_X52Y98         RAMD64E (Hold_ramd64e_CLK_WADR1)
                                                      0.309     2.196    gen_stages[3].stage_inst/gen_memory.mem/mem_B_reg_0_63_9_11/RAMD
  -------------------------------------------------------------------
                         required time                         -2.196    
                         arrival time                           2.257    
  -------------------------------------------------------------------
                         slack                                  0.061    

Slack (MET) :             0.062ns  (arrival time - required time)
  Source:                 gen_stages[3].stage_inst/mem_counter_reg_reg[4]/C
                            (rising edge-triggered cell FDRE clocked by sys_clk  {rise@0.000ns fall@1.500ns period=3.000ns})
  Destination:            gen_stages[3].stage_inst/gen_memory.mem/mem_B_reg_64_127_9_11/RAMA/WADR4
                            (rising edge-triggered cell RAMD64E clocked by sys_clk  {rise@0.000ns fall@1.500ns period=3.000ns})
  Path Group:             sys_clk
  Path Type:              Hold (Min at Fast Process Corner)
  Requirement:            0.000ns  (sys_clk rise@0.000ns - sys_clk rise@0.000ns)
  Data Path Delay:        0.278ns  (logic 0.141ns (50.667%)  route 0.137ns (49.333%))
  Logic Levels:           0  
  Clock Path Skew:        0.016ns (DCD - SCD - CPR)
    Destination Clock Delay (DCD):    2.415ns
    Source Clock Delay      (SCD):    1.871ns
    Clock Pessimism Removal (CPR):    0.527ns

    Location             Delay type                Incr(ns)  Path(ns)    Netlist Resource(s)
  -------------------------------------------------------------------    -------------------
                         (clock sys_clk rise edge)    0.000     0.000 r  
    E17                                               0.000     0.000 r  clock (IN)
                         net (fo=0)                   0.000     0.000    clock
    E17                  IBUF (Prop_ibuf_I_O)         0.255     0.255 r  clock_IBUF_inst/O
                         net (fo=1, routed)           0.936     1.190    clock_IBUF
    BUFGCTRL_X0Y16       BUFG (Prop_bufg_I_O)         0.026     1.216 r  clock_IBUF_BUFG_inst/O
                         net (fo=20892, routed)       0.655     1.871    gen_stages[3].stage_inst/clock_IBUF_BUFG
    SLICE_X50Y99         FDRE                                         r  gen_stages[3].stage_inst/mem_counter_reg_reg[4]/C
  -------------------------------------------------------------------    -------------------
    SLICE_X50Y99         FDRE (Prop_fdre_C_Q)         0.141     2.012 r  gen_stages[3].stage_inst/mem_counter_reg_reg[4]/Q
                         net (fo=448, routed)         0.137     2.150    gen_stages[3].stage_inst/gen_memory.mem/mem_B_reg_64_127_9_11/ADDRD4
    SLICE_X52Y99         RAMD64E                                      r  gen_stages[3].stage_inst/gen_memory.mem/mem_B_reg_64_127_9_11/RAMA/WADR4
  -------------------------------------------------------------------    -------------------

                         (clock sys_clk rise edge)    0.000     0.000 r  
    E17                                               0.000     0.000 r  clock (IN)
                         net (fo=0)                   0.000     0.000    clock
    E17                  IBUF (Prop_ibuf_I_O)         0.442     0.442 r  clock_IBUF_inst/O
                         net (fo=1, routed)           1.015     1.457    clock_IBUF
    BUFGCTRL_X0Y16       BUFG (Prop_bufg_I_O)         0.029     1.486 r  clock_IBUF_BUFG_inst/O
                         net (fo=20892, routed)       0.929     2.415    gen_stages[3].stage_inst/gen_memory.mem/mem_B_reg_64_127_9_11/WCLK
    SLICE_X52Y99         RAMD64E                                      r  gen_stages[3].stage_inst/gen_memory.mem/mem_B_reg_64_127_9_11/RAMA/CLK
                         clock pessimism             -0.527     1.887    
    SLICE_X52Y99         RAMD64E (Hold_ramd64e_CLK_WADR4)
                                                      0.200     2.087    gen_stages[3].stage_inst/gen_memory.mem/mem_B_reg_64_127_9_11/RAMA
  -------------------------------------------------------------------
                         required time                         -2.087    
                         arrival time                           2.150    
  -------------------------------------------------------------------
                         slack                                  0.062    

Slack (MET) :             0.062ns  (arrival time - required time)
  Source:                 gen_stages[3].stage_inst/mem_counter_reg_reg[4]/C
                            (rising edge-triggered cell FDRE clocked by sys_clk  {rise@0.000ns fall@1.500ns period=3.000ns})
  Destination:            gen_stages[3].stage_inst/gen_memory.mem/mem_B_reg_64_127_9_11/RAMB/WADR4
                            (rising edge-triggered cell RAMD64E clocked by sys_clk  {rise@0.000ns fall@1.500ns period=3.000ns})
  Path Group:             sys_clk
  Path Type:              Hold (Min at Fast Process Corner)
  Requirement:            0.000ns  (sys_clk rise@0.000ns - sys_clk rise@0.000ns)
  Data Path Delay:        0.278ns  (logic 0.141ns (50.667%)  route 0.137ns (49.333%))
  Logic Levels:           0  
  Clock Path Skew:        0.016ns (DCD - SCD - CPR)
    Destination Clock Delay (DCD):    2.415ns
    Source Clock Delay      (SCD):    1.871ns
    Clock Pessimism Removal (CPR):    0.527ns

    Location             Delay type                Incr(ns)  Path(ns)    Netlist Resource(s)
  -------------------------------------------------------------------    -------------------
                         (clock sys_clk rise edge)    0.000     0.000 r  
    E17                                               0.000     0.000 r  clock (IN)
                         net (fo=0)                   0.000     0.000    clock
    E17                  IBUF (Prop_ibuf_I_O)         0.255     0.255 r  clock_IBUF_inst/O
                         net (fo=1, routed)           0.936     1.190    clock_IBUF
    BUFGCTRL_X0Y16       BUFG (Prop_bufg_I_O)         0.026     1.216 r  clock_IBUF_BUFG_inst/O
                         net (fo=20892, routed)       0.655     1.871    gen_stages[3].stage_inst/clock_IBUF_BUFG
    SLICE_X50Y99         FDRE                                         r  gen_stages[3].stage_inst/mem_counter_reg_reg[4]/C
  -------------------------------------------------------------------    -------------------
    SLICE_X50Y99         FDRE (Prop_fdre_C_Q)         0.141     2.012 r  gen_stages[3].stage_inst/mem_counter_reg_reg[4]/Q
                         net (fo=448, routed)         0.137     2.150    gen_stages[3].stage_inst/gen_memory.mem/mem_B_reg_64_127_9_11/ADDRD4
    SLICE_X52Y99         RAMD64E                                      r  gen_stages[3].stage_inst/gen_memory.mem/mem_B_reg_64_127_9_11/RAMB/WADR4
  -------------------------------------------------------------------    -------------------

                         (clock sys_clk rise edge)    0.000     0.000 r  
    E17                                               0.000     0.000 r  clock (IN)
                         net (fo=0)                   0.000     0.000    clock
    E17                  IBUF (Prop_ibuf_I_O)         0.442     0.442 r  clock_IBUF_inst/O
                         net (fo=1, routed)           1.015     1.457    clock_IBUF
    BUFGCTRL_X0Y16       BUFG (Prop_bufg_I_O)         0.029     1.486 r  clock_IBUF_BUFG_inst/O
                         net (fo=20892, routed)       0.929     2.415    gen_stages[3].stage_inst/gen_memory.mem/mem_B_reg_64_127_9_11/WCLK
    SLICE_X52Y99         RAMD64E                                      r  gen_stages[3].stage_inst/gen_memory.mem/mem_B_reg_64_127_9_11/RAMB/CLK
                         clock pessimism             -0.527     1.887    
    SLICE_X52Y99         RAMD64E (Hold_ramd64e_CLK_WADR4)
                                                      0.200     2.087    gen_stages[3].stage_inst/gen_memory.mem/mem_B_reg_64_127_9_11/RAMB
  -------------------------------------------------------------------
                         required time                         -2.087    
                         arrival time                           2.150    
  -------------------------------------------------------------------
                         slack                                  0.062    

Slack (MET) :             0.062ns  (arrival time - required time)
  Source:                 gen_stages[3].stage_inst/mem_counter_reg_reg[4]/C
                            (rising edge-triggered cell FDRE clocked by sys_clk  {rise@0.000ns fall@1.500ns period=3.000ns})
  Destination:            gen_stages[3].stage_inst/gen_memory.mem/mem_B_reg_64_127_9_11/RAMC/WADR4
                            (rising edge-triggered cell RAMD64E clocked by sys_clk  {rise@0.000ns fall@1.500ns period=3.000ns})
  Path Group:             sys_clk
  Path Type:              Hold (Min at Fast Process Corner)
  Requirement:            0.000ns  (sys_clk rise@0.000ns - sys_clk rise@0.000ns)
  Data Path Delay:        0.278ns  (logic 0.141ns (50.667%)  route 0.137ns (49.333%))
  Logic Levels:           0  
  Clock Path Skew:        0.016ns (DCD - SCD - CPR)
    Destination Clock Delay (DCD):    2.415ns
    Source Clock Delay      (SCD):    1.871ns
    Clock Pessimism Removal (CPR):    0.527ns

    Location             Delay type                Incr(ns)  Path(ns)    Netlist Resource(s)
  -------------------------------------------------------------------    -------------------
                         (clock sys_clk rise edge)    0.000     0.000 r  
    E17                                               0.000     0.000 r  clock (IN)
                         net (fo=0)                   0.000     0.000    clock
    E17                  IBUF (Prop_ibuf_I_O)         0.255     0.255 r  clock_IBUF_inst/O
                         net (fo=1, routed)           0.936     1.190    clock_IBUF
    BUFGCTRL_X0Y16       BUFG (Prop_bufg_I_O)         0.026     1.216 r  clock_IBUF_BUFG_inst/O
                         net (fo=20892, routed)       0.655     1.871    gen_stages[3].stage_inst/clock_IBUF_BUFG
    SLICE_X50Y99         FDRE                                         r  gen_stages[3].stage_inst/mem_counter_reg_reg[4]/C
  -------------------------------------------------------------------    -------------------
    SLICE_X50Y99         FDRE (Prop_fdre_C_Q)         0.141     2.012 r  gen_stages[3].stage_inst/mem_counter_reg_reg[4]/Q
                         net (fo=448, routed)         0.137     2.150    gen_stages[3].stage_inst/gen_memory.mem/mem_B_reg_64_127_9_11/ADDRD4
    SLICE_X52Y99         RAMD64E                                      r  gen_stages[3].stage_inst/gen_memory.mem/mem_B_reg_64_127_9_11/RAMC/WADR4
  -------------------------------------------------------------------    -------------------

                         (clock sys_clk rise edge)    0.000     0.000 r  
    E17                                               0.000     0.000 r  clock (IN)
                         net (fo=0)                   0.000     0.000    clock
    E17                  IBUF (Prop_ibuf_I_O)         0.442     0.442 r  clock_IBUF_inst/O
                         net (fo=1, routed)           1.015     1.457    clock_IBUF
    BUFGCTRL_X0Y16       BUFG (Prop_bufg_I_O)         0.029     1.486 r  clock_IBUF_BUFG_inst/O
                         net (fo=20892, routed)       0.929     2.415    gen_stages[3].stage_inst/gen_memory.mem/mem_B_reg_64_127_9_11/WCLK
    SLICE_X52Y99         RAMD64E                                      r  gen_stages[3].stage_inst/gen_memory.mem/mem_B_reg_64_127_9_11/RAMC/CLK
                         clock pessimism             -0.527     1.887    
    SLICE_X52Y99         RAMD64E (Hold_ramd64e_CLK_WADR4)
                                                      0.200     2.087    gen_stages[3].stage_inst/gen_memory.mem/mem_B_reg_64_127_9_11/RAMC
  -------------------------------------------------------------------
                         required time                         -2.087    
                         arrival time                           2.150    
  -------------------------------------------------------------------
                         slack                                  0.062    





Pulse Width Checks
--------------------------------------------------------------------------------------
Clock Name:         sys_clk
Waveform(ns):       { 0.000 1.500 }
Period(ns):         3.000
Sources:            { clock }

Check Type        Corner  Lib Pin      Reference Pin  Required(ns)  Actual(ns)  Slack(ns)  Location        Pin
Min Period        n/a     BUFG/I       n/a            1.592         3.000       1.408      BUFGCTRL_X0Y16  clock_IBUF_BUFG_inst/I
Min Period        n/a     FDRE/C       n/a            1.000         3.000       2.000      SLICE_X42Y59    gen_stages[0].stage_inst/b4/ai_reg_1_reg[0]/C
Min Period        n/a     FDRE/C       n/a            1.000         3.000       2.000      SLICE_X41Y59    gen_stages[0].stage_inst/b4/ai_reg_1_reg[10]/C
Min Period        n/a     FDRE/C       n/a            1.000         3.000       2.000      SLICE_X41Y59    gen_stages[0].stage_inst/b4/ai_reg_1_reg[11]/C
Min Period        n/a     FDRE/C       n/a            1.000         3.000       2.000      SLICE_X39Y64    gen_stages[0].stage_inst/b4/ai_reg_1_reg[12]/C
Min Period        n/a     FDRE/C       n/a            1.000         3.000       2.000      SLICE_X39Y64    gen_stages[0].stage_inst/b4/ai_reg_1_reg[13]/C
Min Period        n/a     FDRE/C       n/a            1.000         3.000       2.000      SLICE_X41Y59    gen_stages[0].stage_inst/b4/ai_reg_1_reg[14]/C
Min Period        n/a     FDRE/C       n/a            1.000         3.000       2.000      SLICE_X39Y64    gen_stages[0].stage_inst/b4/ai_reg_1_reg[15]/C
Min Period        n/a     FDRE/C       n/a            1.000         3.000       2.000      SLICE_X42Y59    gen_stages[0].stage_inst/b4/ai_reg_1_reg[1]/C
Min Period        n/a     FDRE/C       n/a            1.000         3.000       2.000      SLICE_X45Y60    gen_stages[0].stage_inst/b4/ai_reg_1_reg[2]/C
Low Pulse Width   Slow    RAMD64E/CLK  n/a            1.130         1.500       0.370      SLICE_X70Y97    gen_stages[3].stage_inst/gen_memory.mem/mem_A_reg_64_127_0_2/RAMD/CLK
Low Pulse Width   Slow    RAMD64E/CLK  n/a            1.130         1.500       0.370      SLICE_X74Y103   gen_stages[3].stage_inst/gen_memory.mem/mem_A_reg_64_127_21_23/RAMA/CLK
Low Pulse Width   Slow    RAMD64E/CLK  n/a            1.130         1.500       0.370      SLICE_X74Y103   gen_stages[3].stage_inst/gen_memory.mem/mem_A_reg_64_127_21_23/RAMB/CLK
Low Pulse Width   Slow    RAMD64E/CLK  n/a            1.130         1.500       0.370      SLICE_X74Y103   gen_stages[3].stage_inst/gen_memory.mem/mem_A_reg_64_127_21_23/RAMC/CLK
Low Pulse Width   Slow    RAMD64E/CLK  n/a            1.130         1.500       0.370      SLICE_X74Y103   gen_stages[3].stage_inst/gen_memory.mem/mem_A_reg_64_127_21_23/RAMD/CLK
Low Pulse Width   Slow    RAMD64E/CLK  n/a            1.130         1.500       0.370      SLICE_X70Y99    gen_stages[3].stage_inst/gen_memory.mem/mem_A_reg_64_127_3_5/RAMA/CLK
Low Pulse Width   Slow    RAMD64E/CLK  n/a            1.130         1.500       0.370      SLICE_X70Y99    gen_stages[3].stage_inst/gen_memory.mem/mem_A_reg_64_127_3_5/RAMB/CLK
Low Pulse Width   Slow    RAMD64E/CLK  n/a            1.130         1.500       0.370      SLICE_X70Y99    gen_stages[3].stage_inst/gen_memory.mem/mem_A_reg_64_127_3_5/RAMC/CLK
Low Pulse Width   Slow    RAMD64E/CLK  n/a            1.130         1.500       0.370      SLICE_X70Y99    gen_stages[3].stage_inst/gen_memory.mem/mem_A_reg_64_127_3_5/RAMD/CLK
Low Pulse Width   Slow    RAMD64E/CLK  n/a            1.130         1.500       0.370      SLICE_X70Y98    gen_stages[3].stage_inst/gen_memory.mem/mem_B_reg_0_63_0_2/RAMA/CLK
High Pulse Width  Fast    RAMD32/CLK   n/a            1.130         1.500       0.370      SLICE_X56Y67    gen_stages[1].stage_inst/gen_memory.mem/mem_B_reg_0_7_24_29/RAMC_D1/CLK
High Pulse Width  Fast    RAMS32/CLK   n/a            1.130         1.500       0.370      SLICE_X56Y67    gen_stages[1].stage_inst/gen_memory.mem/mem_B_reg_0_7_24_29/RAMD/CLK
High Pulse Width  Fast    RAMS32/CLK   n/a            1.130         1.500       0.370      SLICE_X56Y67    gen_stages[1].stage_inst/gen_memory.mem/mem_B_reg_0_7_24_29/RAMD_D1/CLK
High Pulse Width  Fast    RAMD64E/CLK  n/a            1.130         1.500       0.370      SLICE_X48Y104   gen_stages[3].stage_inst/gen_memory.mem/mem_A_reg_64_127_12_14/RAMA/CLK
High Pulse Width  Fast    RAMD64E/CLK  n/a            1.130         1.500       0.370      SLICE_X48Y104   gen_stages[3].stage_inst/gen_memory.mem/mem_A_reg_64_127_12_14/RAMB/CLK
High Pulse Width  Fast    RAMD64E/CLK  n/a            1.130         1.500       0.370      SLICE_X48Y104   gen_stages[3].stage_inst/gen_memory.mem/mem_A_reg_64_127_12_14/RAMC/CLK
High Pulse Width  Fast    RAMD64E/CLK  n/a            1.130         1.500       0.370      SLICE_X48Y104   gen_stages[3].stage_inst/gen_memory.mem/mem_A_reg_64_127_12_14/RAMD/CLK
High Pulse Width  Fast    RAMD64E/CLK  n/a            1.130         1.500       0.370      SLICE_X70Y103   gen_stages[3].stage_inst/gen_memory.mem/mem_A_reg_64_127_15_17/RAMA/CLK
High Pulse Width  Fast    RAMD64E/CLK  n/a            1.130         1.500       0.370      SLICE_X70Y103   gen_stages[3].stage_inst/gen_memory.mem/mem_A_reg_64_127_15_17/RAMB/CLK
High Pulse Width  Fast    RAMD64E/CLK  n/a            1.130         1.500       0.370      SLICE_X70Y103   gen_stages[3].stage_inst/gen_memory.mem/mem_A_reg_64_127_15_17/RAMC/CLK



