
*** Running vivado
    with args -log fft_top.vdi -applog -m64 -product Vivado -messageDb vivado.pb -mode batch -source fft_top.tcl -notrace


****** Vivado v2018.3 (64-bit)
  **** SW Build 2405991 on Thu Dec  6 23:36:41 MST 2018
  **** IP Build 2404404 on Fri Dec  7 01:43:56 MST 2018
    ** Copyright 1986-2018 Xilinx, Inc. All Rights Reserved.

source fft_top.tcl -notrace

*** Halting run - EA reset detected ***



    while executing
"start_step init_design"
    (file "fft_top.tcl" line 64)
INFO: [Common 17-206] Exiting Vivado at Tue Jan 20 20:39:53 2026...

*** Running vivado
    with args -log fft_top.vdi -applog -m64 -product Vivado -messageDb vivado.pb -mode batch -source fft_top.tcl -notrace


****** Vivado v2018.3 (64-bit)
  **** SW Build 2405991 on Thu Dec  6 23:36:41 MST 2018
  **** IP Build 2404404 on Fri Dec  7 01:43:56 MST 2018
    ** Copyright 1986-2018 Xilinx, Inc. All Rights Reserved.

source fft_top.tcl -notrace
Command: link_design -top fft_top -part xc7a200tfbg676-2
Design is defaulting to srcset: sources_1
Design is defaulting to constrset: constrs_1
INFO: [Netlist 29-17] Analyzing 822 Unisim elements for replacement
INFO: [Netlist 29-28] Unisim Transformation completed in 0 CPU seconds
INFO: [Project 1-479] Netlist was created with Vivado 2018.3
INFO: [Device 21-403] Loading part xc7a200tfbg676-2
INFO: [Project 1-570] Preparing netlist for logic optimization
Parsing XDC File [/home/christodoulos-zerdalis/Desktop/FFT/radix_4_SDF_bram_adders/constraints.xdc]
CRITICAL WARNING: [Common 17-69] Command failed: 'Y9' is not a valid site or package pin name. [/home/christodoulos-zerdalis/Desktop/FFT/radix_4_SDF_bram_adders/constraints.xdc:3]
Finished Parsing XDC File [/home/christodoulos-zerdalis/Desktop/FFT/radix_4_SDF_bram_adders/constraints.xdc]
INFO: [Opt 31-138] Pushed 0 inverter(s) to 0 load pin(s).
Netlist sorting complete. Time (s): cpu = 00:00:00 ; elapsed = 00:00:00 . Memory (MB): peak = 1692.910 ; gain = 0.000 ; free physical = 5812 ; free virtual = 17369
INFO: [Project 1-111] Unisim Transformation Summary:
  A total of 144 instances were transformed.
  RAM32M => RAM32M (RAMD32, RAMD32, RAMD32, RAMD32, RAMD32, RAMD32, RAMS32, RAMS32): 48 instances
  RAM64M => RAM64M (RAMD64E, RAMD64E, RAMD64E, RAMD64E): 80 instances
  RAM64X1D => RAM64X1D (RAMD64E, RAMD64E): 16 instances

7 Infos, 0 Warnings, 1 Critical Warnings and 0 Errors encountered.
link_design completed successfully
link_design: Time (s): cpu = 00:00:06 ; elapsed = 00:00:07 . Memory (MB): peak = 1692.910 ; gain = 338.016 ; free physical = 5812 ; free virtual = 17369
Command: opt_design
Attempting to get a license for feature 'Implementation' and/or device 'xc7a200t'
INFO: [Common 17-349] Got license for feature 'Implementation' and/or device 'xc7a200t'
Running DRC as a precondition to command opt_design

Starting DRC Task
INFO: [DRC 23-27] Running DRC with 8 threads
INFO: [Project 1-461] DRC finished with 0 Errors
INFO: [Project 1-462] Please refer to the DRC report (report_drc) for more information.

Time (s): cpu = 00:00:00.93 ; elapsed = 00:00:01 . Memory (MB): peak = 1762.941 ; gain = 70.031 ; free physical = 5809 ; free virtual = 17366

Starting Cache Timing Information Task
INFO: [Timing 38-35] Done setting XDC timing constraints.
Ending Cache Timing Information Task | Checksum: 16d8f26ee

Time (s): cpu = 00:00:07 ; elapsed = 00:00:06 . Memory (MB): peak = 2276.637 ; gain = 513.695 ; free physical = 5372 ; free virtual = 16929

Starting Logic Optimization Task

Phase 1 Retarget
INFO: [Opt 31-138] Pushed 0 inverter(s) to 0 load pin(s).
INFO: [Opt 31-49] Retargeted 0 cell(s).
Phase 1 Retarget | Checksum: 1359ca69b

Time (s): cpu = 00:00:01 ; elapsed = 00:00:00.66 . Memory (MB): peak = 2350.637 ; gain = 0.000 ; free physical = 5319 ; free virtual = 16877
INFO: [Opt 31-389] Phase Retarget created 0 cells and removed 30 cells

Phase 2 Constant propagation
INFO: [Opt 31-138] Pushed 0 inverter(s) to 0 load pin(s).
Phase 2 Constant propagation | Checksum: 1359ca69b

Time (s): cpu = 00:00:02 ; elapsed = 00:00:00.85 . Memory (MB): peak = 2350.637 ; gain = 0.000 ; free physical = 5319 ; free virtual = 16877
INFO: [Opt 31-389] Phase Constant propagation created 0 cells and removed 0 cells

Phase 3 Sweep
Phase 3 Sweep | Checksum: e4ff46d0

Time (s): cpu = 00:00:02 ; elapsed = 00:00:01 . Memory (MB): peak = 2350.637 ; gain = 0.000 ; free physical = 5311 ; free virtual = 16869
INFO: [Opt 31-389] Phase Sweep created 0 cells and removed 0 cells

Phase 4 BUFG optimization
Phase 4 BUFG optimization | Checksum: e4ff46d0

Time (s): cpu = 00:00:02 ; elapsed = 00:00:01 . Memory (MB): peak = 2350.637 ; gain = 0.000 ; free physical = 5312 ; free virtual = 16869
INFO: [Opt 31-662] Phase BUFG optimization created 0 cells of which 0 are BUFGs and removed 0 cells.

Phase 5 Shift Register Optimization
Phase 5 Shift Register Optimization | Checksum: 1512b7b02

Time (s): cpu = 00:00:03 ; elapsed = 00:00:02 . Memory (MB): peak = 2350.637 ; gain = 0.000 ; free physical = 5307 ; free virtual = 16864
INFO: [Opt 31-389] Phase Shift Register Optimization created 0 cells and removed 0 cells

Phase 6 Post Processing Netlist
Phase 6 Post Processing Netlist | Checksum: 1512b7b02

Time (s): cpu = 00:00:03 ; elapsed = 00:00:02 . Memory (MB): peak = 2350.637 ; gain = 0.000 ; free physical = 5307 ; free virtual = 16864
INFO: [Opt 31-389] Phase Post Processing Netlist created 0 cells and removed 0 cells
Opt_design Change Summary
=========================


-------------------------------------------------------------------------------------------------------------------------
|  Phase                        |  #Cells created  |  #Cells Removed  |  #Constrained objects preventing optimizations  |
-------------------------------------------------------------------------------------------------------------------------
|  Retarget                     |               0  |              30  |                                              0  |
|  Constant propagation         |               0  |               0  |                                              0  |
|  Sweep                        |               0  |               0  |                                              0  |
|  BUFG optimization            |               0  |               0  |                                              0  |
|  Shift Register Optimization  |               0  |               0  |                                              0  |
|  Post Processing Netlist      |               0  |               0  |                                              0  |
-------------------------------------------------------------------------------------------------------------------------



Starting Connectivity Check Task

Time (s): cpu = 00:00:00.03 ; elapsed = 00:00:00.03 . Memory (MB): peak = 2350.637 ; gain = 0.000 ; free physical = 5307 ; free virtual = 16864
Ending Logic Optimization Task | Checksum: 1512b7b02

Time (s): cpu = 00:00:03 ; elapsed = 00:00:02 . Memory (MB): peak = 2350.637 ; gain = 0.000 ; free physical = 5307 ; free virtual = 16864

Starting Power Optimization Task
INFO: [Pwropt 34-132] Skipping clock gating for clocks with a period < 2.00 ns.
Ending Power Optimization Task | Checksum: 1512b7b02

Time (s): cpu = 00:00:00.02 ; elapsed = 00:00:00.02 . Memory (MB): peak = 2350.637 ; gain = 0.000 ; free physical = 5307 ; free virtual = 16864

Starting Final Cleanup Task
Ending Final Cleanup Task | Checksum: 1512b7b02

Time (s): cpu = 00:00:00 ; elapsed = 00:00:00 . Memory (MB): peak = 2350.637 ; gain = 0.000 ; free physical = 5307 ; free virtual = 16864

Starting Netlist Obfuscation Task
Netlist sorting complete. Time (s): cpu = 00:00:00.01 ; elapsed = 00:00:00 . Memory (MB): peak = 2350.637 ; gain = 0.000 ; free physical = 5307 ; free virtual = 16864
Ending Netlist Obfuscation Task | Checksum: 1512b7b02

Time (s): cpu = 00:00:00.01 ; elapsed = 00:00:00 . Memory (MB): peak = 2350.637 ; gain = 0.000 ; free physical = 5307 ; free virtual = 16864
INFO: [Common 17-83] Releasing license: Implementation
23 Infos, 0 Warnings, 1 Critical Warnings and 0 Errors encountered.
opt_design completed successfully
opt_design: Time (s): cpu = 00:00:12 ; elapsed = 00:00:10 . Memory (MB): peak = 2350.637 ; gain = 657.727 ; free physical = 5307 ; free virtual = 16864
Netlist sorting complete. Time (s): cpu = 00:00:00 ; elapsed = 00:00:00 . Memory (MB): peak = 2350.637 ; gain = 0.000 ; free physical = 5307 ; free virtual = 16864
INFO: [Timing 38-480] Writing timing data to binary archive.
Writing placer database...
Writing XDEF routing.
Writing XDEF routing logical nets.
Writing XDEF routing special nets.
Write XDEF Complete: Time (s): cpu = 00:00:00.02 ; elapsed = 00:00:00 . Memory (MB): peak = 2382.652 ; gain = 0.000 ; free physical = 5307 ; free virtual = 16865
Netlist sorting complete. Time (s): cpu = 00:00:00 ; elapsed = 00:00:00 . Memory (MB): peak = 2382.652 ; gain = 0.000 ; free physical = 5307 ; free virtual = 16867
INFO: [Common 17-1381] The checkpoint '/home/christodoulos-zerdalis/Desktop/FFT/radix_4_SDF_bram_adders/fft_bram_adders/fft_bram_adders.runs/impl_2/fft_top_opt.dcp' has been generated.
INFO: [runtcl-4] Executing : report_drc -file fft_top_drc_opted.rpt -pb fft_top_drc_opted.pb -rpx fft_top_drc_opted.rpx
Command: report_drc -file fft_top_drc_opted.rpt -pb fft_top_drc_opted.pb -rpx fft_top_drc_opted.rpx
INFO: [IP_Flow 19-234] Refreshing IP repositories
INFO: [IP_Flow 19-1704] No user IP repositories specified
INFO: [IP_Flow 19-2313] Loaded Vivado IP repository '/tools/Xilinx/Vivado/2018.3/data/ip'.
INFO: [DRC 23-27] Running DRC with 8 threads
INFO: [Coretcl 2-168] The results of DRC are in file /home/christodoulos-zerdalis/Desktop/FFT/radix_4_SDF_bram_adders/fft_bram_adders/fft_bram_adders.runs/impl_2/fft_top_drc_opted.rpt.
report_drc completed successfully
Command: place_design -directive ExtraTimingOpt
Attempting to get a license for feature 'Implementation' and/or device 'xc7a200t'
INFO: [Common 17-349] Got license for feature 'Implementation' and/or device 'xc7a200t'
INFO: [DRC 23-27] Running DRC with 8 threads
INFO: [Vivado_Tcl 4-198] DRC finished with 0 Errors
INFO: [Vivado_Tcl 4-199] Please refer to the DRC report (report_drc) for more information.
Running DRC as a precondition to command place_design
INFO: [DRC 23-27] Running DRC with 8 threads
INFO: [Vivado_Tcl 4-198] DRC finished with 0 Errors
INFO: [Vivado_Tcl 4-199] Please refer to the DRC report (report_drc) for more information.

Starting Placer Task
INFO: [Place 46-5] The placer was invoked with the 'ExtraTimingOpt' directive.
INFO: [Place 30-611] Multithreading enabled for place_design using a maximum of 8 CPUs

Phase 1 Placer Initialization

Phase 1.1 Placer Initialization Netlist Sorting
Netlist sorting complete. Time (s): cpu = 00:00:00 ; elapsed = 00:00:00 . Memory (MB): peak = 2422.672 ; gain = 0.000 ; free physical = 5103 ; free virtual = 16669
Phase 1.1 Placer Initialization Netlist Sorting | Checksum: b6b6256e

Time (s): cpu = 00:00:00.01 ; elapsed = 00:00:00.01 . Memory (MB): peak = 2422.672 ; gain = 0.000 ; free physical = 5101 ; free virtual = 16667
Netlist sorting complete. Time (s): cpu = 00:00:00 ; elapsed = 00:00:00 . Memory (MB): peak = 2422.672 ; gain = 0.000 ; free physical = 5101 ; free virtual = 16667

Phase 1.2 IO Placement/ Clock Placement/ Build Placer Device
INFO: [Timing 38-35] Done setting XDC timing constraints.
Phase 1.2 IO Placement/ Clock Placement/ Build Placer Device | Checksum: 169c63c60

Time (s): cpu = 00:00:09 ; elapsed = 00:00:05 . Memory (MB): peak = 2422.918 ; gain = 0.246 ; free physical = 4975 ; free virtual = 16541

Phase 1.3 Build Placer Netlist Model
Phase 1.3 Build Placer Netlist Model | Checksum: 194a24c20

Time (s): cpu = 00:00:15 ; elapsed = 00:00:08 . Memory (MB): peak = 2518.070 ; gain = 95.398 ; free physical = 4968 ; free virtual = 16534

Phase 1.4 Constrain Clocks/Macros
Phase 1.4 Constrain Clocks/Macros | Checksum: 194a24c20

Time (s): cpu = 00:00:15 ; elapsed = 00:00:08 . Memory (MB): peak = 2518.070 ; gain = 95.398 ; free physical = 4969 ; free virtual = 16535
Phase 1 Placer Initialization | Checksum: 194a24c20

Time (s): cpu = 00:00:15 ; elapsed = 00:00:08 . Memory (MB): peak = 2518.070 ; gain = 95.398 ; free physical = 4965 ; free virtual = 16531

Phase 2 Global Placement

Phase 2.1 Floorplanning
Phase 2.1 Floorplanning | Checksum: 1a28f8b31

Time (s): cpu = 00:00:18 ; elapsed = 00:00:08 . Memory (MB): peak = 2553.234 ; gain = 130.562 ; free physical = 5053 ; free virtual = 16619

Phase 2.2 Physical Synthesis In Placer
INFO: [Physopt 32-65] No nets found for high-fanout optimization.
INFO: [Physopt 32-232] Optimized 0 net. Created 0 new instance.
INFO: [Physopt 32-775] End 1 Pass. Optimized 0 net or cell. Created 0 new cell, deleted 0 existing cell and moved 0 existing cell
INFO: [Physopt 32-456] No candidate cells for DSP register optimization found in the design.
INFO: [Physopt 32-775] End 2 Pass. Optimized 0 net or cell. Created 0 new cell, deleted 0 existing cell and moved 0 existing cell
INFO: [Physopt 32-775] End 1 Pass. Optimized 0 net or cell. Created 0 new cell, deleted 0 existing cell and moved 0 existing cell
Netlist sorting complete. Time (s): cpu = 00:00:00 ; elapsed = 00:00:00 . Memory (MB): peak = 2553.234 ; gain = 0.000 ; free physical = 5112 ; free virtual = 16678
INFO: [Physopt 32-526] No candidate cells for BRAM register optimization found in the design
INFO: [Physopt 32-775] End 1 Pass. Optimized 0 net or cell. Created 0 new cell, deleted 0 existing cell and moved 0 existing cell
INFO: [Physopt 32-949] No candidate nets found for HD net replication
INFO: [Physopt 32-775] End 1 Pass. Optimized 0 net or cell. Created 0 new cell, deleted 0 existing cell and moved 0 existing cell
Netlist sorting complete. Time (s): cpu = 00:00:00 ; elapsed = 00:00:00 . Memory (MB): peak = 2553.234 ; gain = 0.000 ; free physical = 5112 ; free virtual = 16678

Summary of Physical Synthesis Optimizations
============================================


----------------------------------------------------------------------------------------------------------------------------------------
|  Optimization                  |  Added Cells  |  Removed Cells  |  Optimized Cells/Nets  |  Dont Touch  |  Iterations  |  Elapsed   |
----------------------------------------------------------------------------------------------------------------------------------------
|  Very High Fanout              |            0  |              0  |                     0  |           0  |           1  |  00:00:00  |
|  DSP Register                  |            0  |              0  |                     0  |           0  |           1  |  00:00:00  |
|  Shift Register                |            0  |              0  |                     0  |           0  |           1  |  00:00:00  |
|  BRAM Register                 |            0  |              0  |                     0  |           0  |           1  |  00:00:00  |
|  HD Interface Net Replication  |            0  |              0  |                     0  |           0  |           1  |  00:00:00  |
|  Total                         |            0  |              0  |                     0  |           0  |           5  |  00:00:00  |
----------------------------------------------------------------------------------------------------------------------------------------


Phase 2.2 Physical Synthesis In Placer | Checksum: 1ee0b5fed

Time (s): cpu = 00:00:40 ; elapsed = 00:00:17 . Memory (MB): peak = 2553.234 ; gain = 130.562 ; free physical = 5113 ; free virtual = 16680
Phase 2 Global Placement | Checksum: 191d598c7

Time (s): cpu = 00:00:41 ; elapsed = 00:00:17 . Memory (MB): peak = 2553.234 ; gain = 130.562 ; free physical = 5113 ; free virtual = 16679

Phase 3 Detail Placement

Phase 3.1 Commit Multi Column Macros
Phase 3.1 Commit Multi Column Macros | Checksum: 191d598c7

Time (s): cpu = 00:00:42 ; elapsed = 00:00:17 . Memory (MB): peak = 2553.234 ; gain = 130.562 ; free physical = 5113 ; free virtual = 16679

Phase 3.2 Commit Most Macros & LUTRAMs
Phase 3.2 Commit Most Macros & LUTRAMs | Checksum: 14cd42c65

Time (s): cpu = 00:00:46 ; elapsed = 00:00:19 . Memory (MB): peak = 2553.234 ; gain = 130.562 ; free physical = 5107 ; free virtual = 16674

Phase 3.3 Area Swap Optimization
Phase 3.3 Area Swap Optimization | Checksum: 133611e06

Time (s): cpu = 00:00:47 ; elapsed = 00:00:19 . Memory (MB): peak = 2553.234 ; gain = 130.562 ; free physical = 5107 ; free virtual = 16674

Phase 3.4 Pipeline Register Optimization
Phase 3.4 Pipeline Register Optimization | Checksum: 1574d7b73

Time (s): cpu = 00:00:47 ; elapsed = 00:00:19 . Memory (MB): peak = 2553.234 ; gain = 130.562 ; free physical = 5108 ; free virtual = 16675

Phase 3.5 Fast Optimization
Phase 3.5 Fast Optimization | Checksum: 173d34e27

Time (s): cpu = 00:00:51 ; elapsed = 00:00:21 . Memory (MB): peak = 2553.234 ; gain = 130.562 ; free physical = 5105 ; free virtual = 16671

Phase 3.6 Small Shape Detail Placement
Phase 3.6 Small Shape Detail Placement | Checksum: 10b897e4a

Time (s): cpu = 00:00:55 ; elapsed = 00:00:25 . Memory (MB): peak = 2553.234 ; gain = 130.562 ; free physical = 5077 ; free virtual = 16639

Phase 3.7 Re-assign LUT pins
Phase 3.7 Re-assign LUT pins | Checksum: 115ffe4df

Time (s): cpu = 00:00:56 ; elapsed = 00:00:25 . Memory (MB): peak = 2553.234 ; gain = 130.562 ; free physical = 5077 ; free virtual = 16639

Phase 3.8 Pipeline Register Optimization
Phase 3.8 Pipeline Register Optimization | Checksum: 1b56ab370

Time (s): cpu = 00:00:56 ; elapsed = 00:00:25 . Memory (MB): peak = 2553.234 ; gain = 130.562 ; free physical = 5077 ; free virtual = 16639

Phase 3.9 Fast Optimization
Phase 3.9 Fast Optimization | Checksum: 185bce25c

Time (s): cpu = 00:01:01 ; elapsed = 00:00:27 . Memory (MB): peak = 2553.234 ; gain = 130.562 ; free physical = 5083 ; free virtual = 16645
Phase 3 Detail Placement | Checksum: 185bce25c

Time (s): cpu = 00:01:01 ; elapsed = 00:00:27 . Memory (MB): peak = 2553.234 ; gain = 130.562 ; free physical = 5083 ; free virtual = 16645

Phase 4 Post Placement Optimization and Clean-Up

Phase 4.1 Post Commit Optimization
INFO: [Timing 38-35] Done setting XDC timing constraints.

Phase 4.1.1 Post Placement Optimization
Post Placement Optimization Initialization | Checksum: f6a03408

Phase 4.1.1.1 BUFG Insertion
INFO: [Place 46-33] Processed net reset_IBUF, BUFG insertion was skipped due to placement/routing conflicts.
INFO: [Place 46-46] BUFG insertion identified 1 candidate nets, 0 success, 0 bufg driver replicated, 1 skipped for placement/routing, 0 skipped for timing, 0 skipped for netlist change reason
Phase 4.1.1.1 BUFG Insertion | Checksum: f6a03408

Time (s): cpu = 00:01:08 ; elapsed = 00:00:29 . Memory (MB): peak = 2568.723 ; gain = 146.051 ; free physical = 5125 ; free virtual = 16687
INFO: [Place 30-746] Post Placement Timing Summary WNS=0.371. For the most accurate timing information please run report_timing.
Phase 4.1.1 Post Placement Optimization | Checksum: 1839c6d38

Time (s): cpu = 00:02:12 ; elapsed = 00:01:33 . Memory (MB): peak = 2568.723 ; gain = 146.051 ; free physical = 4844 ; free virtual = 16419
Phase 4.1 Post Commit Optimization | Checksum: 1839c6d38

Time (s): cpu = 00:02:13 ; elapsed = 00:01:33 . Memory (MB): peak = 2568.723 ; gain = 146.051 ; free physical = 4843 ; free virtual = 16419

Phase 4.2 Post Placement Cleanup
Phase 4.2 Post Placement Cleanup | Checksum: 1839c6d38

Time (s): cpu = 00:02:13 ; elapsed = 00:01:33 . Memory (MB): peak = 2568.723 ; gain = 146.051 ; free physical = 4851 ; free virtual = 16427

Phase 4.3 Placer Reporting
Phase 4.3 Placer Reporting | Checksum: 1839c6d38

Time (s): cpu = 00:02:13 ; elapsed = 00:01:33 . Memory (MB): peak = 2568.723 ; gain = 146.051 ; free physical = 4859 ; free virtual = 16435

Phase 4.4 Final Placement Cleanup
Netlist sorting complete. Time (s): cpu = 00:00:00 ; elapsed = 00:00:00 . Memory (MB): peak = 2568.723 ; gain = 0.000 ; free physical = 4859 ; free virtual = 16435
Phase 4.4 Final Placement Cleanup | Checksum: 109420fe7

Time (s): cpu = 00:02:13 ; elapsed = 00:01:33 . Memory (MB): peak = 2568.723 ; gain = 146.051 ; free physical = 4859 ; free virtual = 16434
Phase 4 Post Placement Optimization and Clean-Up | Checksum: 109420fe7

Time (s): cpu = 00:02:13 ; elapsed = 00:01:34 . Memory (MB): peak = 2568.723 ; gain = 146.051 ; free physical = 4859 ; free virtual = 16434
Ending Placer Task | Checksum: 9ae85f33

Time (s): cpu = 00:02:13 ; elapsed = 00:01:34 . Memory (MB): peak = 2568.723 ; gain = 146.051 ; free physical = 4910 ; free virtual = 16485
INFO: [Common 17-83] Releasing license: Implementation
56 Infos, 0 Warnings, 1 Critical Warnings and 0 Errors encountered.
place_design completed successfully
place_design: Time (s): cpu = 00:02:15 ; elapsed = 00:01:36 . Memory (MB): peak = 2568.723 ; gain = 146.051 ; free physical = 4910 ; free virtual = 16485
Netlist sorting complete. Time (s): cpu = 00:00:00 ; elapsed = 00:00:00 . Memory (MB): peak = 2568.723 ; gain = 0.000 ; free physical = 4910 ; free virtual = 16485
INFO: [Timing 38-480] Writing timing data to binary archive.
Writing placer database...
Netlist sorting complete. Time (s): cpu = 00:00:00.01 ; elapsed = 00:00:00 . Memory (MB): peak = 2568.723 ; gain = 0.000 ; free physical = 4907 ; free virtual = 16492
Writing XDEF routing.
Writing XDEF routing logical nets.
Writing XDEF routing special nets.
Write XDEF Complete: Time (s): cpu = 00:00:03 ; elapsed = 00:00:00.96 . Memory (MB): peak = 2568.723 ; gain = 0.000 ; free physical = 4915 ; free virtual = 16521
INFO: [Common 17-1381] The checkpoint '/home/christodoulos-zerdalis/Desktop/FFT/radix_4_SDF_bram_adders/fft_bram_adders/fft_bram_adders.runs/impl_2/fft_top_placed.dcp' has been generated.
write_checkpoint: Time (s): cpu = 00:00:06 ; elapsed = 00:00:05 . Memory (MB): peak = 2568.723 ; gain = 0.000 ; free physical = 5014 ; free virtual = 16596
INFO: [runtcl-4] Executing : report_io -file fft_top_io_placed.rpt
report_io: Time (s): cpu = 00:00:00.12 ; elapsed = 00:00:00.17 . Memory (MB): peak = 2568.723 ; gain = 0.000 ; free physical = 5000 ; free virtual = 16582
INFO: [runtcl-4] Executing : report_utilization -file fft_top_utilization_placed.rpt -pb fft_top_utilization_placed.pb
INFO: [runtcl-4] Executing : report_control_sets -verbose -file fft_top_control_sets_placed.rpt
report_control_sets: Time (s): cpu = 00:00:00.06 ; elapsed = 00:00:00.09 . Memory (MB): peak = 2568.723 ; gain = 0.000 ; free physical = 5016 ; free virtual = 16598
Command: phys_opt_design -directive Explore
Attempting to get a license for feature 'Implementation' and/or device 'xc7a200t'
INFO: [Common 17-349] Got license for feature 'Implementation' and/or device 'xc7a200t'
INFO: [Vivado_Tcl 4-137] Directive used for phys_opt_design is: Explore
Netlist sorting complete. Time (s): cpu = 00:00:00 ; elapsed = 00:00:00 . Memory (MB): peak = 2574.723 ; gain = 0.000 ; free physical = 5004 ; free virtual = 16587

Starting Physical Synthesis Task

Phase 1 Physical Synthesis Initialization
INFO: [Physopt 32-721] Multithreading enabled for phys_opt_design using a maximum of 8 CPUs
INFO: [Physopt 32-619] Estimated Timing Summary | WNS=0.230 | TNS=0.000 |
Phase 1 Physical Synthesis Initialization | Checksum: 1361579a5

Time (s): cpu = 00:00:07 ; elapsed = 00:00:03 . Memory (MB): peak = 2583.207 ; gain = 8.484 ; free physical = 5008 ; free virtual = 16593
INFO: [Physopt 32-619] Estimated Timing Summary | WNS=0.230 | TNS=0.000 |

Phase 2 Fanout Optimization
INFO: [Physopt 32-670] No setup violation found.  Fanout Optimization was not performed.
Phase 2 Fanout Optimization | Checksum: 1361579a5

Time (s): cpu = 00:00:08 ; elapsed = 00:00:03 . Memory (MB): peak = 2583.207 ; gain = 8.484 ; free physical = 5008 ; free virtual = 16593

Phase 3 Placement Based Optimization
INFO: [Physopt 32-670] No setup violation found.  Placement Based Optimization was not performed.
Phase 3 Placement Based Optimization | Checksum: 1361579a5

Time (s): cpu = 00:00:08 ; elapsed = 00:00:03 . Memory (MB): peak = 2583.207 ; gain = 8.484 ; free physical = 5008 ; free virtual = 16593

Phase 4 MultiInst Placement Optimization
INFO: [Physopt 32-670] No setup violation found.  MultiInst Placement Optimization was not performed.
Phase 4 MultiInst Placement Optimization | Checksum: 1361579a5

Time (s): cpu = 00:00:08 ; elapsed = 00:00:03 . Memory (MB): peak = 2583.207 ; gain = 8.484 ; free physical = 5008 ; free virtual = 16593

Phase 5 Rewire
INFO: [Physopt 32-670] No setup violation found.  Rewire was not performed.
Phase 5 Rewire | Checksum: 1361579a5

Time (s): cpu = 00:00:08 ; elapsed = 00:00:03 . Memory (MB): peak = 2583.207 ; gain = 8.484 ; free physical = 5008 ; free virtual = 16593

Phase 6 Critical Cell Optimization
INFO: [Physopt 32-670] No setup violation found.  Critical Cell Optimization was not performed.
Phase 6 Critical Cell Optimization | Checksum: 1361579a5

Time (s): cpu = 00:00:08 ; elapsed = 00:00:03 . Memory (MB): peak = 2583.207 ; gain = 8.484 ; free physical = 5008 ; free virtual = 16593

Phase 7 Fanout Optimization
INFO: [Physopt 32-670] No setup violation found.  Fanout Optimization was not performed.
Phase 7 Fanout Optimization | Checksum: 1361579a5

Time (s): cpu = 00:00:08 ; elapsed = 00:00:03 . Memory (MB): peak = 2583.207 ; gain = 8.484 ; free physical = 5008 ; free virtual = 16593

Phase 8 Placement Based Optimization
INFO: [Physopt 32-670] No setup violation found.  Placement Based Optimization was not performed.
Phase 8 Placement Based Optimization | Checksum: 1361579a5

Time (s): cpu = 00:00:08 ; elapsed = 00:00:03 . Memory (MB): peak = 2583.207 ; gain = 8.484 ; free physical = 5008 ; free virtual = 16593

Phase 9 MultiInst Placement Optimization
INFO: [Physopt 32-670] No setup violation found.  MultiInst Placement Optimization was not performed.
Phase 9 MultiInst Placement Optimization | Checksum: 1361579a5

Time (s): cpu = 00:00:08 ; elapsed = 00:00:03 . Memory (MB): peak = 2583.207 ; gain = 8.484 ; free physical = 5008 ; free virtual = 16593

Phase 10 Rewire
INFO: [Physopt 32-670] No setup violation found.  Rewire was not performed.
Phase 10 Rewire | Checksum: 1361579a5

Time (s): cpu = 00:00:08 ; elapsed = 00:00:03 . Memory (MB): peak = 2583.207 ; gain = 8.484 ; free physical = 5008 ; free virtual = 16593

Phase 11 Critical Cell Optimization
INFO: [Physopt 32-670] No setup violation found.  Critical Cell Optimization was not performed.
Phase 11 Critical Cell Optimization | Checksum: 1361579a5

Time (s): cpu = 00:00:08 ; elapsed = 00:00:03 . Memory (MB): peak = 2583.207 ; gain = 8.484 ; free physical = 5008 ; free virtual = 16593

Phase 12 Slr Crossing Optimization
INFO: [Physopt 32-670] No setup violation found.  Slr Crossing Optimization was not performed.
Phase 12 Slr Crossing Optimization | Checksum: 1361579a5

Time (s): cpu = 00:00:08 ; elapsed = 00:00:03 . Memory (MB): peak = 2583.207 ; gain = 8.484 ; free physical = 5008 ; free virtual = 16593

Phase 13 Fanout Optimization
INFO: [Physopt 32-670] No setup violation found.  Fanout Optimization was not performed.
Phase 13 Fanout Optimization | Checksum: 1361579a5

Time (s): cpu = 00:00:08 ; elapsed = 00:00:03 . Memory (MB): peak = 2583.207 ; gain = 8.484 ; free physical = 5008 ; free virtual = 16593

Phase 14 Placement Based Optimization
INFO: [Physopt 32-670] No setup violation found.  Placement Based Optimization was not performed.
Phase 14 Placement Based Optimization | Checksum: 1361579a5

Time (s): cpu = 00:00:08 ; elapsed = 00:00:03 . Memory (MB): peak = 2583.207 ; gain = 8.484 ; free physical = 5008 ; free virtual = 16593

Phase 15 MultiInst Placement Optimization
INFO: [Physopt 32-670] No setup violation found.  MultiInst Placement Optimization was not performed.
Phase 15 MultiInst Placement Optimization | Checksum: 1361579a5

Time (s): cpu = 00:00:08 ; elapsed = 00:00:03 . Memory (MB): peak = 2583.207 ; gain = 8.484 ; free physical = 5008 ; free virtual = 16593

Phase 16 Rewire
INFO: [Physopt 32-670] No setup violation found.  Rewire was not performed.
Phase 16 Rewire | Checksum: 1361579a5

Time (s): cpu = 00:00:08 ; elapsed = 00:00:03 . Memory (MB): peak = 2583.207 ; gain = 8.484 ; free physical = 5008 ; free virtual = 16593

Phase 17 Critical Cell Optimization
INFO: [Physopt 32-670] No setup violation found.  Critical Cell Optimization was not performed.
Phase 17 Critical Cell Optimization | Checksum: 1361579a5

Time (s): cpu = 00:00:08 ; elapsed = 00:00:03 . Memory (MB): peak = 2583.207 ; gain = 8.484 ; free physical = 5008 ; free virtual = 16593

Phase 18 DSP Register Optimization
INFO: [Physopt 32-670] No setup violation found.  DSP Register Optimization was not performed.
Phase 18 DSP Register Optimization | Checksum: 1361579a5

Time (s): cpu = 00:00:08 ; elapsed = 00:00:03 . Memory (MB): peak = 2583.207 ; gain = 8.484 ; free physical = 5008 ; free virtual = 16593

Phase 19 BRAM Register Optimization
INFO: [Physopt 32-670] No setup violation found.  BRAM Register Optimization was not performed.
Phase 19 BRAM Register Optimization | Checksum: 1361579a5

Time (s): cpu = 00:00:08 ; elapsed = 00:00:03 . Memory (MB): peak = 2583.207 ; gain = 8.484 ; free physical = 5008 ; free virtual = 16593

Phase 20 URAM Register Optimization
INFO: [Physopt 32-670] No setup violation found.  URAM Register Optimization was not performed.
Phase 20 URAM Register Optimization | Checksum: 1361579a5

Time (s): cpu = 00:00:08 ; elapsed = 00:00:03 . Memory (MB): peak = 2583.207 ; gain = 8.484 ; free physical = 5008 ; free virtual = 16593

Phase 21 Shift Register Optimization
INFO: [Physopt 32-670] No setup violation found.  Shift Register Optimization was not performed.
Phase 21 Shift Register Optimization | Checksum: 1361579a5

Time (s): cpu = 00:00:08 ; elapsed = 00:00:03 . Memory (MB): peak = 2583.207 ; gain = 8.484 ; free physical = 5008 ; free virtual = 16593

Phase 22 DSP Register Optimization
INFO: [Physopt 32-670] No setup violation found.  DSP Register Optimization was not performed.
Phase 22 DSP Register Optimization | Checksum: 1361579a5

Time (s): cpu = 00:00:08 ; elapsed = 00:00:03 . Memory (MB): peak = 2583.207 ; gain = 8.484 ; free physical = 5008 ; free virtual = 16593

Phase 23 BRAM Register Optimization
INFO: [Physopt 32-670] No setup violation found.  BRAM Register Optimization was not performed.
Phase 23 BRAM Register Optimization | Checksum: 1361579a5

Time (s): cpu = 00:00:08 ; elapsed = 00:00:03 . Memory (MB): peak = 2583.207 ; gain = 8.484 ; free physical = 5008 ; free virtual = 16593

Phase 24 URAM Register Optimization
INFO: [Physopt 32-670] No setup violation found.  URAM Register Optimization was not performed.
Phase 24 URAM Register Optimization | Checksum: 1361579a5

Time (s): cpu = 00:00:08 ; elapsed = 00:00:03 . Memory (MB): peak = 2583.207 ; gain = 8.484 ; free physical = 5008 ; free virtual = 16593

Phase 25 Shift Register Optimization
INFO: [Physopt 32-670] No setup violation found.  Shift Register Optimization was not performed.
Phase 25 Shift Register Optimization | Checksum: 1361579a5

Time (s): cpu = 00:00:08 ; elapsed = 00:00:03 . Memory (MB): peak = 2583.207 ; gain = 8.484 ; free physical = 5008 ; free virtual = 16593

Phase 26 Critical Pin Optimization
INFO: [Physopt 32-670] No setup violation found.  Critical Pin Optimization was not performed.
Phase 26 Critical Pin Optimization | Checksum: 1361579a5

Time (s): cpu = 00:00:08 ; elapsed = 00:00:03 . Memory (MB): peak = 2583.207 ; gain = 8.484 ; free physical = 5008 ; free virtual = 16593

Phase 27 Very High Fanout Optimization
INFO: [Physopt 32-76] Pass 1. Identified 3 candidate nets for fanout optimization.
INFO: [Physopt 32-232] Optimized 0 net. Created 0 new instance.
INFO: [Physopt 32-775] End 1 Pass. Optimized 0 net or cell. Created 0 new cell, deleted 0 existing cell and moved 0 existing cell
Phase 27 Very High Fanout Optimization | Checksum: 1361579a5

Time (s): cpu = 00:00:08 ; elapsed = 00:00:03 . Memory (MB): peak = 2583.207 ; gain = 8.484 ; free physical = 5008 ; free virtual = 16593

Phase 28 Placement Based Optimization
INFO: [Physopt 32-670] No setup violation found.  Placement Based Optimization was not performed.
Phase 28 Placement Based Optimization | Checksum: 1361579a5

Time (s): cpu = 00:00:08 ; elapsed = 00:00:03 . Memory (MB): peak = 2583.207 ; gain = 8.484 ; free physical = 5008 ; free virtual = 16593

Phase 29 MultiInst Placement Optimization
INFO: [Physopt 32-670] No setup violation found.  MultiInst Placement Optimization was not performed.
Phase 29 MultiInst Placement Optimization | Checksum: 1361579a5

Time (s): cpu = 00:00:08 ; elapsed = 00:00:03 . Memory (MB): peak = 2583.207 ; gain = 8.484 ; free physical = 5008 ; free virtual = 16593

Phase 30 Critical Path Optimization
INFO: [Physopt 32-619] Estimated Timing Summary | WNS=0.230 | TNS=0.000 |
INFO: [Physopt 32-619] Estimated Timing Summary | WNS=0.230 | TNS=0.000 |
Phase 30 Critical Path Optimization | Checksum: 1361579a5

Time (s): cpu = 00:00:08 ; elapsed = 00:00:03 . Memory (MB): peak = 2583.207 ; gain = 8.484 ; free physical = 5008 ; free virtual = 16593

Phase 31 BRAM Enable Optimization
Phase 31 BRAM Enable Optimization | Checksum: 1361579a5

Time (s): cpu = 00:00:08 ; elapsed = 00:00:03 . Memory (MB): peak = 2583.207 ; gain = 8.484 ; free physical = 5008 ; free virtual = 16593
Netlist sorting complete. Time (s): cpu = 00:00:00 ; elapsed = 00:00:00 . Memory (MB): peak = 2583.207 ; gain = 0.000 ; free physical = 5008 ; free virtual = 16593
INFO: [Physopt 32-603] Post Physical Optimization Timing Summary | WNS=0.230 | TNS=0.000 |

Summary of Physical Synthesis Optimizations
============================================


--------------------------------------------------------------------------------------------------------------------------------------------------------------------
|  Optimization          |  WNS Gain (ns)  |  TNS Gain (ns)  |  Added Cells  |  Removed Cells  |  Optimized Cells/Nets  |  Dont Touch  |  Iterations  |  Elapsed   |
--------------------------------------------------------------------------------------------------------------------------------------------------------------------
|  Fanout                |          0.000  |          0.000  |            0  |              0  |                     0  |           0  |           0  |  00:00:00  |
|  Placement Based       |          0.000  |          0.000  |            0  |              0  |                     0  |           0  |           0  |  00:00:00  |
|  MultiInst Placement   |          0.000  |          0.000  |            0  |              0  |                     0  |           0  |           0  |  00:00:00  |
|  Rewire                |          0.000  |          0.000  |            0  |              0  |                     0  |           0  |           0  |  00:00:00  |
|  Critical Cell         |          0.000  |          0.000  |            0  |              0  |                     0  |           0  |           0  |  00:00:00  |
|  Slr Crossing          |          0.000  |          0.000  |            0  |              0  |                     0  |           0  |           0  |  00:00:00  |
|  DSP Register          |          0.000  |          0.000  |            0  |              0  |                     0  |           0  |           0  |  00:00:00  |
|  BRAM Register         |          0.000  |          0.000  |            0  |              0  |                     0  |           0  |           0  |  00:00:00  |
|  URAM Register         |          0.000  |          0.000  |            0  |              0  |                     0  |           0  |           0  |  00:00:00  |
|  Shift Register        |          0.000  |          0.000  |            0  |              0  |                     0  |           0  |           0  |  00:00:00  |
|  Critical Pin          |          0.000  |          0.000  |            0  |              0  |                     0  |           0  |           0  |  00:00:00  |
|  Very High Fanout      |          0.000  |          0.000  |            0  |              0  |                     0  |           0  |           1  |  00:00:00  |
|  BRAM Enable           |          0.000  |          0.000  |            0  |              0  |                     0  |           0  |           1  |  00:00:00  |
|  Critical Path         |          0.000  |          0.000  |            0  |              0  |                     0  |           0  |           1  |  00:00:00  |
|  Total                 |          0.000  |          0.000  |            0  |              0  |                     0  |           0  |           3  |  00:00:00  |
--------------------------------------------------------------------------------------------------------------------------------------------------------------------


Netlist sorting complete. Time (s): cpu = 00:00:00 ; elapsed = 00:00:00.01 . Memory (MB): peak = 2583.207 ; gain = 0.000 ; free physical = 5008 ; free virtual = 16593
Ending Physical Synthesis Task | Checksum: 1361579a5

Time (s): cpu = 00:00:08 ; elapsed = 00:00:03 . Memory (MB): peak = 2583.207 ; gain = 8.484 ; free physical = 5008 ; free virtual = 16593
INFO: [Common 17-83] Releasing license: Implementation
100 Infos, 0 Warnings, 1 Critical Warnings and 0 Errors encountered.
phys_opt_design completed successfully
Netlist sorting complete. Time (s): cpu = 00:00:00.01 ; elapsed = 00:00:00 . Memory (MB): peak = 2583.207 ; gain = 0.000 ; free physical = 5015 ; free virtual = 16601
INFO: [Timing 38-480] Writing timing data to binary archive.
Writing placer database...
Netlist sorting complete. Time (s): cpu = 00:00:00.01 ; elapsed = 00:00:00.01 . Memory (MB): peak = 2583.207 ; gain = 0.000 ; free physical = 5013 ; free virtual = 16608
Writing XDEF routing.
Writing XDEF routing logical nets.
Writing XDEF routing special nets.
Write XDEF Complete: Time (s): cpu = 00:00:03 ; elapsed = 00:00:00.95 . Memory (MB): peak = 2583.207 ; gain = 0.000 ; free physical = 4997 ; free virtual = 16610
INFO: [Common 17-1381] The checkpoint '/home/christodoulos-zerdalis/Desktop/FFT/radix_4_SDF_bram_adders/fft_bram_adders/fft_bram_adders.runs/impl_2/fft_top_physopt.dcp' has been generated.
Command: route_design -directive NoTimingRelaxation
Attempting to get a license for feature 'Implementation' and/or device 'xc7a200t'
INFO: [Common 17-349] Got license for feature 'Implementation' and/or device 'xc7a200t'
Running DRC as a precondition to command route_design
INFO: [DRC 23-27] Running DRC with 8 threads
INFO: [Vivado_Tcl 4-198] DRC finished with 0 Errors
INFO: [Vivado_Tcl 4-199] Please refer to the DRC report (report_drc) for more information.


Starting Routing Task
INFO: [Route 35-270] Using Router directive 'NoTimingRelaxation'.
INFO: [Route 35-254] Multithreading enabled for route_design using a maximum of 8 CPUs
Checksum: PlaceDB: 55ee429f ConstDB: 0 ShapeSum: 3c3bcb6b RouteDB: 0

Phase 1 Build RT Design
Phase 1 Build RT Design | Checksum: 64753084

Time (s): cpu = 00:00:39 ; elapsed = 00:00:31 . Memory (MB): peak = 2761.469 ; gain = 146.246 ; free physical = 4852 ; free virtual = 16440
Post Restoration Checksum: NetGraph: e493a94 NumContArr: 562bf5f0 Constraints: 0 Timing: 0

Phase 2 Router Initialization

Phase 2.1 Create Timer
Phase 2.1 Create Timer | Checksum: 64753084

Time (s): cpu = 00:00:40 ; elapsed = 00:00:31 . Memory (MB): peak = 2761.469 ; gain = 146.246 ; free physical = 4855 ; free virtual = 16443

Phase 2.2 Fix Topology Constraints
Phase 2.2 Fix Topology Constraints | Checksum: 64753084

Time (s): cpu = 00:00:40 ; elapsed = 00:00:31 . Memory (MB): peak = 2790.465 ; gain = 175.242 ; free physical = 4816 ; free virtual = 16404

Phase 2.3 Pre Route Cleanup
Phase 2.3 Pre Route Cleanup | Checksum: 64753084

Time (s): cpu = 00:00:40 ; elapsed = 00:00:31 . Memory (MB): peak = 2790.465 ; gain = 175.242 ; free physical = 4816 ; free virtual = 16404
 Number of Nodes with overlaps = 0

Phase 2.4 Update Timing
Phase 2.4 Update Timing | Checksum: 12a8497b3

Time (s): cpu = 00:00:48 ; elapsed = 00:00:34 . Memory (MB): peak = 2861.105 ; gain = 245.883 ; free physical = 4726 ; free virtual = 16314
INFO: [Route 35-416] Intermediate Timing Summary | WNS=0.168  | TNS=0.000  | WHS=-0.221 | THS=-935.708|

Phase 2 Router Initialization | Checksum: 10d4a3020

Time (s): cpu = 00:00:53 ; elapsed = 00:00:35 . Memory (MB): peak = 2861.105 ; gain = 245.883 ; free physical = 4729 ; free virtual = 16317

Phase 3 Initial Routing
Phase 3 Initial Routing | Checksum: b2ba4835

Time (s): cpu = 00:00:58 ; elapsed = 00:00:37 . Memory (MB): peak = 2863.730 ; gain = 248.508 ; free physical = 4718 ; free virtual = 16305

Phase 4 Rip-up And Reroute

Phase 4.1 Global Iteration 0
 Number of Nodes with overlaps = 2026
 Number of Nodes with overlaps = 771
 Number of Nodes with overlaps = 413
 Number of Nodes with overlaps = 210
 Number of Nodes with overlaps = 112
 Number of Nodes with overlaps = 70
 Number of Nodes with overlaps = 46
 Number of Nodes with overlaps = 22
 Number of Nodes with overlaps = 3
 Number of Nodes with overlaps = 3
 Number of Nodes with overlaps = 0
INFO: [Route 35-416] Intermediate Timing Summary | WNS=0.028  | TNS=0.000  | WHS=N/A    | THS=N/A    |

Phase 4.1 Global Iteration 0 | Checksum: 2408fdee6

Time (s): cpu = 00:01:27 ; elapsed = 00:00:50 . Memory (MB): peak = 2863.730 ; gain = 248.508 ; free physical = 4820 ; free virtual = 16392
Phase 4 Rip-up And Reroute | Checksum: 2408fdee6

Time (s): cpu = 00:01:27 ; elapsed = 00:00:50 . Memory (MB): peak = 2863.730 ; gain = 248.508 ; free physical = 4820 ; free virtual = 16392

Phase 5 Delay and Skew Optimization

Phase 5.1 Delay CleanUp

Phase 5.1.1 Update Timing
Phase 5.1.1 Update Timing | Checksum: 2aa84a1d3

Time (s): cpu = 00:01:28 ; elapsed = 00:00:50 . Memory (MB): peak = 2863.730 ; gain = 248.508 ; free physical = 4819 ; free virtual = 16392
INFO: [Route 35-416] Intermediate Timing Summary | WNS=0.102  | TNS=0.000  | WHS=N/A    | THS=N/A    |

Phase 5.1 Delay CleanUp | Checksum: 2aa84a1d3

Time (s): cpu = 00:01:28 ; elapsed = 00:00:50 . Memory (MB): peak = 2863.730 ; gain = 248.508 ; free physical = 4819 ; free virtual = 16392

Phase 5.2 Clock Skew Optimization
Phase 5.2 Clock Skew Optimization | Checksum: 2aa84a1d3

Time (s): cpu = 00:01:28 ; elapsed = 00:00:50 . Memory (MB): peak = 2863.730 ; gain = 248.508 ; free physical = 4819 ; free virtual = 16392
Phase 5 Delay and Skew Optimization | Checksum: 2aa84a1d3

Time (s): cpu = 00:01:28 ; elapsed = 00:00:50 . Memory (MB): peak = 2863.730 ; gain = 248.508 ; free physical = 4819 ; free virtual = 16392

Phase 6 Post Hold Fix

Phase 6.1 Hold Fix Iter

Phase 6.1.1 Update Timing
Phase 6.1.1 Update Timing | Checksum: 2ee68e10c

Time (s): cpu = 00:01:30 ; elapsed = 00:00:51 . Memory (MB): peak = 2863.730 ; gain = 248.508 ; free physical = 4819 ; free virtual = 16392
INFO: [Route 35-416] Intermediate Timing Summary | WNS=0.102  | TNS=0.000  | WHS=0.040  | THS=0.000  |

Phase 6.1 Hold Fix Iter | Checksum: 2e26a53ce

Time (s): cpu = 00:01:30 ; elapsed = 00:00:51 . Memory (MB): peak = 2863.730 ; gain = 248.508 ; free physical = 4821 ; free virtual = 16393
Phase 6 Post Hold Fix | Checksum: 2e26a53ce

Time (s): cpu = 00:01:30 ; elapsed = 00:00:51 . Memory (MB): peak = 2863.730 ; gain = 248.508 ; free physical = 4821 ; free virtual = 16393

Phase 7 Route finalize

Router Utilization Summary
  Global Vertical Routing Utilization    = 1.49185 %
  Global Horizontal Routing Utilization  = 2.29465 %
  Routable Net Status*
  *Does not include unroutable nets such as driverless and loadless.
  Run report_route_status for detailed report.
  Number of Failed Nets               = 0
  Number of Unrouted Nets             = 0
  Number of Partially Routed Nets     = 0
  Number of Node Overlaps             = 0

Phase 7 Route finalize | Checksum: 20052953d

Time (s): cpu = 00:01:30 ; elapsed = 00:00:51 . Memory (MB): peak = 2863.730 ; gain = 248.508 ; free physical = 4821 ; free virtual = 16393

Phase 8 Verifying routed nets

 Verification completed successfully
Phase 8 Verifying routed nets | Checksum: 20052953d

Time (s): cpu = 00:01:30 ; elapsed = 00:00:51 . Memory (MB): peak = 2863.730 ; gain = 248.508 ; free physical = 4821 ; free virtual = 16393

Phase 9 Depositing Routes
Phase 9 Depositing Routes | Checksum: 10d64a23e

Time (s): cpu = 00:01:31 ; elapsed = 00:00:52 . Memory (MB): peak = 2863.730 ; gain = 248.508 ; free physical = 4826 ; free virtual = 16399

Phase 10 Post Router Timing
INFO: [Route 35-20] Post Routing Timing Summary | WNS=0.104  | TNS=0.000  | WHS=0.041  | THS=0.000  |

INFO: [Route 35-61] The design met the timing requirement.
Phase 10 Post Router Timing | Checksum: 16e8ad0f2

Time (s): cpu = 00:01:39 ; elapsed = 00:00:53 . Memory (MB): peak = 2863.730 ; gain = 248.508 ; free physical = 4826 ; free virtual = 16401
INFO: [Route 35-16] Router Completed Successfully

Time (s): cpu = 00:01:39 ; elapsed = 00:00:53 . Memory (MB): peak = 2863.730 ; gain = 248.508 ; free physical = 5010 ; free virtual = 16585

Routing Is Done.
INFO: [Common 17-83] Releasing license: Implementation
116 Infos, 0 Warnings, 1 Critical Warnings and 0 Errors encountered.
route_design completed successfully
route_design: Time (s): cpu = 00:01:42 ; elapsed = 00:00:55 . Memory (MB): peak = 2863.730 ; gain = 280.523 ; free physical = 5010 ; free virtual = 16585
Netlist sorting complete. Time (s): cpu = 00:00:00 ; elapsed = 00:00:00.01 . Memory (MB): peak = 2863.730 ; gain = 0.000 ; free physical = 5010 ; free virtual = 16585
INFO: [Timing 38-480] Writing timing data to binary archive.
Writing placer database...
Netlist sorting complete. Time (s): cpu = 00:00:00.01 ; elapsed = 00:00:00 . Memory (MB): peak = 2863.730 ; gain = 0.000 ; free physical = 5009 ; free virtual = 16591
Writing XDEF routing.
Writing XDEF routing logical nets.
Writing XDEF routing special nets.
Write XDEF Complete: Time (s): cpu = 00:00:03 ; elapsed = 00:00:01 . Memory (MB): peak = 2863.730 ; gain = 0.000 ; free physical = 4968 ; free virtual = 16576
INFO: [Common 17-1381] The checkpoint '/home/christodoulos-zerdalis/Desktop/FFT/radix_4_SDF_bram_adders/fft_bram_adders/fft_bram_adders.runs/impl_2/fft_top_routed.dcp' has been generated.
write_checkpoint: Time (s): cpu = 00:00:06 ; elapsed = 00:00:05 . Memory (MB): peak = 2863.730 ; gain = 0.000 ; free physical = 5000 ; free virtual = 16581
INFO: [runtcl-4] Executing : report_drc -file fft_top_drc_routed.rpt -pb fft_top_drc_routed.pb -rpx fft_top_drc_routed.rpx
Command: report_drc -file fft_top_drc_routed.rpt -pb fft_top_drc_routed.pb -rpx fft_top_drc_routed.rpx
INFO: [IP_Flow 19-1839] IP Catalog is up to date.
INFO: [DRC 23-27] Running DRC with 8 threads
INFO: [Coretcl 2-168] The results of DRC are in file /home/christodoulos-zerdalis/Desktop/FFT/radix_4_SDF_bram_adders/fft_bram_adders/fft_bram_adders.runs/impl_2/fft_top_drc_routed.rpt.
report_drc completed successfully
INFO: [runtcl-4] Executing : report_methodology -file fft_top_methodology_drc_routed.rpt -pb fft_top_methodology_drc_routed.pb -rpx fft_top_methodology_drc_routed.rpx
Command: report_methodology -file fft_top_methodology_drc_routed.rpt -pb fft_top_methodology_drc_routed.pb -rpx fft_top_methodology_drc_routed.rpx
INFO: [Timing 38-35] Done setting XDC timing constraints.
INFO: [DRC 23-133] Running Methodology with 8 threads
INFO: [Coretcl 2-1520] The results of Report Methodology are in file /home/christodoulos-zerdalis/Desktop/FFT/radix_4_SDF_bram_adders/fft_bram_adders/fft_bram_adders.runs/impl_2/fft_top_methodology_drc_routed.rpt.
report_methodology completed successfully
INFO: [runtcl-4] Executing : report_power -file fft_top_power_routed.rpt -pb fft_top_power_summary_routed.pb -rpx fft_top_power_routed.rpx
Command: report_power -file fft_top_power_routed.rpt -pb fft_top_power_summary_routed.pb -rpx fft_top_power_routed.rpx
INFO: [Timing 38-35] Done setting XDC timing constraints.
Running Vector-less Activity Propagation...

Finished Running Vector-less Activity Propagation
128 Infos, 0 Warnings, 1 Critical Warnings and 0 Errors encountered.
report_power completed successfully
INFO: [runtcl-4] Executing : report_route_status -file fft_top_route_status.rpt -pb fft_top_route_status.pb
INFO: [runtcl-4] Executing : report_timing_summary -max_paths 10 -file fft_top_timing_summary_routed.rpt -pb fft_top_timing_summary_routed.pb -rpx fft_top_timing_summary_routed.rpx -warn_on_violation 
INFO: [Timing 38-91] UpdateTimingParams: Speed grade: -2, Delay Type: min_max.
INFO: [Timing 38-191] Multithreading enabled for timing update using a maximum of 8 CPUs
INFO: [runtcl-4] Executing : report_incremental_reuse -file fft_top_incremental_reuse_routed.rpt
INFO: [Vivado_Tcl 4-1062] Incremental flow is disabled. No incremental reuse Info to report.
INFO: [runtcl-4] Executing : report_clock_utilization -file fft_top_clock_utilization_routed.rpt
INFO: [runtcl-4] Executing : report_bus_skew -warn_on_violation -file fft_top_bus_skew_routed.rpt -pb fft_top_bus_skew_routed.pb -rpx fft_top_bus_skew_routed.rpx
INFO: [Timing 38-91] UpdateTimingParams: Speed grade: -2, Delay Type: min_max.
INFO: [Timing 38-191] Multithreading enabled for timing update using a maximum of 8 CPUs
INFO: [Common 17-206] Exiting Vivado at Tue Jan 20 20:43:32 2026...
