Vivado Simulator 2018.3
Copyright 1986-1999, 2001-2018 Xilinx, Inc. All Rights Reserved.
Running: /tools/Xilinx/Vivado/2018.3/bin/unwrapped/lnx64.o/xelab -wto 06dcdfe8d4fe469d8b8fd99cc47ff466 --incr --debug typical --relax --mt 8 -L xil_defaultlib -L unisims_ver -L secureip --snapshot tb_top_func_impl xil_defaultlib.tb_top xil_defaultlib.glbl -log elaborate.log 
Using 8 slave threads.
Starting static elaboration
Completed static elaboration
Starting simulation data flow analysis
Completed simulation data flow analysis
Time Resolution for simulation is 1ps
Compiling module unisims_ver.BUFG
Compiling module unisims_ver.IBUF
Compiling module unisims_ver.FDRE_default
Compiling module unisims_ver.SRL16E_default
Compiling module unisims_ver.x_lut2_mux4
Compiling module unisims_ver.LUT2
Compiling module unisims_ver.DSP48E1(ACASCREG=2,ALUMODEREG=0,...
Compiling module unisims_ver.DSP48E1(ACASCREG=2,ALUMODEREG=0,...
Compiling module unisims_ver.DSP48E1(ACASCREG=2,ALUMODEREG=0,...
Compiling module unisims_ver.DSP48E1(ACASCREG=2,ALUMODEREG=0,...
Compiling module unisims_ver.CARRY4
Compiling module xil_defaultlib.butterfly_radix4_pipeline_2
Compiling module unisims_ver.x_lut3_mux8
Compiling module unisims_ver.LUT3
Compiling module xil_defaultlib.SdfUnit4_fast
Compiling module unisims_ver.VCC
Compiling module unisims_ver.DSP48E1(ALUMODEREG=0,CARRYINREG=...
Compiling module unisims_ver.DSP48E1(ACASCREG=0,ALUMODEREG=0,...
Compiling module unisims_ver.LUT4
Compiling module unisims_ver.DSP48E1(ALUMODEREG=0,CARRYINREG=...
Compiling module xil_defaultlib.butterfly_radix4_pipeline_1
Compiling module unisims_ver.x_lut1_mux2
Compiling module unisims_ver.LUT1
Compiling module unisims_ver.LUT5
Compiling module unisims_ver.LUT6
Compiling module unisims_ver.RAM32M
Compiling module xil_defaultlib.memory
Compiling module xil_defaultlib.SdfUnit4_fast__parameterized0
Compiling module unisims_ver.DSP48E1(ALUMODEREG=0,BCASCREG=0,...
Compiling module unisims_ver.DSP48E1(ALUMODEREG=0,BCASCREG=0,...
Compiling module xil_defaultlib.butterfly_radix4_pipeline_0
Compiling module xil_defaultlib.memory__parameterized0
Compiling module xil_defaultlib.SdfUnit4_fast__parameterized1
Compiling module unisims_ver.DSP48E1(ACASCREG=0,ALUMODEREG=0,...
Compiling module xil_defaultlib.butterfly_radix4_pipeline
Compiling module unisims_ver.RAM64M
Compiling module unisims_ver.RAM64X1D
Compiling module xil_defaultlib.memory__parameterized1
Compiling module unisims_ver.MUXF7
Compiling module unisims_ver.MUXF8
Compiling module xil_defaultlib.SdfUnit4_fast__parameterized2
Compiling module unisims_ver.OBUF
Compiling module xil_defaultlib.fft_top
Compiling module xil_defaultlib.tb_top
Compiling module xil_defaultlib.glbl
Built simulation snapshot tb_top_func_impl
