#-----------------------------------------------------------
# Vivado v2018.3 (64-bit)
# SW Build 2405991 on Thu Dec  6 23:36:41 MST 2018
# IP Build 2404404 on Fri Dec  7 01:43:56 MST 2018
# Start of session at: Mon Jan 19 22:48:26 2026
# Process ID: 26933
# Current directory: /home/christodoulos-zerdalis/Desktop/FFT/radix_4_SDF_bram
# Command line: vivado
# Log file: /home/christodoulos-zerdalis/Desktop/FFT/radix_4_SDF_bram/vivado.log
# Journal file: /home/christodoulos-zerdalis/Desktop/FFT/radix_4_SDF_bram/vivado.jou
#-----------------------------------------------------------
start_gui
create_project fft_bram /home/christodoulos-zerdalis/Desktop/FFT/radix_4_SDF_bram/fft_bram -part xc7a200tfbg676-2
INFO: [IP_Flow 19-234] Refreshing IP repositories
INFO: [IP_Flow 19-1704] No user IP repositories specified
INFO: [IP_Flow 19-2313] Loaded Vivado IP repository '/tools/Xilinx/Vivado/2018.3/data/ip'.
set_property board_part xilinx.com:ac701:part0:1.4 [current_project]
set_property simulator_language Verilog [current_project]
add_files -norecurse {/home/christodoulos-zerdalis/Desktop/FFT/radix_4_SDF_bram/fft_radix_4_top.v /home/christodoulos-zerdalis/Desktop/FFT/radix_4_SDF_bram/butterfly.v /home/christodoulos-zerdalis/Desktop/FFT/radix_4_SDF_bram/memory.v /home/christodoulos-zerdalis/Desktop/FFT/radix_4_SDF_bram/stage_unit.v}
update_compile_order -fileset sources_1
update_compile_order -fileset sources_1
set_property SOURCE_SET sources_1 [get_filesets sim_1]
add_files -fileset sim_1 -norecurse /home/christodoulos-zerdalis/Desktop/FFT/radix_4_SDF_bram/tb_fft_radix_4_top.v
update_compile_order -fileset sim_1
update_compile_order -fileset sim_1
launch_simulation
INFO: [Vivado 12-5682] Launching behavioral simulation in '/home/christodoulos-zerdalis/Desktop/FFT/radix_4_SDF_bram/fft_bram/fft_bram.sim/sim_1/behav/xsim'
INFO: [SIM-utils-51] Simulation object is 'sim_1'
INFO: [SIM-utils-54] Inspecting design source files for 'tb_top' in fileset 'sim_1'...
INFO: [USF-XSim-97] Finding global include files...
INFO: [USF-XSim-98] Fetching design files from 'sim_1'...
INFO: [USF-XSim-2] XSim::Compile design
INFO: [USF-XSim-61] Executing 'COMPILE and ANALYZE' step in '/home/christodoulos-zerdalis/Desktop/FFT/radix_4_SDF_bram/fft_bram/fft_bram.sim/sim_1/behav/xsim'
xvlog --incr --relax -prj tb_top_vlog.prj
INFO: [VRFC 10-2263] Analyzing Verilog file "/home/christodoulos-zerdalis/Desktop/FFT/radix_4_SDF_bram/butterfly.v" into library xil_defaultlib
INFO: [VRFC 10-311] analyzing module butterfly_radix4_pipeline
INFO: [VRFC 10-2263] Analyzing Verilog file "/home/christodoulos-zerdalis/Desktop/FFT/radix_4_SDF_bram/fft_radix_4_top.v" into library xil_defaultlib
INFO: [VRFC 10-311] analyzing module fft_top
INFO: [VRFC 10-2263] Analyzing Verilog file "/home/christodoulos-zerdalis/Desktop/FFT/radix_4_SDF_bram/memory.v" into library xil_defaultlib
INFO: [VRFC 10-311] analyzing module memory
ERROR: [VRFC 10-2989] 'Depth' is not declared [/home/christodoulos-zerdalis/Desktop/FFT/radix_4_SDF_bram/memory.v:97]
ERROR: [VRFC 10-2865] module 'memory' ignored due to previous errors [/home/christodoulos-zerdalis/Desktop/FFT/radix_4_SDF_bram/memory.v:4]
INFO: [USF-XSim-69] 'compile' step finished in '1' seconds
INFO: [USF-XSim-99] Step results log file:'/home/christodoulos-zerdalis/Desktop/FFT/radix_4_SDF_bram/fft_bram/fft_bram.sim/sim_1/behav/xsim/xvlog.log'
ERROR: [USF-XSim-62] 'compile' step failed with error(s). Please check the Tcl console output or '/home/christodoulos-zerdalis/Desktop/FFT/radix_4_SDF_bram/fft_bram/fft_bram.sim/sim_1/behav/xsim/xvlog.log' file for more information.
ERROR: [Vivado 12-4473] Detected error while running simulation. Please correct the issue and retry this operation.
ERROR: [Common 17-39] 'launch_simulation' failed due to earlier errors.
exit
INFO: [Common 17-206] Exiting Vivado at Mon Jan 19 22:53:18 2026...
