Copyright 1986-2018 Xilinx, Inc. All Rights Reserved.
--------------------------------------------------------------------------------------------
| Tool Version : Vivado v.2018.3 (lin64) Build 2405991 Thu Dec  6 23:36:41 MST 2018
| Date         : Tue Jan 20 04:16:47 2026
| Host         : christodoulos-zerdalis-IdeaPad-3-15IIL05 running 64-bit Ubuntu 24.04.3 LTS
| Command      : report_control_sets -verbose -file fft_top_control_sets_placed.rpt
| Design       : fft_top
| Device       : xc7a200t
--------------------------------------------------------------------------------------------

Control Set Information

Table of Contents
-----------------
1. Summary
2. Histogram
3. Flip-Flop Distribution
4. Detailed Control Set Information

1. Summary
----------

+----------------------------------------------------------+-------+
|                          Status                          | Count |
+----------------------------------------------------------+-------+
| Number of unique control sets                            |    14 |
| Unused register locations in slices containing registers |    38 |
+----------------------------------------------------------+-------+


2. Histogram
------------

+--------+--------------+
| Fanout | Control Sets |
+--------+--------------+
|      5 |            2 |
|      6 |            3 |
|      9 |            2 |
|     13 |            2 |
|    16+ |            5 |
+--------+--------------+


3. Flip-Flop Distribution
-------------------------

+--------------+-----------------------+------------------------+-----------------+--------------+
| Clock Enable | Synchronous Set/Reset | Asynchronous Set/Reset | Total Registers | Total Slices |
+--------------+-----------------------+------------------------+-----------------+--------------+
| No           | No                    | No                     |             132 |           41 |
| No           | No                    | Yes                    |               0 |            0 |
| No           | Yes                   | No                     |            3481 |          980 |
| Yes          | No                    | No                     |               0 |            0 |
| Yes          | No                    | Yes                    |               0 |            0 |
| Yes          | Yes                   | No                     |              45 |           15 |
+--------------+-----------------------+------------------------+-----------------+--------------+


4. Detailed Control Set Information
-----------------------------------

+------------------+----------------------------------------------------------------------+--------------------------------+------------------+----------------+
|   Clock Signal   |                             Enable Signal                            |        Set/Reset Signal        | Slice Load Count | Bel Load Count |
+------------------+----------------------------------------------------------------------+--------------------------------+------------------+----------------+
|  clock_IBUF_BUFG |                                                                      | gen_stages[0].stage_inst/SR[0] |                2 |              5 |
|  clock_IBUF_BUFG | gen_stages[1].stage_inst/mem_counter_read                            | gen_stages[0].stage_inst/SR[0] |                2 |              5 |
|  clock_IBUF_BUFG | gen_stages[1].stage_inst/gen_input_logic.flush_count[5]_i_1_n_0      | reset_IBUF                     |                2 |              6 |
|  clock_IBUF_BUFG | gen_stages[2].stage_inst/gen_input_logic.flush_count[5]_i_1__0_n_0   | reset_IBUF                     |                3 |              6 |
|  clock_IBUF_BUFG | gen_stages[3].stage_inst/gen_input_logic.flush_count[5]_i_1__1_n_0   | reset_IBUF                     |                2 |              6 |
|  clock_IBUF_BUFG |                                                                      | gen_stages[1].stage_inst/SR[0] |                2 |              9 |
|  clock_IBUF_BUFG | gen_stages[2].stage_inst/mem_counter_read                            | gen_stages[1].stage_inst/SR[0] |                2 |              9 |
|  clock_IBUF_BUFG |                                                                      | gen_stages[2].stage_inst/SR[0] |                3 |             13 |
|  clock_IBUF_BUFG | gen_stages[3].stage_inst/mem_counter_read                            | gen_stages[2].stage_inst/SR[0] |                4 |             13 |
|  clock_IBUF_BUFG | gen_stages[3].stage_inst/gen_memory.mem/mem_D_reg_0_63_0_2_i_4_n_0   |                                |               44 |            176 |
|  clock_IBUF_BUFG | gen_stages[3].stage_inst/gen_memory.mem/mem_D_reg_64_127_0_2_i_1_n_0 |                                |               44 |            176 |
|  clock_IBUF_BUFG |                                                                      |                                |               41 |            264 |
|  clock_IBUF_BUFG | gen_stages[2].stage_inst/gen_memory.mem/reset                        |                                |               48 |            384 |
|  clock_IBUF_BUFG |                                                                      | reset_IBUF                     |              973 |           3454 |
+------------------+----------------------------------------------------------------------+--------------------------------+------------------+----------------+


