Copyright 1986-2018 Xilinx, Inc. All Rights Reserved.
--------------------------------------------------------------------------------------------------------------------------------------------------------------------------------------------
| Tool Version : Vivado v.2018.3 (lin64) Build 2405991 Thu Dec  6 23:36:41 MST 2018
| Date         : Tue Jan 20 04:19:24 2026
| Host         : christodoulos-zerdalis-IdeaPad-3-15IIL05 running 64-bit Ubuntu 24.04.3 LTS
| Command      : report_timing_summary -max_paths 10 -file fft_top_timing_summary_routed.rpt -pb fft_top_timing_summary_routed.pb -rpx fft_top_timing_summary_routed.rpx -warn_on_violation
| Design       : fft_top
| Device       : 7a200t-fbg676
| Speed File   : -2  PRODUCTION 1.23 2018-06-13
--------------------------------------------------------------------------------------------------------------------------------------------------------------------------------------------

Timing Summary Report

------------------------------------------------------------------------------------------------
| Timer Settings
| --------------
------------------------------------------------------------------------------------------------

  Enable Multi Corner Analysis               :  Yes
  Enable Pessimism Removal                   :  Yes
  Pessimism Removal Resolution               :  Nearest Common Node
  Enable Input Delay Default Clock           :  No
  Enable Preset / Clear Arcs                 :  No
  Disable Flight Delays                      :  No
  Ignore I/O Paths                           :  No
  Timing Early Launch at Borrowing Latches   :  false

  Corner  Analyze    Analyze    
  Name    Max Paths  Min Paths  
  ------  ---------  ---------  
  Slow    Yes        Yes        
  Fast    Yes        Yes        



check_timing report

Table of Contents
-----------------
1. checking no_clock
2. checking constant_clock
3. checking pulse_width_clock
4. checking unconstrained_internal_endpoints
5. checking no_input_delay
6. checking no_output_delay
7. checking multiple_clock
8. checking generated_clocks
9. checking loops
10. checking partial_input_delay
11. checking partial_output_delay
12. checking latch_loops

1. checking no_clock
--------------------
 There are 0 register/latch pins with no clock.


2. checking constant_clock
--------------------------
 There are 0 register/latch pins with constant_clock.


3. checking pulse_width_clock
-----------------------------
 There are 0 register/latch pins which need pulse_width check


4. checking unconstrained_internal_endpoints
--------------------------------------------
 There are 0 pins that are not constrained for maximum delay.

 There are 0 pins that are not constrained for maximum delay due to constant clock.


5. checking no_input_delay
--------------------------
 There are 130 input ports with no input delay specified. (HIGH)

 There are 0 input ports with no input delay but user has a false path constraint.


6. checking no_output_delay
---------------------------
 There are 129 ports with no output delay specified. (HIGH)

 There are 0 ports with no output delay but user has a false path constraint

 There are 0 ports with no output delay but with a timing clock defined on it or propagating through it


7. checking multiple_clock
--------------------------
 There are 0 register/latch pins with multiple clocks.


8. checking generated_clocks
----------------------------
 There are 0 generated clocks that are not connected to a clock source.


9. checking loops
-----------------
 There are 0 combinational loops in the design.


10. checking partial_input_delay
--------------------------------
 There are 0 input ports with partial input delay specified.


11. checking partial_output_delay
---------------------------------
 There are 0 ports with partial output delay specified.


12. checking latch_loops
------------------------
 There are 0 combinational latch loops in the design through latch input



------------------------------------------------------------------------------------------------
| Design Timing Summary
| ---------------------
------------------------------------------------------------------------------------------------

    WNS(ns)      TNS(ns)  TNS Failing Endpoints  TNS Total Endpoints      WHS(ns)      THS(ns)  THS Failing Endpoints  THS Total Endpoints     WPWS(ns)     TPWS(ns)  TPWS Failing Endpoints  TPWS Total Endpoints  
    -------      -------  ---------------------  -------------------      -------      -------  ---------------------  -------------------     --------     --------  ----------------------  --------------------  
     -0.271     -310.513                   1162                11224        0.073        0.000                      0                11224        0.370        0.000                       0                  4614  


Timing constraints are not met.


------------------------------------------------------------------------------------------------
| Clock Summary
| -------------
------------------------------------------------------------------------------------------------

Clock    Waveform(ns)         Period(ns)      Frequency(MHz)
-----    ------------         ----------      --------------
sys_clk  {0.000 1.500}        3.000           333.333         


------------------------------------------------------------------------------------------------
| Intra Clock Table
| -----------------
------------------------------------------------------------------------------------------------

Clock             WNS(ns)      TNS(ns)  TNS Failing Endpoints  TNS Total Endpoints      WHS(ns)      THS(ns)  THS Failing Endpoints  THS Total Endpoints     WPWS(ns)     TPWS(ns)  TPWS Failing Endpoints  TPWS Total Endpoints  
-----             -------      -------  ---------------------  -------------------      -------      -------  ---------------------  -------------------     --------     --------  ----------------------  --------------------  
sys_clk            -0.271     -310.513                   1162                11224        0.073        0.000                      0                11224        0.370        0.000                       0                  4614  


------------------------------------------------------------------------------------------------
| Inter Clock Table
| -----------------
------------------------------------------------------------------------------------------------

From Clock    To Clock          WNS(ns)      TNS(ns)  TNS Failing Endpoints  TNS Total Endpoints      WHS(ns)      THS(ns)  THS Failing Endpoints  THS Total Endpoints  
----------    --------          -------      -------  ---------------------  -------------------      -------      -------  ---------------------  -------------------  


------------------------------------------------------------------------------------------------
| Other Path Groups Table
| -----------------------
------------------------------------------------------------------------------------------------

Path Group    From Clock    To Clock          WNS(ns)      TNS(ns)  TNS Failing Endpoints  TNS Total Endpoints      WHS(ns)      THS(ns)  THS Failing Endpoints  THS Total Endpoints  
----------    ----------    --------          -------      -------  ---------------------  -------------------      -------      -------  ---------------------  -------------------  


------------------------------------------------------------------------------------------------
| Timing Details
| --------------
------------------------------------------------------------------------------------------------


---------------------------------------------------------------------------------------------------
From Clock:  sys_clk
  To Clock:  sys_clk

Setup :         1162  Failing Endpoints,  Worst Slack       -0.271ns,  Total Violation     -310.513ns
Hold  :            0  Failing Endpoints,  Worst Slack        0.073ns,  Total Violation        0.000ns
PW    :            0  Failing Endpoints,  Worst Slack        0.370ns,  Total Violation        0.000ns
---------------------------------------------------------------------------------------------------


Max Delay Paths
--------------------------------------------------------------------------------------
Slack (VIOLATED) :        -0.271ns  (required time - arrival time)
  Source:                 gen_stages[3].stage_inst/b4/mul_m2r_reg_1_reg/CLK
                            (rising edge-triggered cell DSP48E1 clocked by sys_clk  {rise@0.000ns fall@1.500ns period=3.000ns})
  Destination:            gen_stages[3].stage_inst/b4/m2r_reg_reg/PCIN[0]
                            (rising edge-triggered cell DSP48E1 clocked by sys_clk  {rise@0.000ns fall@1.500ns period=3.000ns})
  Path Group:             sys_clk
  Path Type:              Setup (Max at Slow Process Corner)
  Requirement:            3.000ns  (sys_clk rise@3.000ns - sys_clk rise@0.000ns)
  Data Path Delay:        2.034ns  (logic 2.032ns (99.902%)  route 0.002ns (0.098%))
  Logic Levels:           0  
  Clock Path Skew:        -0.028ns (DCD - SCD + CPR)
    Destination Clock Delay (DCD):    5.022ns = ( 8.022 - 3.000 ) 
    Source Clock Delay      (SCD):    5.321ns
    Clock Pessimism Removal (CPR):    0.271ns
  Clock Uncertainty:      0.035ns  ((TSJ^2 + TIJ^2)^1/2 + DJ) / 2 + PE
    Total System Jitter     (TSJ):    0.071ns
    Total Input Jitter      (TIJ):    0.000ns
    Discrete Jitter          (DJ):    0.000ns
    Phase Error              (PE):    0.000ns

    Location             Delay type                Incr(ns)  Path(ns)    Netlist Resource(s)
  -------------------------------------------------------------------    -------------------
                         (clock sys_clk rise edge)    0.000     0.000 r  
    E17                                               0.000     0.000 r  clock (IN)
                         net (fo=0)                   0.000     0.000    clock
    E17                  IBUF (Prop_ibuf_I_O)         1.418     1.418 r  clock_IBUF_inst/O
                         net (fo=1, routed)           2.329     3.747    clock_IBUF
    BUFGCTRL_X0Y16       BUFG (Prop_bufg_I_O)         0.081     3.828 r  clock_IBUF_BUFG_inst/O
                         net (fo=4613, routed)        1.493     5.321    gen_stages[3].stage_inst/b4/clock_IBUF_BUFG
    DSP48_X2Y44          DSP48E1                                      r  gen_stages[3].stage_inst/b4/mul_m2r_reg_1_reg/CLK
  -------------------------------------------------------------------    -------------------
    DSP48_X2Y44          DSP48E1 (Prop_dsp48e1_CLK_PCOUT[0])
                                                      2.032     7.353 r  gen_stages[3].stage_inst/b4/mul_m2r_reg_1_reg/PCOUT[0]
                         net (fo=1, routed)           0.002     7.355    gen_stages[3].stage_inst/b4/mul_m2r_reg_1_reg_n_153
    DSP48_X2Y45          DSP48E1                                      r  gen_stages[3].stage_inst/b4/m2r_reg_reg/PCIN[0]
  -------------------------------------------------------------------    -------------------

                         (clock sys_clk rise edge)    3.000     3.000 r  
    E17                                               0.000     3.000 r  clock (IN)
                         net (fo=0)                   0.000     3.000    clock
    E17                  IBUF (Prop_ibuf_I_O)         1.352     4.352 r  clock_IBUF_inst/O
                         net (fo=1, routed)           2.211     6.563    clock_IBUF
    BUFGCTRL_X0Y16       BUFG (Prop_bufg_I_O)         0.077     6.640 r  clock_IBUF_BUFG_inst/O
                         net (fo=4613, routed)        1.382     8.022    gen_stages[3].stage_inst/b4/clock_IBUF_BUFG
    DSP48_X2Y45          DSP48E1                                      r  gen_stages[3].stage_inst/b4/m2r_reg_reg/CLK
                         clock pessimism              0.271     8.293    
                         clock uncertainty           -0.035     8.258    
    DSP48_X2Y45          DSP48E1 (Setup_dsp48e1_CLK_PCIN[0])
                                                     -1.174     7.084    gen_stages[3].stage_inst/b4/m2r_reg_reg
  -------------------------------------------------------------------
                         required time                          7.084    
                         arrival time                          -7.355    
  -------------------------------------------------------------------
                         slack                                 -0.271    

Slack (VIOLATED) :        -0.271ns  (required time - arrival time)
  Source:                 gen_stages[3].stage_inst/b4/mul_m2r_reg_1_reg/CLK
                            (rising edge-triggered cell DSP48E1 clocked by sys_clk  {rise@0.000ns fall@1.500ns period=3.000ns})
  Destination:            gen_stages[3].stage_inst/b4/m2r_reg_reg/PCIN[10]
                            (rising edge-triggered cell DSP48E1 clocked by sys_clk  {rise@0.000ns fall@1.500ns period=3.000ns})
  Path Group:             sys_clk
  Path Type:              Setup (Max at Slow Process Corner)
  Requirement:            3.000ns  (sys_clk rise@3.000ns - sys_clk rise@0.000ns)
  Data Path Delay:        2.034ns  (logic 2.032ns (99.902%)  route 0.002ns (0.098%))
  Logic Levels:           0  
  Clock Path Skew:        -0.028ns (DCD - SCD + CPR)
    Destination Clock Delay (DCD):    5.022ns = ( 8.022 - 3.000 ) 
    Source Clock Delay      (SCD):    5.321ns
    Clock Pessimism Removal (CPR):    0.271ns
  Clock Uncertainty:      0.035ns  ((TSJ^2 + TIJ^2)^1/2 + DJ) / 2 + PE
    Total System Jitter     (TSJ):    0.071ns
    Total Input Jitter      (TIJ):    0.000ns
    Discrete Jitter          (DJ):    0.000ns
    Phase Error              (PE):    0.000ns

    Location             Delay type                Incr(ns)  Path(ns)    Netlist Resource(s)
  -------------------------------------------------------------------    -------------------
                         (clock sys_clk rise edge)    0.000     0.000 r  
    E17                                               0.000     0.000 r  clock (IN)
                         net (fo=0)                   0.000     0.000    clock
    E17                  IBUF (Prop_ibuf_I_O)         1.418     1.418 r  clock_IBUF_inst/O
                         net (fo=1, routed)           2.329     3.747    clock_IBUF
    BUFGCTRL_X0Y16       BUFG (Prop_bufg_I_O)         0.081     3.828 r  clock_IBUF_BUFG_inst/O
                         net (fo=4613, routed)        1.493     5.321    gen_stages[3].stage_inst/b4/clock_IBUF_BUFG
    DSP48_X2Y44          DSP48E1                                      r  gen_stages[3].stage_inst/b4/mul_m2r_reg_1_reg/CLK
  -------------------------------------------------------------------    -------------------
    DSP48_X2Y44          DSP48E1 (Prop_dsp48e1_CLK_PCOUT[10])
                                                      2.032     7.353 r  gen_stages[3].stage_inst/b4/mul_m2r_reg_1_reg/PCOUT[10]
                         net (fo=1, routed)           0.002     7.355    gen_stages[3].stage_inst/b4/mul_m2r_reg_1_reg_n_143
    DSP48_X2Y45          DSP48E1                                      r  gen_stages[3].stage_inst/b4/m2r_reg_reg/PCIN[10]
  -------------------------------------------------------------------    -------------------

                         (clock sys_clk rise edge)    3.000     3.000 r  
    E17                                               0.000     3.000 r  clock (IN)
                         net (fo=0)                   0.000     3.000    clock
    E17                  IBUF (Prop_ibuf_I_O)         1.352     4.352 r  clock_IBUF_inst/O
                         net (fo=1, routed)           2.211     6.563    clock_IBUF
    BUFGCTRL_X0Y16       BUFG (Prop_bufg_I_O)         0.077     6.640 r  clock_IBUF_BUFG_inst/O
                         net (fo=4613, routed)        1.382     8.022    gen_stages[3].stage_inst/b4/clock_IBUF_BUFG
    DSP48_X2Y45          DSP48E1                                      r  gen_stages[3].stage_inst/b4/m2r_reg_reg/CLK
                         clock pessimism              0.271     8.293    
                         clock uncertainty           -0.035     8.258    
    DSP48_X2Y45          DSP48E1 (Setup_dsp48e1_CLK_PCIN[10])
                                                     -1.174     7.084    gen_stages[3].stage_inst/b4/m2r_reg_reg
  -------------------------------------------------------------------
                         required time                          7.084    
                         arrival time                          -7.355    
  -------------------------------------------------------------------
                         slack                                 -0.271    

Slack (VIOLATED) :        -0.271ns  (required time - arrival time)
  Source:                 gen_stages[3].stage_inst/b4/mul_m2r_reg_1_reg/CLK
                            (rising edge-triggered cell DSP48E1 clocked by sys_clk  {rise@0.000ns fall@1.500ns period=3.000ns})
  Destination:            gen_stages[3].stage_inst/b4/m2r_reg_reg/PCIN[11]
                            (rising edge-triggered cell DSP48E1 clocked by sys_clk  {rise@0.000ns fall@1.500ns period=3.000ns})
  Path Group:             sys_clk
  Path Type:              Setup (Max at Slow Process Corner)
  Requirement:            3.000ns  (sys_clk rise@3.000ns - sys_clk rise@0.000ns)
  Data Path Delay:        2.034ns  (logic 2.032ns (99.902%)  route 0.002ns (0.098%))
  Logic Levels:           0  
  Clock Path Skew:        -0.028ns (DCD - SCD + CPR)
    Destination Clock Delay (DCD):    5.022ns = ( 8.022 - 3.000 ) 
    Source Clock Delay      (SCD):    5.321ns
    Clock Pessimism Removal (CPR):    0.271ns
  Clock Uncertainty:      0.035ns  ((TSJ^2 + TIJ^2)^1/2 + DJ) / 2 + PE
    Total System Jitter     (TSJ):    0.071ns
    Total Input Jitter      (TIJ):    0.000ns
    Discrete Jitter          (DJ):    0.000ns
    Phase Error              (PE):    0.000ns

    Location             Delay type                Incr(ns)  Path(ns)    Netlist Resource(s)
  -------------------------------------------------------------------    -------------------
                         (clock sys_clk rise edge)    0.000     0.000 r  
    E17                                               0.000     0.000 r  clock (IN)
                         net (fo=0)                   0.000     0.000    clock
    E17                  IBUF (Prop_ibuf_I_O)         1.418     1.418 r  clock_IBUF_inst/O
                         net (fo=1, routed)           2.329     3.747    clock_IBUF
    BUFGCTRL_X0Y16       BUFG (Prop_bufg_I_O)         0.081     3.828 r  clock_IBUF_BUFG_inst/O
                         net (fo=4613, routed)        1.493     5.321    gen_stages[3].stage_inst/b4/clock_IBUF_BUFG
    DSP48_X2Y44          DSP48E1                                      r  gen_stages[3].stage_inst/b4/mul_m2r_reg_1_reg/CLK
  -------------------------------------------------------------------    -------------------
    DSP48_X2Y44          DSP48E1 (Prop_dsp48e1_CLK_PCOUT[11])
                                                      2.032     7.353 r  gen_stages[3].stage_inst/b4/mul_m2r_reg_1_reg/PCOUT[11]
                         net (fo=1, routed)           0.002     7.355    gen_stages[3].stage_inst/b4/mul_m2r_reg_1_reg_n_142
    DSP48_X2Y45          DSP48E1                                      r  gen_stages[3].stage_inst/b4/m2r_reg_reg/PCIN[11]
  -------------------------------------------------------------------    -------------------

                         (clock sys_clk rise edge)    3.000     3.000 r  
    E17                                               0.000     3.000 r  clock (IN)
                         net (fo=0)                   0.000     3.000    clock
    E17                  IBUF (Prop_ibuf_I_O)         1.352     4.352 r  clock_IBUF_inst/O
                         net (fo=1, routed)           2.211     6.563    clock_IBUF
    BUFGCTRL_X0Y16       BUFG (Prop_bufg_I_O)         0.077     6.640 r  clock_IBUF_BUFG_inst/O
                         net (fo=4613, routed)        1.382     8.022    gen_stages[3].stage_inst/b4/clock_IBUF_BUFG
    DSP48_X2Y45          DSP48E1                                      r  gen_stages[3].stage_inst/b4/m2r_reg_reg/CLK
                         clock pessimism              0.271     8.293    
                         clock uncertainty           -0.035     8.258    
    DSP48_X2Y45          DSP48E1 (Setup_dsp48e1_CLK_PCIN[11])
                                                     -1.174     7.084    gen_stages[3].stage_inst/b4/m2r_reg_reg
  -------------------------------------------------------------------
                         required time                          7.084    
                         arrival time                          -7.355    
  -------------------------------------------------------------------
                         slack                                 -0.271    

Slack (VIOLATED) :        -0.271ns  (required time - arrival time)
  Source:                 gen_stages[3].stage_inst/b4/mul_m2r_reg_1_reg/CLK
                            (rising edge-triggered cell DSP48E1 clocked by sys_clk  {rise@0.000ns fall@1.500ns period=3.000ns})
  Destination:            gen_stages[3].stage_inst/b4/m2r_reg_reg/PCIN[12]
                            (rising edge-triggered cell DSP48E1 clocked by sys_clk  {rise@0.000ns fall@1.500ns period=3.000ns})
  Path Group:             sys_clk
  Path Type:              Setup (Max at Slow Process Corner)
  Requirement:            3.000ns  (sys_clk rise@3.000ns - sys_clk rise@0.000ns)
  Data Path Delay:        2.034ns  (logic 2.032ns (99.902%)  route 0.002ns (0.098%))
  Logic Levels:           0  
  Clock Path Skew:        -0.028ns (DCD - SCD + CPR)
    Destination Clock Delay (DCD):    5.022ns = ( 8.022 - 3.000 ) 
    Source Clock Delay      (SCD):    5.321ns
    Clock Pessimism Removal (CPR):    0.271ns
  Clock Uncertainty:      0.035ns  ((TSJ^2 + TIJ^2)^1/2 + DJ) / 2 + PE
    Total System Jitter     (TSJ):    0.071ns
    Total Input Jitter      (TIJ):    0.000ns
    Discrete Jitter          (DJ):    0.000ns
    Phase Error              (PE):    0.000ns

    Location             Delay type                Incr(ns)  Path(ns)    Netlist Resource(s)
  -------------------------------------------------------------------    -------------------
                         (clock sys_clk rise edge)    0.000     0.000 r  
    E17                                               0.000     0.000 r  clock (IN)
                         net (fo=0)                   0.000     0.000    clock
    E17                  IBUF (Prop_ibuf_I_O)         1.418     1.418 r  clock_IBUF_inst/O
                         net (fo=1, routed)           2.329     3.747    clock_IBUF
    BUFGCTRL_X0Y16       BUFG (Prop_bufg_I_O)         0.081     3.828 r  clock_IBUF_BUFG_inst/O
                         net (fo=4613, routed)        1.493     5.321    gen_stages[3].stage_inst/b4/clock_IBUF_BUFG
    DSP48_X2Y44          DSP48E1                                      r  gen_stages[3].stage_inst/b4/mul_m2r_reg_1_reg/CLK
  -------------------------------------------------------------------    -------------------
    DSP48_X2Y44          DSP48E1 (Prop_dsp48e1_CLK_PCOUT[12])
                                                      2.032     7.353 r  gen_stages[3].stage_inst/b4/mul_m2r_reg_1_reg/PCOUT[12]
                         net (fo=1, routed)           0.002     7.355    gen_stages[3].stage_inst/b4/mul_m2r_reg_1_reg_n_141
    DSP48_X2Y45          DSP48E1                                      r  gen_stages[3].stage_inst/b4/m2r_reg_reg/PCIN[12]
  -------------------------------------------------------------------    -------------------

                         (clock sys_clk rise edge)    3.000     3.000 r  
    E17                                               0.000     3.000 r  clock (IN)
                         net (fo=0)                   0.000     3.000    clock
    E17                  IBUF (Prop_ibuf_I_O)         1.352     4.352 r  clock_IBUF_inst/O
                         net (fo=1, routed)           2.211     6.563    clock_IBUF
    BUFGCTRL_X0Y16       BUFG (Prop_bufg_I_O)         0.077     6.640 r  clock_IBUF_BUFG_inst/O
                         net (fo=4613, routed)        1.382     8.022    gen_stages[3].stage_inst/b4/clock_IBUF_BUFG
    DSP48_X2Y45          DSP48E1                                      r  gen_stages[3].stage_inst/b4/m2r_reg_reg/CLK
                         clock pessimism              0.271     8.293    
                         clock uncertainty           -0.035     8.258    
    DSP48_X2Y45          DSP48E1 (Setup_dsp48e1_CLK_PCIN[12])
                                                     -1.174     7.084    gen_stages[3].stage_inst/b4/m2r_reg_reg
  -------------------------------------------------------------------
                         required time                          7.084    
                         arrival time                          -7.355    
  -------------------------------------------------------------------
                         slack                                 -0.271    

Slack (VIOLATED) :        -0.271ns  (required time - arrival time)
  Source:                 gen_stages[3].stage_inst/b4/mul_m2r_reg_1_reg/CLK
                            (rising edge-triggered cell DSP48E1 clocked by sys_clk  {rise@0.000ns fall@1.500ns period=3.000ns})
  Destination:            gen_stages[3].stage_inst/b4/m2r_reg_reg/PCIN[13]
                            (rising edge-triggered cell DSP48E1 clocked by sys_clk  {rise@0.000ns fall@1.500ns period=3.000ns})
  Path Group:             sys_clk
  Path Type:              Setup (Max at Slow Process Corner)
  Requirement:            3.000ns  (sys_clk rise@3.000ns - sys_clk rise@0.000ns)
  Data Path Delay:        2.034ns  (logic 2.032ns (99.902%)  route 0.002ns (0.098%))
  Logic Levels:           0  
  Clock Path Skew:        -0.028ns (DCD - SCD + CPR)
    Destination Clock Delay (DCD):    5.022ns = ( 8.022 - 3.000 ) 
    Source Clock Delay      (SCD):    5.321ns
    Clock Pessimism Removal (CPR):    0.271ns
  Clock Uncertainty:      0.035ns  ((TSJ^2 + TIJ^2)^1/2 + DJ) / 2 + PE
    Total System Jitter     (TSJ):    0.071ns
    Total Input Jitter      (TIJ):    0.000ns
    Discrete Jitter          (DJ):    0.000ns
    Phase Error              (PE):    0.000ns

    Location             Delay type                Incr(ns)  Path(ns)    Netlist Resource(s)
  -------------------------------------------------------------------    -------------------
                         (clock sys_clk rise edge)    0.000     0.000 r  
    E17                                               0.000     0.000 r  clock (IN)
                         net (fo=0)                   0.000     0.000    clock
    E17                  IBUF (Prop_ibuf_I_O)         1.418     1.418 r  clock_IBUF_inst/O
                         net (fo=1, routed)           2.329     3.747    clock_IBUF
    BUFGCTRL_X0Y16       BUFG (Prop_bufg_I_O)         0.081     3.828 r  clock_IBUF_BUFG_inst/O
                         net (fo=4613, routed)        1.493     5.321    gen_stages[3].stage_inst/b4/clock_IBUF_BUFG
    DSP48_X2Y44          DSP48E1                                      r  gen_stages[3].stage_inst/b4/mul_m2r_reg_1_reg/CLK
  -------------------------------------------------------------------    -------------------
    DSP48_X2Y44          DSP48E1 (Prop_dsp48e1_CLK_PCOUT[13])
                                                      2.032     7.353 r  gen_stages[3].stage_inst/b4/mul_m2r_reg_1_reg/PCOUT[13]
                         net (fo=1, routed)           0.002     7.355    gen_stages[3].stage_inst/b4/mul_m2r_reg_1_reg_n_140
    DSP48_X2Y45          DSP48E1                                      r  gen_stages[3].stage_inst/b4/m2r_reg_reg/PCIN[13]
  -------------------------------------------------------------------    -------------------

                         (clock sys_clk rise edge)    3.000     3.000 r  
    E17                                               0.000     3.000 r  clock (IN)
                         net (fo=0)                   0.000     3.000    clock
    E17                  IBUF (Prop_ibuf_I_O)         1.352     4.352 r  clock_IBUF_inst/O
                         net (fo=1, routed)           2.211     6.563    clock_IBUF
    BUFGCTRL_X0Y16       BUFG (Prop_bufg_I_O)         0.077     6.640 r  clock_IBUF_BUFG_inst/O
                         net (fo=4613, routed)        1.382     8.022    gen_stages[3].stage_inst/b4/clock_IBUF_BUFG
    DSP48_X2Y45          DSP48E1                                      r  gen_stages[3].stage_inst/b4/m2r_reg_reg/CLK
                         clock pessimism              0.271     8.293    
                         clock uncertainty           -0.035     8.258    
    DSP48_X2Y45          DSP48E1 (Setup_dsp48e1_CLK_PCIN[13])
                                                     -1.174     7.084    gen_stages[3].stage_inst/b4/m2r_reg_reg
  -------------------------------------------------------------------
                         required time                          7.084    
                         arrival time                          -7.355    
  -------------------------------------------------------------------
                         slack                                 -0.271    

Slack (VIOLATED) :        -0.271ns  (required time - arrival time)
  Source:                 gen_stages[3].stage_inst/b4/mul_m2r_reg_1_reg/CLK
                            (rising edge-triggered cell DSP48E1 clocked by sys_clk  {rise@0.000ns fall@1.500ns period=3.000ns})
  Destination:            gen_stages[3].stage_inst/b4/m2r_reg_reg/PCIN[14]
                            (rising edge-triggered cell DSP48E1 clocked by sys_clk  {rise@0.000ns fall@1.500ns period=3.000ns})
  Path Group:             sys_clk
  Path Type:              Setup (Max at Slow Process Corner)
  Requirement:            3.000ns  (sys_clk rise@3.000ns - sys_clk rise@0.000ns)
  Data Path Delay:        2.034ns  (logic 2.032ns (99.902%)  route 0.002ns (0.098%))
  Logic Levels:           0  
  Clock Path Skew:        -0.028ns (DCD - SCD + CPR)
    Destination Clock Delay (DCD):    5.022ns = ( 8.022 - 3.000 ) 
    Source Clock Delay      (SCD):    5.321ns
    Clock Pessimism Removal (CPR):    0.271ns
  Clock Uncertainty:      0.035ns  ((TSJ^2 + TIJ^2)^1/2 + DJ) / 2 + PE
    Total System Jitter     (TSJ):    0.071ns
    Total Input Jitter      (TIJ):    0.000ns
    Discrete Jitter          (DJ):    0.000ns
    Phase Error              (PE):    0.000ns

    Location             Delay type                Incr(ns)  Path(ns)    Netlist Resource(s)
  -------------------------------------------------------------------    -------------------
                         (clock sys_clk rise edge)    0.000     0.000 r  
    E17                                               0.000     0.000 r  clock (IN)
                         net (fo=0)                   0.000     0.000    clock
    E17                  IBUF (Prop_ibuf_I_O)         1.418     1.418 r  clock_IBUF_inst/O
                         net (fo=1, routed)           2.329     3.747    clock_IBUF
    BUFGCTRL_X0Y16       BUFG (Prop_bufg_I_O)         0.081     3.828 r  clock_IBUF_BUFG_inst/O
                         net (fo=4613, routed)        1.493     5.321    gen_stages[3].stage_inst/b4/clock_IBUF_BUFG
    DSP48_X2Y44          DSP48E1                                      r  gen_stages[3].stage_inst/b4/mul_m2r_reg_1_reg/CLK
  -------------------------------------------------------------------    -------------------
    DSP48_X2Y44          DSP48E1 (Prop_dsp48e1_CLK_PCOUT[14])
                                                      2.032     7.353 r  gen_stages[3].stage_inst/b4/mul_m2r_reg_1_reg/PCOUT[14]
                         net (fo=1, routed)           0.002     7.355    gen_stages[3].stage_inst/b4/mul_m2r_reg_1_reg_n_139
    DSP48_X2Y45          DSP48E1                                      r  gen_stages[3].stage_inst/b4/m2r_reg_reg/PCIN[14]
  -------------------------------------------------------------------    -------------------

                         (clock sys_clk rise edge)    3.000     3.000 r  
    E17                                               0.000     3.000 r  clock (IN)
                         net (fo=0)                   0.000     3.000    clock
    E17                  IBUF (Prop_ibuf_I_O)         1.352     4.352 r  clock_IBUF_inst/O
                         net (fo=1, routed)           2.211     6.563    clock_IBUF
    BUFGCTRL_X0Y16       BUFG (Prop_bufg_I_O)         0.077     6.640 r  clock_IBUF_BUFG_inst/O
                         net (fo=4613, routed)        1.382     8.022    gen_stages[3].stage_inst/b4/clock_IBUF_BUFG
    DSP48_X2Y45          DSP48E1                                      r  gen_stages[3].stage_inst/b4/m2r_reg_reg/CLK
                         clock pessimism              0.271     8.293    
                         clock uncertainty           -0.035     8.258    
    DSP48_X2Y45          DSP48E1 (Setup_dsp48e1_CLK_PCIN[14])
                                                     -1.174     7.084    gen_stages[3].stage_inst/b4/m2r_reg_reg
  -------------------------------------------------------------------
                         required time                          7.084    
                         arrival time                          -7.355    
  -------------------------------------------------------------------
                         slack                                 -0.271    

Slack (VIOLATED) :        -0.271ns  (required time - arrival time)
  Source:                 gen_stages[3].stage_inst/b4/mul_m2r_reg_1_reg/CLK
                            (rising edge-triggered cell DSP48E1 clocked by sys_clk  {rise@0.000ns fall@1.500ns period=3.000ns})
  Destination:            gen_stages[3].stage_inst/b4/m2r_reg_reg/PCIN[15]
                            (rising edge-triggered cell DSP48E1 clocked by sys_clk  {rise@0.000ns fall@1.500ns period=3.000ns})
  Path Group:             sys_clk
  Path Type:              Setup (Max at Slow Process Corner)
  Requirement:            3.000ns  (sys_clk rise@3.000ns - sys_clk rise@0.000ns)
  Data Path Delay:        2.034ns  (logic 2.032ns (99.902%)  route 0.002ns (0.098%))
  Logic Levels:           0  
  Clock Path Skew:        -0.028ns (DCD - SCD + CPR)
    Destination Clock Delay (DCD):    5.022ns = ( 8.022 - 3.000 ) 
    Source Clock Delay      (SCD):    5.321ns
    Clock Pessimism Removal (CPR):    0.271ns
  Clock Uncertainty:      0.035ns  ((TSJ^2 + TIJ^2)^1/2 + DJ) / 2 + PE
    Total System Jitter     (TSJ):    0.071ns
    Total Input Jitter      (TIJ):    0.000ns
    Discrete Jitter          (DJ):    0.000ns
    Phase Error              (PE):    0.000ns

    Location             Delay type                Incr(ns)  Path(ns)    Netlist Resource(s)
  -------------------------------------------------------------------    -------------------
                         (clock sys_clk rise edge)    0.000     0.000 r  
    E17                                               0.000     0.000 r  clock (IN)
                         net (fo=0)                   0.000     0.000    clock
    E17                  IBUF (Prop_ibuf_I_O)         1.418     1.418 r  clock_IBUF_inst/O
                         net (fo=1, routed)           2.329     3.747    clock_IBUF
    BUFGCTRL_X0Y16       BUFG (Prop_bufg_I_O)         0.081     3.828 r  clock_IBUF_BUFG_inst/O
                         net (fo=4613, routed)        1.493     5.321    gen_stages[3].stage_inst/b4/clock_IBUF_BUFG
    DSP48_X2Y44          DSP48E1                                      r  gen_stages[3].stage_inst/b4/mul_m2r_reg_1_reg/CLK
  -------------------------------------------------------------------    -------------------
    DSP48_X2Y44          DSP48E1 (Prop_dsp48e1_CLK_PCOUT[15])
                                                      2.032     7.353 r  gen_stages[3].stage_inst/b4/mul_m2r_reg_1_reg/PCOUT[15]
                         net (fo=1, routed)           0.002     7.355    gen_stages[3].stage_inst/b4/mul_m2r_reg_1_reg_n_138
    DSP48_X2Y45          DSP48E1                                      r  gen_stages[3].stage_inst/b4/m2r_reg_reg/PCIN[15]
  -------------------------------------------------------------------    -------------------

                         (clock sys_clk rise edge)    3.000     3.000 r  
    E17                                               0.000     3.000 r  clock (IN)
                         net (fo=0)                   0.000     3.000    clock
    E17                  IBUF (Prop_ibuf_I_O)         1.352     4.352 r  clock_IBUF_inst/O
                         net (fo=1, routed)           2.211     6.563    clock_IBUF
    BUFGCTRL_X0Y16       BUFG (Prop_bufg_I_O)         0.077     6.640 r  clock_IBUF_BUFG_inst/O
                         net (fo=4613, routed)        1.382     8.022    gen_stages[3].stage_inst/b4/clock_IBUF_BUFG
    DSP48_X2Y45          DSP48E1                                      r  gen_stages[3].stage_inst/b4/m2r_reg_reg/CLK
                         clock pessimism              0.271     8.293    
                         clock uncertainty           -0.035     8.258    
    DSP48_X2Y45          DSP48E1 (Setup_dsp48e1_CLK_PCIN[15])
                                                     -1.174     7.084    gen_stages[3].stage_inst/b4/m2r_reg_reg
  -------------------------------------------------------------------
                         required time                          7.084    
                         arrival time                          -7.355    
  -------------------------------------------------------------------
                         slack                                 -0.271    

Slack (VIOLATED) :        -0.271ns  (required time - arrival time)
  Source:                 gen_stages[3].stage_inst/b4/mul_m2r_reg_1_reg/CLK
                            (rising edge-triggered cell DSP48E1 clocked by sys_clk  {rise@0.000ns fall@1.500ns period=3.000ns})
  Destination:            gen_stages[3].stage_inst/b4/m2r_reg_reg/PCIN[16]
                            (rising edge-triggered cell DSP48E1 clocked by sys_clk  {rise@0.000ns fall@1.500ns period=3.000ns})
  Path Group:             sys_clk
  Path Type:              Setup (Max at Slow Process Corner)
  Requirement:            3.000ns  (sys_clk rise@3.000ns - sys_clk rise@0.000ns)
  Data Path Delay:        2.034ns  (logic 2.032ns (99.902%)  route 0.002ns (0.098%))
  Logic Levels:           0  
  Clock Path Skew:        -0.028ns (DCD - SCD + CPR)
    Destination Clock Delay (DCD):    5.022ns = ( 8.022 - 3.000 ) 
    Source Clock Delay      (SCD):    5.321ns
    Clock Pessimism Removal (CPR):    0.271ns
  Clock Uncertainty:      0.035ns  ((TSJ^2 + TIJ^2)^1/2 + DJ) / 2 + PE
    Total System Jitter     (TSJ):    0.071ns
    Total Input Jitter      (TIJ):    0.000ns
    Discrete Jitter          (DJ):    0.000ns
    Phase Error              (PE):    0.000ns

    Location             Delay type                Incr(ns)  Path(ns)    Netlist Resource(s)
  -------------------------------------------------------------------    -------------------
                         (clock sys_clk rise edge)    0.000     0.000 r  
    E17                                               0.000     0.000 r  clock (IN)
                         net (fo=0)                   0.000     0.000    clock
    E17                  IBUF (Prop_ibuf_I_O)         1.418     1.418 r  clock_IBUF_inst/O
                         net (fo=1, routed)           2.329     3.747    clock_IBUF
    BUFGCTRL_X0Y16       BUFG (Prop_bufg_I_O)         0.081     3.828 r  clock_IBUF_BUFG_inst/O
                         net (fo=4613, routed)        1.493     5.321    gen_stages[3].stage_inst/b4/clock_IBUF_BUFG
    DSP48_X2Y44          DSP48E1                                      r  gen_stages[3].stage_inst/b4/mul_m2r_reg_1_reg/CLK
  -------------------------------------------------------------------    -------------------
    DSP48_X2Y44          DSP48E1 (Prop_dsp48e1_CLK_PCOUT[16])
                                                      2.032     7.353 r  gen_stages[3].stage_inst/b4/mul_m2r_reg_1_reg/PCOUT[16]
                         net (fo=1, routed)           0.002     7.355    gen_stages[3].stage_inst/b4/mul_m2r_reg_1_reg_n_137
    DSP48_X2Y45          DSP48E1                                      r  gen_stages[3].stage_inst/b4/m2r_reg_reg/PCIN[16]
  -------------------------------------------------------------------    -------------------

                         (clock sys_clk rise edge)    3.000     3.000 r  
    E17                                               0.000     3.000 r  clock (IN)
                         net (fo=0)                   0.000     3.000    clock
    E17                  IBUF (Prop_ibuf_I_O)         1.352     4.352 r  clock_IBUF_inst/O
                         net (fo=1, routed)           2.211     6.563    clock_IBUF
    BUFGCTRL_X0Y16       BUFG (Prop_bufg_I_O)         0.077     6.640 r  clock_IBUF_BUFG_inst/O
                         net (fo=4613, routed)        1.382     8.022    gen_stages[3].stage_inst/b4/clock_IBUF_BUFG
    DSP48_X2Y45          DSP48E1                                      r  gen_stages[3].stage_inst/b4/m2r_reg_reg/CLK
                         clock pessimism              0.271     8.293    
                         clock uncertainty           -0.035     8.258    
    DSP48_X2Y45          DSP48E1 (Setup_dsp48e1_CLK_PCIN[16])
                                                     -1.174     7.084    gen_stages[3].stage_inst/b4/m2r_reg_reg
  -------------------------------------------------------------------
                         required time                          7.084    
                         arrival time                          -7.355    
  -------------------------------------------------------------------
                         slack                                 -0.271    

Slack (VIOLATED) :        -0.271ns  (required time - arrival time)
  Source:                 gen_stages[3].stage_inst/b4/mul_m2r_reg_1_reg/CLK
                            (rising edge-triggered cell DSP48E1 clocked by sys_clk  {rise@0.000ns fall@1.500ns period=3.000ns})
  Destination:            gen_stages[3].stage_inst/b4/m2r_reg_reg/PCIN[17]
                            (rising edge-triggered cell DSP48E1 clocked by sys_clk  {rise@0.000ns fall@1.500ns period=3.000ns})
  Path Group:             sys_clk
  Path Type:              Setup (Max at Slow Process Corner)
  Requirement:            3.000ns  (sys_clk rise@3.000ns - sys_clk rise@0.000ns)
  Data Path Delay:        2.034ns  (logic 2.032ns (99.902%)  route 0.002ns (0.098%))
  Logic Levels:           0  
  Clock Path Skew:        -0.028ns (DCD - SCD + CPR)
    Destination Clock Delay (DCD):    5.022ns = ( 8.022 - 3.000 ) 
    Source Clock Delay      (SCD):    5.321ns
    Clock Pessimism Removal (CPR):    0.271ns
  Clock Uncertainty:      0.035ns  ((TSJ^2 + TIJ^2)^1/2 + DJ) / 2 + PE
    Total System Jitter     (TSJ):    0.071ns
    Total Input Jitter      (TIJ):    0.000ns
    Discrete Jitter          (DJ):    0.000ns
    Phase Error              (PE):    0.000ns

    Location             Delay type                Incr(ns)  Path(ns)    Netlist Resource(s)
  -------------------------------------------------------------------    -------------------
                         (clock sys_clk rise edge)    0.000     0.000 r  
    E17                                               0.000     0.000 r  clock (IN)
                         net (fo=0)                   0.000     0.000    clock
    E17                  IBUF (Prop_ibuf_I_O)         1.418     1.418 r  clock_IBUF_inst/O
                         net (fo=1, routed)           2.329     3.747    clock_IBUF
    BUFGCTRL_X0Y16       BUFG (Prop_bufg_I_O)         0.081     3.828 r  clock_IBUF_BUFG_inst/O
                         net (fo=4613, routed)        1.493     5.321    gen_stages[3].stage_inst/b4/clock_IBUF_BUFG
    DSP48_X2Y44          DSP48E1                                      r  gen_stages[3].stage_inst/b4/mul_m2r_reg_1_reg/CLK
  -------------------------------------------------------------------    -------------------
    DSP48_X2Y44          DSP48E1 (Prop_dsp48e1_CLK_PCOUT[17])
                                                      2.032     7.353 r  gen_stages[3].stage_inst/b4/mul_m2r_reg_1_reg/PCOUT[17]
                         net (fo=1, routed)           0.002     7.355    gen_stages[3].stage_inst/b4/mul_m2r_reg_1_reg_n_136
    DSP48_X2Y45          DSP48E1                                      r  gen_stages[3].stage_inst/b4/m2r_reg_reg/PCIN[17]
  -------------------------------------------------------------------    -------------------

                         (clock sys_clk rise edge)    3.000     3.000 r  
    E17                                               0.000     3.000 r  clock (IN)
                         net (fo=0)                   0.000     3.000    clock
    E17                  IBUF (Prop_ibuf_I_O)         1.352     4.352 r  clock_IBUF_inst/O
                         net (fo=1, routed)           2.211     6.563    clock_IBUF
    BUFGCTRL_X0Y16       BUFG (Prop_bufg_I_O)         0.077     6.640 r  clock_IBUF_BUFG_inst/O
                         net (fo=4613, routed)        1.382     8.022    gen_stages[3].stage_inst/b4/clock_IBUF_BUFG
    DSP48_X2Y45          DSP48E1                                      r  gen_stages[3].stage_inst/b4/m2r_reg_reg/CLK
                         clock pessimism              0.271     8.293    
                         clock uncertainty           -0.035     8.258    
    DSP48_X2Y45          DSP48E1 (Setup_dsp48e1_CLK_PCIN[17])
                                                     -1.174     7.084    gen_stages[3].stage_inst/b4/m2r_reg_reg
  -------------------------------------------------------------------
                         required time                          7.084    
                         arrival time                          -7.355    
  -------------------------------------------------------------------
                         slack                                 -0.271    

Slack (VIOLATED) :        -0.271ns  (required time - arrival time)
  Source:                 gen_stages[3].stage_inst/b4/mul_m2r_reg_1_reg/CLK
                            (rising edge-triggered cell DSP48E1 clocked by sys_clk  {rise@0.000ns fall@1.500ns period=3.000ns})
  Destination:            gen_stages[3].stage_inst/b4/m2r_reg_reg/PCIN[18]
                            (rising edge-triggered cell DSP48E1 clocked by sys_clk  {rise@0.000ns fall@1.500ns period=3.000ns})
  Path Group:             sys_clk
  Path Type:              Setup (Max at Slow Process Corner)
  Requirement:            3.000ns  (sys_clk rise@3.000ns - sys_clk rise@0.000ns)
  Data Path Delay:        2.034ns  (logic 2.032ns (99.902%)  route 0.002ns (0.098%))
  Logic Levels:           0  
  Clock Path Skew:        -0.028ns (DCD - SCD + CPR)
    Destination Clock Delay (DCD):    5.022ns = ( 8.022 - 3.000 ) 
    Source Clock Delay      (SCD):    5.321ns
    Clock Pessimism Removal (CPR):    0.271ns
  Clock Uncertainty:      0.035ns  ((TSJ^2 + TIJ^2)^1/2 + DJ) / 2 + PE
    Total System Jitter     (TSJ):    0.071ns
    Total Input Jitter      (TIJ):    0.000ns
    Discrete Jitter          (DJ):    0.000ns
    Phase Error              (PE):    0.000ns

    Location             Delay type                Incr(ns)  Path(ns)    Netlist Resource(s)
  -------------------------------------------------------------------    -------------------
                         (clock sys_clk rise edge)    0.000     0.000 r  
    E17                                               0.000     0.000 r  clock (IN)
                         net (fo=0)                   0.000     0.000    clock
    E17                  IBUF (Prop_ibuf_I_O)         1.418     1.418 r  clock_IBUF_inst/O
                         net (fo=1, routed)           2.329     3.747    clock_IBUF
    BUFGCTRL_X0Y16       BUFG (Prop_bufg_I_O)         0.081     3.828 r  clock_IBUF_BUFG_inst/O
                         net (fo=4613, routed)        1.493     5.321    gen_stages[3].stage_inst/b4/clock_IBUF_BUFG
    DSP48_X2Y44          DSP48E1                                      r  gen_stages[3].stage_inst/b4/mul_m2r_reg_1_reg/CLK
  -------------------------------------------------------------------    -------------------
    DSP48_X2Y44          DSP48E1 (Prop_dsp48e1_CLK_PCOUT[18])
                                                      2.032     7.353 r  gen_stages[3].stage_inst/b4/mul_m2r_reg_1_reg/PCOUT[18]
                         net (fo=1, routed)           0.002     7.355    gen_stages[3].stage_inst/b4/mul_m2r_reg_1_reg_n_135
    DSP48_X2Y45          DSP48E1                                      r  gen_stages[3].stage_inst/b4/m2r_reg_reg/PCIN[18]
  -------------------------------------------------------------------    -------------------

                         (clock sys_clk rise edge)    3.000     3.000 r  
    E17                                               0.000     3.000 r  clock (IN)
                         net (fo=0)                   0.000     3.000    clock
    E17                  IBUF (Prop_ibuf_I_O)         1.352     4.352 r  clock_IBUF_inst/O
                         net (fo=1, routed)           2.211     6.563    clock_IBUF
    BUFGCTRL_X0Y16       BUFG (Prop_bufg_I_O)         0.077     6.640 r  clock_IBUF_BUFG_inst/O
                         net (fo=4613, routed)        1.382     8.022    gen_stages[3].stage_inst/b4/clock_IBUF_BUFG
    DSP48_X2Y45          DSP48E1                                      r  gen_stages[3].stage_inst/b4/m2r_reg_reg/CLK
                         clock pessimism              0.271     8.293    
                         clock uncertainty           -0.035     8.258    
    DSP48_X2Y45          DSP48E1 (Setup_dsp48e1_CLK_PCIN[18])
                                                     -1.174     7.084    gen_stages[3].stage_inst/b4/m2r_reg_reg
  -------------------------------------------------------------------
                         required time                          7.084    
                         arrival time                          -7.355    
  -------------------------------------------------------------------
                         slack                                 -0.271    





Min Delay Paths
--------------------------------------------------------------------------------------
Slack (MET) :             0.073ns  (arrival time - required time)
  Source:                 gen_stages[3].stage_inst/b4/out2r_reg[9]/C
                            (rising edge-triggered cell FDRE clocked by sys_clk  {rise@0.000ns fall@1.500ns period=3.000ns})
  Destination:            gen_stages[3].stage_inst/output_real_1_reg[9]/D
                            (rising edge-triggered cell FDRE clocked by sys_clk  {rise@0.000ns fall@1.500ns period=3.000ns})
  Path Group:             sys_clk
  Path Type:              Hold (Min at Fast Process Corner)
  Requirement:            0.000ns  (sys_clk rise@0.000ns - sys_clk rise@0.000ns)
  Data Path Delay:        0.324ns  (logic 0.141ns (43.557%)  route 0.183ns (56.443%))
  Logic Levels:           0  
  Clock Path Skew:        0.198ns (DCD - SCD - CPR)
    Destination Clock Delay (DCD):    2.344ns
    Source Clock Delay      (SCD):    1.870ns
    Clock Pessimism Removal (CPR):    0.275ns

    Location             Delay type                Incr(ns)  Path(ns)    Netlist Resource(s)
  -------------------------------------------------------------------    -------------------
                         (clock sys_clk rise edge)    0.000     0.000 r  
    E17                                               0.000     0.000 r  clock (IN)
                         net (fo=0)                   0.000     0.000    clock
    E17                  IBUF (Prop_ibuf_I_O)         0.255     0.255 r  clock_IBUF_inst/O
                         net (fo=1, routed)           0.936     1.190    clock_IBUF
    BUFGCTRL_X0Y16       BUFG (Prop_bufg_I_O)         0.026     1.216 r  clock_IBUF_BUFG_inst/O
                         net (fo=4613, routed)        0.654     1.870    gen_stages[3].stage_inst/b4/clock_IBUF_BUFG
    SLICE_X50Y96         FDRE                                         r  gen_stages[3].stage_inst/b4/out2r_reg[9]/C
  -------------------------------------------------------------------    -------------------
    SLICE_X50Y96         FDRE (Prop_fdre_C_Q)         0.141     2.011 r  gen_stages[3].stage_inst/b4/out2r_reg[9]/Q
                         net (fo=1, routed)           0.183     2.194    gen_stages[3].stage_inst/y1_re[9]
    SLICE_X52Y103        FDRE                                         r  gen_stages[3].stage_inst/output_real_1_reg[9]/D
  -------------------------------------------------------------------    -------------------

                         (clock sys_clk rise edge)    0.000     0.000 r  
    E17                                               0.000     0.000 r  clock (IN)
                         net (fo=0)                   0.000     0.000    clock
    E17                  IBUF (Prop_ibuf_I_O)         0.442     0.442 r  clock_IBUF_inst/O
                         net (fo=1, routed)           1.015     1.457    clock_IBUF
    BUFGCTRL_X0Y16       BUFG (Prop_bufg_I_O)         0.029     1.486 r  clock_IBUF_BUFG_inst/O
                         net (fo=4613, routed)        0.858     2.344    gen_stages[3].stage_inst/clock_IBUF_BUFG
    SLICE_X52Y103        FDRE                                         r  gen_stages[3].stage_inst/output_real_1_reg[9]/C
                         clock pessimism             -0.275     2.069    
    SLICE_X52Y103        FDRE (Hold_fdre_C_D)         0.052     2.121    gen_stages[3].stage_inst/output_real_1_reg[9]
  -------------------------------------------------------------------
                         required time                         -2.121    
                         arrival time                           2.194    
  -------------------------------------------------------------------
                         slack                                  0.073    

Slack (MET) :             0.076ns  (arrival time - required time)
  Source:                 gen_stages[3].stage_inst/b4/out4i_reg[0]/C
                            (rising edge-triggered cell FDRE clocked by sys_clk  {rise@0.000ns fall@1.500ns period=3.000ns})
  Destination:            gen_stages[3].stage_inst/output_imag_3_reg[0]/D
                            (rising edge-triggered cell FDRE clocked by sys_clk  {rise@0.000ns fall@1.500ns period=3.000ns})
  Path Group:             sys_clk
  Path Type:              Hold (Min at Fast Process Corner)
  Requirement:            0.000ns  (sys_clk rise@0.000ns - sys_clk rise@0.000ns)
  Data Path Delay:        0.347ns  (logic 0.141ns (40.585%)  route 0.206ns (59.415%))
  Logic Levels:           0  
  Clock Path Skew:        0.200ns (DCD - SCD - CPR)
    Destination Clock Delay (DCD):    2.377ns
    Source Clock Delay      (SCD):    1.901ns
    Clock Pessimism Removal (CPR):    0.275ns

    Location             Delay type                Incr(ns)  Path(ns)    Netlist Resource(s)
  -------------------------------------------------------------------    -------------------
                         (clock sys_clk rise edge)    0.000     0.000 r  
    E17                                               0.000     0.000 r  clock (IN)
                         net (fo=0)                   0.000     0.000    clock
    E17                  IBUF (Prop_ibuf_I_O)         0.255     0.255 r  clock_IBUF_inst/O
                         net (fo=1, routed)           0.936     1.190    clock_IBUF
    BUFGCTRL_X0Y16       BUFG (Prop_bufg_I_O)         0.026     1.216 r  clock_IBUF_BUFG_inst/O
                         net (fo=4613, routed)        0.685     1.901    gen_stages[3].stage_inst/b4/clock_IBUF_BUFG
    SLICE_X38Y99         FDRE                                         r  gen_stages[3].stage_inst/b4/out4i_reg[0]/C
  -------------------------------------------------------------------    -------------------
    SLICE_X38Y99         FDRE (Prop_fdre_C_Q)         0.141     2.042 r  gen_stages[3].stage_inst/b4/out4i_reg[0]/Q
                         net (fo=1, routed)           0.206     2.249    gen_stages[3].stage_inst/y3_im[0]
    SLICE_X38Y102        FDRE                                         r  gen_stages[3].stage_inst/output_imag_3_reg[0]/D
  -------------------------------------------------------------------    -------------------

                         (clock sys_clk rise edge)    0.000     0.000 r  
    E17                                               0.000     0.000 r  clock (IN)
                         net (fo=0)                   0.000     0.000    clock
    E17                  IBUF (Prop_ibuf_I_O)         0.442     0.442 r  clock_IBUF_inst/O
                         net (fo=1, routed)           1.015     1.457    clock_IBUF
    BUFGCTRL_X0Y16       BUFG (Prop_bufg_I_O)         0.029     1.486 r  clock_IBUF_BUFG_inst/O
                         net (fo=4613, routed)        0.891     2.377    gen_stages[3].stage_inst/clock_IBUF_BUFG
    SLICE_X38Y102        FDRE                                         r  gen_stages[3].stage_inst/output_imag_3_reg[0]/C
                         clock pessimism             -0.275     2.102    
    SLICE_X38Y102        FDRE (Hold_fdre_C_D)         0.071     2.173    gen_stages[3].stage_inst/output_imag_3_reg[0]
  -------------------------------------------------------------------
                         required time                         -2.173    
                         arrival time                           2.249    
  -------------------------------------------------------------------
                         slack                                  0.076    

Slack (MET) :             0.083ns  (arrival time - required time)
  Source:                 gen_stages[3].stage_inst/mem_counter_reg_reg[3]/C
                            (rising edge-triggered cell FDRE clocked by sys_clk  {rise@0.000ns fall@1.500ns period=3.000ns})
  Destination:            gen_stages[3].stage_inst/gen_memory.mem/mem_C_reg_0_63_27_29/RAMA/WADR3
                            (rising edge-triggered cell RAMD64E clocked by sys_clk  {rise@0.000ns fall@1.500ns period=3.000ns})
  Path Group:             sys_clk
  Path Type:              Hold (Min at Fast Process Corner)
  Requirement:            0.000ns  (sys_clk rise@0.000ns - sys_clk rise@0.000ns)
  Data Path Delay:        0.339ns  (logic 0.141ns (41.615%)  route 0.198ns (58.385%))
  Logic Levels:           0  
  Clock Path Skew:        0.016ns (DCD - SCD - CPR)
    Destination Clock Delay (DCD):    2.457ns
    Source Clock Delay      (SCD):    1.910ns
    Clock Pessimism Removal (CPR):    0.530ns

    Location             Delay type                Incr(ns)  Path(ns)    Netlist Resource(s)
  -------------------------------------------------------------------    -------------------
                         (clock sys_clk rise edge)    0.000     0.000 r  
    E17                                               0.000     0.000 r  clock (IN)
                         net (fo=0)                   0.000     0.000    clock
    E17                  IBUF (Prop_ibuf_I_O)         0.255     0.255 r  clock_IBUF_inst/O
                         net (fo=1, routed)           0.936     1.190    clock_IBUF
    BUFGCTRL_X0Y16       BUFG (Prop_bufg_I_O)         0.026     1.216 r  clock_IBUF_BUFG_inst/O
                         net (fo=4613, routed)        0.694     1.910    gen_stages[3].stage_inst/clock_IBUF_BUFG
    SLICE_X21Y98         FDRE                                         r  gen_stages[3].stage_inst/mem_counter_reg_reg[3]/C
  -------------------------------------------------------------------    -------------------
    SLICE_X21Y98         FDRE (Prop_fdre_C_Q)         0.141     2.051 r  gen_stages[3].stage_inst/mem_counter_reg_reg[3]/Q
                         net (fo=448, routed)         0.198     2.249    gen_stages[3].stage_inst/gen_memory.mem/mem_C_reg_0_63_27_29/ADDRD3
    SLICE_X20Y99         RAMD64E                                      r  gen_stages[3].stage_inst/gen_memory.mem/mem_C_reg_0_63_27_29/RAMA/WADR3
  -------------------------------------------------------------------    -------------------

                         (clock sys_clk rise edge)    0.000     0.000 r  
    E17                                               0.000     0.000 r  clock (IN)
                         net (fo=0)                   0.000     0.000    clock
    E17                  IBUF (Prop_ibuf_I_O)         0.442     0.442 r  clock_IBUF_inst/O
                         net (fo=1, routed)           1.015     1.457    clock_IBUF
    BUFGCTRL_X0Y16       BUFG (Prop_bufg_I_O)         0.029     1.486 r  clock_IBUF_BUFG_inst/O
                         net (fo=4613, routed)        0.971     2.457    gen_stages[3].stage_inst/gen_memory.mem/mem_C_reg_0_63_27_29/WCLK
    SLICE_X20Y99         RAMD64E                                      r  gen_stages[3].stage_inst/gen_memory.mem/mem_C_reg_0_63_27_29/RAMA/CLK
                         clock pessimism             -0.530     1.926    
    SLICE_X20Y99         RAMD64E (Hold_ramd64e_CLK_WADR3)
                                                      0.240     2.166    gen_stages[3].stage_inst/gen_memory.mem/mem_C_reg_0_63_27_29/RAMA
  -------------------------------------------------------------------
                         required time                         -2.166    
                         arrival time                           2.249    
  -------------------------------------------------------------------
                         slack                                  0.083    

Slack (MET) :             0.083ns  (arrival time - required time)
  Source:                 gen_stages[3].stage_inst/mem_counter_reg_reg[3]/C
                            (rising edge-triggered cell FDRE clocked by sys_clk  {rise@0.000ns fall@1.500ns period=3.000ns})
  Destination:            gen_stages[3].stage_inst/gen_memory.mem/mem_C_reg_0_63_27_29/RAMB/WADR3
                            (rising edge-triggered cell RAMD64E clocked by sys_clk  {rise@0.000ns fall@1.500ns period=3.000ns})
  Path Group:             sys_clk
  Path Type:              Hold (Min at Fast Process Corner)
  Requirement:            0.000ns  (sys_clk rise@0.000ns - sys_clk rise@0.000ns)
  Data Path Delay:        0.339ns  (logic 0.141ns (41.615%)  route 0.198ns (58.385%))
  Logic Levels:           0  
  Clock Path Skew:        0.016ns (DCD - SCD - CPR)
    Destination Clock Delay (DCD):    2.457ns
    Source Clock Delay      (SCD):    1.910ns
    Clock Pessimism Removal (CPR):    0.530ns

    Location             Delay type                Incr(ns)  Path(ns)    Netlist Resource(s)
  -------------------------------------------------------------------    -------------------
                         (clock sys_clk rise edge)    0.000     0.000 r  
    E17                                               0.000     0.000 r  clock (IN)
                         net (fo=0)                   0.000     0.000    clock
    E17                  IBUF (Prop_ibuf_I_O)         0.255     0.255 r  clock_IBUF_inst/O
                         net (fo=1, routed)           0.936     1.190    clock_IBUF
    BUFGCTRL_X0Y16       BUFG (Prop_bufg_I_O)         0.026     1.216 r  clock_IBUF_BUFG_inst/O
                         net (fo=4613, routed)        0.694     1.910    gen_stages[3].stage_inst/clock_IBUF_BUFG
    SLICE_X21Y98         FDRE                                         r  gen_stages[3].stage_inst/mem_counter_reg_reg[3]/C
  -------------------------------------------------------------------    -------------------
    SLICE_X21Y98         FDRE (Prop_fdre_C_Q)         0.141     2.051 r  gen_stages[3].stage_inst/mem_counter_reg_reg[3]/Q
                         net (fo=448, routed)         0.198     2.249    gen_stages[3].stage_inst/gen_memory.mem/mem_C_reg_0_63_27_29/ADDRD3
    SLICE_X20Y99         RAMD64E                                      r  gen_stages[3].stage_inst/gen_memory.mem/mem_C_reg_0_63_27_29/RAMB/WADR3
  -------------------------------------------------------------------    -------------------

                         (clock sys_clk rise edge)    0.000     0.000 r  
    E17                                               0.000     0.000 r  clock (IN)
                         net (fo=0)                   0.000     0.000    clock
    E17                  IBUF (Prop_ibuf_I_O)         0.442     0.442 r  clock_IBUF_inst/O
                         net (fo=1, routed)           1.015     1.457    clock_IBUF
    BUFGCTRL_X0Y16       BUFG (Prop_bufg_I_O)         0.029     1.486 r  clock_IBUF_BUFG_inst/O
                         net (fo=4613, routed)        0.971     2.457    gen_stages[3].stage_inst/gen_memory.mem/mem_C_reg_0_63_27_29/WCLK
    SLICE_X20Y99         RAMD64E                                      r  gen_stages[3].stage_inst/gen_memory.mem/mem_C_reg_0_63_27_29/RAMB/CLK
                         clock pessimism             -0.530     1.926    
    SLICE_X20Y99         RAMD64E (Hold_ramd64e_CLK_WADR3)
                                                      0.240     2.166    gen_stages[3].stage_inst/gen_memory.mem/mem_C_reg_0_63_27_29/RAMB
  -------------------------------------------------------------------
                         required time                         -2.166    
                         arrival time                           2.249    
  -------------------------------------------------------------------
                         slack                                  0.083    

Slack (MET) :             0.083ns  (arrival time - required time)
  Source:                 gen_stages[3].stage_inst/mem_counter_reg_reg[3]/C
                            (rising edge-triggered cell FDRE clocked by sys_clk  {rise@0.000ns fall@1.500ns period=3.000ns})
  Destination:            gen_stages[3].stage_inst/gen_memory.mem/mem_C_reg_0_63_27_29/RAMC/WADR3
                            (rising edge-triggered cell RAMD64E clocked by sys_clk  {rise@0.000ns fall@1.500ns period=3.000ns})
  Path Group:             sys_clk
  Path Type:              Hold (Min at Fast Process Corner)
  Requirement:            0.000ns  (sys_clk rise@0.000ns - sys_clk rise@0.000ns)
  Data Path Delay:        0.339ns  (logic 0.141ns (41.615%)  route 0.198ns (58.385%))
  Logic Levels:           0  
  Clock Path Skew:        0.016ns (DCD - SCD - CPR)
    Destination Clock Delay (DCD):    2.457ns
    Source Clock Delay      (SCD):    1.910ns
    Clock Pessimism Removal (CPR):    0.530ns

    Location             Delay type                Incr(ns)  Path(ns)    Netlist Resource(s)
  -------------------------------------------------------------------    -------------------
                         (clock sys_clk rise edge)    0.000     0.000 r  
    E17                                               0.000     0.000 r  clock (IN)
                         net (fo=0)                   0.000     0.000    clock
    E17                  IBUF (Prop_ibuf_I_O)         0.255     0.255 r  clock_IBUF_inst/O
                         net (fo=1, routed)           0.936     1.190    clock_IBUF
    BUFGCTRL_X0Y16       BUFG (Prop_bufg_I_O)         0.026     1.216 r  clock_IBUF_BUFG_inst/O
                         net (fo=4613, routed)        0.694     1.910    gen_stages[3].stage_inst/clock_IBUF_BUFG
    SLICE_X21Y98         FDRE                                         r  gen_stages[3].stage_inst/mem_counter_reg_reg[3]/C
  -------------------------------------------------------------------    -------------------
    SLICE_X21Y98         FDRE (Prop_fdre_C_Q)         0.141     2.051 r  gen_stages[3].stage_inst/mem_counter_reg_reg[3]/Q
                         net (fo=448, routed)         0.198     2.249    gen_stages[3].stage_inst/gen_memory.mem/mem_C_reg_0_63_27_29/ADDRD3
    SLICE_X20Y99         RAMD64E                                      r  gen_stages[3].stage_inst/gen_memory.mem/mem_C_reg_0_63_27_29/RAMC/WADR3
  -------------------------------------------------------------------    -------------------

                         (clock sys_clk rise edge)    0.000     0.000 r  
    E17                                               0.000     0.000 r  clock (IN)
                         net (fo=0)                   0.000     0.000    clock
    E17                  IBUF (Prop_ibuf_I_O)         0.442     0.442 r  clock_IBUF_inst/O
                         net (fo=1, routed)           1.015     1.457    clock_IBUF
    BUFGCTRL_X0Y16       BUFG (Prop_bufg_I_O)         0.029     1.486 r  clock_IBUF_BUFG_inst/O
                         net (fo=4613, routed)        0.971     2.457    gen_stages[3].stage_inst/gen_memory.mem/mem_C_reg_0_63_27_29/WCLK
    SLICE_X20Y99         RAMD64E                                      r  gen_stages[3].stage_inst/gen_memory.mem/mem_C_reg_0_63_27_29/RAMC/CLK
                         clock pessimism             -0.530     1.926    
    SLICE_X20Y99         RAMD64E (Hold_ramd64e_CLK_WADR3)
                                                      0.240     2.166    gen_stages[3].stage_inst/gen_memory.mem/mem_C_reg_0_63_27_29/RAMC
  -------------------------------------------------------------------
                         required time                         -2.166    
                         arrival time                           2.249    
  -------------------------------------------------------------------
                         slack                                  0.083    

Slack (MET) :             0.083ns  (arrival time - required time)
  Source:                 gen_stages[3].stage_inst/mem_counter_reg_reg[3]/C
                            (rising edge-triggered cell FDRE clocked by sys_clk  {rise@0.000ns fall@1.500ns period=3.000ns})
  Destination:            gen_stages[3].stage_inst/gen_memory.mem/mem_C_reg_0_63_27_29/RAMD/WADR3
                            (rising edge-triggered cell RAMD64E clocked by sys_clk  {rise@0.000ns fall@1.500ns period=3.000ns})
  Path Group:             sys_clk
  Path Type:              Hold (Min at Fast Process Corner)
  Requirement:            0.000ns  (sys_clk rise@0.000ns - sys_clk rise@0.000ns)
  Data Path Delay:        0.339ns  (logic 0.141ns (41.615%)  route 0.198ns (58.385%))
  Logic Levels:           0  
  Clock Path Skew:        0.016ns (DCD - SCD - CPR)
    Destination Clock Delay (DCD):    2.457ns
    Source Clock Delay      (SCD):    1.910ns
    Clock Pessimism Removal (CPR):    0.530ns

    Location             Delay type                Incr(ns)  Path(ns)    Netlist Resource(s)
  -------------------------------------------------------------------    -------------------
                         (clock sys_clk rise edge)    0.000     0.000 r  
    E17                                               0.000     0.000 r  clock (IN)
                         net (fo=0)                   0.000     0.000    clock
    E17                  IBUF (Prop_ibuf_I_O)         0.255     0.255 r  clock_IBUF_inst/O
                         net (fo=1, routed)           0.936     1.190    clock_IBUF
    BUFGCTRL_X0Y16       BUFG (Prop_bufg_I_O)         0.026     1.216 r  clock_IBUF_BUFG_inst/O
                         net (fo=4613, routed)        0.694     1.910    gen_stages[3].stage_inst/clock_IBUF_BUFG
    SLICE_X21Y98         FDRE                                         r  gen_stages[3].stage_inst/mem_counter_reg_reg[3]/C
  -------------------------------------------------------------------    -------------------
    SLICE_X21Y98         FDRE (Prop_fdre_C_Q)         0.141     2.051 r  gen_stages[3].stage_inst/mem_counter_reg_reg[3]/Q
                         net (fo=448, routed)         0.198     2.249    gen_stages[3].stage_inst/gen_memory.mem/mem_C_reg_0_63_27_29/ADDRD3
    SLICE_X20Y99         RAMD64E                                      r  gen_stages[3].stage_inst/gen_memory.mem/mem_C_reg_0_63_27_29/RAMD/WADR3
  -------------------------------------------------------------------    -------------------

                         (clock sys_clk rise edge)    0.000     0.000 r  
    E17                                               0.000     0.000 r  clock (IN)
                         net (fo=0)                   0.000     0.000    clock
    E17                  IBUF (Prop_ibuf_I_O)         0.442     0.442 r  clock_IBUF_inst/O
                         net (fo=1, routed)           1.015     1.457    clock_IBUF
    BUFGCTRL_X0Y16       BUFG (Prop_bufg_I_O)         0.029     1.486 r  clock_IBUF_BUFG_inst/O
                         net (fo=4613, routed)        0.971     2.457    gen_stages[3].stage_inst/gen_memory.mem/mem_C_reg_0_63_27_29/WCLK
    SLICE_X20Y99         RAMD64E                                      r  gen_stages[3].stage_inst/gen_memory.mem/mem_C_reg_0_63_27_29/RAMD/CLK
                         clock pessimism             -0.530     1.926    
    SLICE_X20Y99         RAMD64E (Hold_ramd64e_CLK_WADR3)
                                                      0.240     2.166    gen_stages[3].stage_inst/gen_memory.mem/mem_C_reg_0_63_27_29/RAMD
  -------------------------------------------------------------------
                         required time                         -2.166    
                         arrival time                           2.249    
  -------------------------------------------------------------------
                         slack                                  0.083    

Slack (MET) :             0.085ns  (arrival time - required time)
  Source:                 gen_stages[3].stage_inst/mem_counter_reg_reg[3]/C
                            (rising edge-triggered cell FDRE clocked by sys_clk  {rise@0.000ns fall@1.500ns period=3.000ns})
  Destination:            gen_stages[3].stage_inst/gen_memory.mem/mem_B_reg_0_63_12_14/RAMA/WADR3
                            (rising edge-triggered cell RAMD64E clocked by sys_clk  {rise@0.000ns fall@1.500ns period=3.000ns})
  Path Group:             sys_clk
  Path Type:              Hold (Min at Fast Process Corner)
  Requirement:            0.000ns  (sys_clk rise@0.000ns - sys_clk rise@0.000ns)
  Data Path Delay:        0.362ns  (logic 0.141ns (38.915%)  route 0.221ns (61.085%))
  Logic Levels:           0  
  Clock Path Skew:        0.037ns (DCD - SCD - CPR)
    Destination Clock Delay (DCD):    2.455ns
    Source Clock Delay      (SCD):    1.910ns
    Clock Pessimism Removal (CPR):    0.507ns

    Location             Delay type                Incr(ns)  Path(ns)    Netlist Resource(s)
  -------------------------------------------------------------------    -------------------
                         (clock sys_clk rise edge)    0.000     0.000 r  
    E17                                               0.000     0.000 r  clock (IN)
                         net (fo=0)                   0.000     0.000    clock
    E17                  IBUF (Prop_ibuf_I_O)         0.255     0.255 r  clock_IBUF_inst/O
                         net (fo=1, routed)           0.936     1.190    clock_IBUF
    BUFGCTRL_X0Y16       BUFG (Prop_bufg_I_O)         0.026     1.216 r  clock_IBUF_BUFG_inst/O
                         net (fo=4613, routed)        0.694     1.910    gen_stages[3].stage_inst/clock_IBUF_BUFG
    SLICE_X21Y98         FDRE                                         r  gen_stages[3].stage_inst/mem_counter_reg_reg[3]/C
  -------------------------------------------------------------------    -------------------
    SLICE_X21Y98         FDRE (Prop_fdre_C_Q)         0.141     2.051 r  gen_stages[3].stage_inst/mem_counter_reg_reg[3]/Q
                         net (fo=448, routed)         0.221     2.273    gen_stages[3].stage_inst/gen_memory.mem/mem_B_reg_0_63_12_14/ADDRD3
    SLICE_X22Y98         RAMD64E                                      r  gen_stages[3].stage_inst/gen_memory.mem/mem_B_reg_0_63_12_14/RAMA/WADR3
  -------------------------------------------------------------------    -------------------

                         (clock sys_clk rise edge)    0.000     0.000 r  
    E17                                               0.000     0.000 r  clock (IN)
                         net (fo=0)                   0.000     0.000    clock
    E17                  IBUF (Prop_ibuf_I_O)         0.442     0.442 r  clock_IBUF_inst/O
                         net (fo=1, routed)           1.015     1.457    clock_IBUF
    BUFGCTRL_X0Y16       BUFG (Prop_bufg_I_O)         0.029     1.486 r  clock_IBUF_BUFG_inst/O
                         net (fo=4613, routed)        0.969     2.455    gen_stages[3].stage_inst/gen_memory.mem/mem_B_reg_0_63_12_14/WCLK
    SLICE_X22Y98         RAMD64E                                      r  gen_stages[3].stage_inst/gen_memory.mem/mem_B_reg_0_63_12_14/RAMA/CLK
                         clock pessimism             -0.507     1.947    
    SLICE_X22Y98         RAMD64E (Hold_ramd64e_CLK_WADR3)
                                                      0.240     2.187    gen_stages[3].stage_inst/gen_memory.mem/mem_B_reg_0_63_12_14/RAMA
  -------------------------------------------------------------------
                         required time                         -2.187    
                         arrival time                           2.273    
  -------------------------------------------------------------------
                         slack                                  0.085    

Slack (MET) :             0.085ns  (arrival time - required time)
  Source:                 gen_stages[3].stage_inst/mem_counter_reg_reg[3]/C
                            (rising edge-triggered cell FDRE clocked by sys_clk  {rise@0.000ns fall@1.500ns period=3.000ns})
  Destination:            gen_stages[3].stage_inst/gen_memory.mem/mem_B_reg_0_63_12_14/RAMB/WADR3
                            (rising edge-triggered cell RAMD64E clocked by sys_clk  {rise@0.000ns fall@1.500ns period=3.000ns})
  Path Group:             sys_clk
  Path Type:              Hold (Min at Fast Process Corner)
  Requirement:            0.000ns  (sys_clk rise@0.000ns - sys_clk rise@0.000ns)
  Data Path Delay:        0.362ns  (logic 0.141ns (38.915%)  route 0.221ns (61.085%))
  Logic Levels:           0  
  Clock Path Skew:        0.037ns (DCD - SCD - CPR)
    Destination Clock Delay (DCD):    2.455ns
    Source Clock Delay      (SCD):    1.910ns
    Clock Pessimism Removal (CPR):    0.507ns

    Location             Delay type                Incr(ns)  Path(ns)    Netlist Resource(s)
  -------------------------------------------------------------------    -------------------
                         (clock sys_clk rise edge)    0.000     0.000 r  
    E17                                               0.000     0.000 r  clock (IN)
                         net (fo=0)                   0.000     0.000    clock
    E17                  IBUF (Prop_ibuf_I_O)         0.255     0.255 r  clock_IBUF_inst/O
                         net (fo=1, routed)           0.936     1.190    clock_IBUF
    BUFGCTRL_X0Y16       BUFG (Prop_bufg_I_O)         0.026     1.216 r  clock_IBUF_BUFG_inst/O
                         net (fo=4613, routed)        0.694     1.910    gen_stages[3].stage_inst/clock_IBUF_BUFG
    SLICE_X21Y98         FDRE                                         r  gen_stages[3].stage_inst/mem_counter_reg_reg[3]/C
  -------------------------------------------------------------------    -------------------
    SLICE_X21Y98         FDRE (Prop_fdre_C_Q)         0.141     2.051 r  gen_stages[3].stage_inst/mem_counter_reg_reg[3]/Q
                         net (fo=448, routed)         0.221     2.273    gen_stages[3].stage_inst/gen_memory.mem/mem_B_reg_0_63_12_14/ADDRD3
    SLICE_X22Y98         RAMD64E                                      r  gen_stages[3].stage_inst/gen_memory.mem/mem_B_reg_0_63_12_14/RAMB/WADR3
  -------------------------------------------------------------------    -------------------

                         (clock sys_clk rise edge)    0.000     0.000 r  
    E17                                               0.000     0.000 r  clock (IN)
                         net (fo=0)                   0.000     0.000    clock
    E17                  IBUF (Prop_ibuf_I_O)         0.442     0.442 r  clock_IBUF_inst/O
                         net (fo=1, routed)           1.015     1.457    clock_IBUF
    BUFGCTRL_X0Y16       BUFG (Prop_bufg_I_O)         0.029     1.486 r  clock_IBUF_BUFG_inst/O
                         net (fo=4613, routed)        0.969     2.455    gen_stages[3].stage_inst/gen_memory.mem/mem_B_reg_0_63_12_14/WCLK
    SLICE_X22Y98         RAMD64E                                      r  gen_stages[3].stage_inst/gen_memory.mem/mem_B_reg_0_63_12_14/RAMB/CLK
                         clock pessimism             -0.507     1.947    
    SLICE_X22Y98         RAMD64E (Hold_ramd64e_CLK_WADR3)
                                                      0.240     2.187    gen_stages[3].stage_inst/gen_memory.mem/mem_B_reg_0_63_12_14/RAMB
  -------------------------------------------------------------------
                         required time                         -2.187    
                         arrival time                           2.273    
  -------------------------------------------------------------------
                         slack                                  0.085    

Slack (MET) :             0.085ns  (arrival time - required time)
  Source:                 gen_stages[3].stage_inst/mem_counter_reg_reg[3]/C
                            (rising edge-triggered cell FDRE clocked by sys_clk  {rise@0.000ns fall@1.500ns period=3.000ns})
  Destination:            gen_stages[3].stage_inst/gen_memory.mem/mem_B_reg_0_63_12_14/RAMC/WADR3
                            (rising edge-triggered cell RAMD64E clocked by sys_clk  {rise@0.000ns fall@1.500ns period=3.000ns})
  Path Group:             sys_clk
  Path Type:              Hold (Min at Fast Process Corner)
  Requirement:            0.000ns  (sys_clk rise@0.000ns - sys_clk rise@0.000ns)
  Data Path Delay:        0.362ns  (logic 0.141ns (38.915%)  route 0.221ns (61.085%))
  Logic Levels:           0  
  Clock Path Skew:        0.037ns (DCD - SCD - CPR)
    Destination Clock Delay (DCD):    2.455ns
    Source Clock Delay      (SCD):    1.910ns
    Clock Pessimism Removal (CPR):    0.507ns

    Location             Delay type                Incr(ns)  Path(ns)    Netlist Resource(s)
  -------------------------------------------------------------------    -------------------
                         (clock sys_clk rise edge)    0.000     0.000 r  
    E17                                               0.000     0.000 r  clock (IN)
                         net (fo=0)                   0.000     0.000    clock
    E17                  IBUF (Prop_ibuf_I_O)         0.255     0.255 r  clock_IBUF_inst/O
                         net (fo=1, routed)           0.936     1.190    clock_IBUF
    BUFGCTRL_X0Y16       BUFG (Prop_bufg_I_O)         0.026     1.216 r  clock_IBUF_BUFG_inst/O
                         net (fo=4613, routed)        0.694     1.910    gen_stages[3].stage_inst/clock_IBUF_BUFG
    SLICE_X21Y98         FDRE                                         r  gen_stages[3].stage_inst/mem_counter_reg_reg[3]/C
  -------------------------------------------------------------------    -------------------
    SLICE_X21Y98         FDRE (Prop_fdre_C_Q)         0.141     2.051 r  gen_stages[3].stage_inst/mem_counter_reg_reg[3]/Q
                         net (fo=448, routed)         0.221     2.273    gen_stages[3].stage_inst/gen_memory.mem/mem_B_reg_0_63_12_14/ADDRD3
    SLICE_X22Y98         RAMD64E                                      r  gen_stages[3].stage_inst/gen_memory.mem/mem_B_reg_0_63_12_14/RAMC/WADR3
  -------------------------------------------------------------------    -------------------

                         (clock sys_clk rise edge)    0.000     0.000 r  
    E17                                               0.000     0.000 r  clock (IN)
                         net (fo=0)                   0.000     0.000    clock
    E17                  IBUF (Prop_ibuf_I_O)         0.442     0.442 r  clock_IBUF_inst/O
                         net (fo=1, routed)           1.015     1.457    clock_IBUF
    BUFGCTRL_X0Y16       BUFG (Prop_bufg_I_O)         0.029     1.486 r  clock_IBUF_BUFG_inst/O
                         net (fo=4613, routed)        0.969     2.455    gen_stages[3].stage_inst/gen_memory.mem/mem_B_reg_0_63_12_14/WCLK
    SLICE_X22Y98         RAMD64E                                      r  gen_stages[3].stage_inst/gen_memory.mem/mem_B_reg_0_63_12_14/RAMC/CLK
                         clock pessimism             -0.507     1.947    
    SLICE_X22Y98         RAMD64E (Hold_ramd64e_CLK_WADR3)
                                                      0.240     2.187    gen_stages[3].stage_inst/gen_memory.mem/mem_B_reg_0_63_12_14/RAMC
  -------------------------------------------------------------------
                         required time                         -2.187    
                         arrival time                           2.273    
  -------------------------------------------------------------------
                         slack                                  0.085    

Slack (MET) :             0.085ns  (arrival time - required time)
  Source:                 gen_stages[3].stage_inst/mem_counter_reg_reg[3]/C
                            (rising edge-triggered cell FDRE clocked by sys_clk  {rise@0.000ns fall@1.500ns period=3.000ns})
  Destination:            gen_stages[3].stage_inst/gen_memory.mem/mem_B_reg_0_63_12_14/RAMD/WADR3
                            (rising edge-triggered cell RAMD64E clocked by sys_clk  {rise@0.000ns fall@1.500ns period=3.000ns})
  Path Group:             sys_clk
  Path Type:              Hold (Min at Fast Process Corner)
  Requirement:            0.000ns  (sys_clk rise@0.000ns - sys_clk rise@0.000ns)
  Data Path Delay:        0.362ns  (logic 0.141ns (38.915%)  route 0.221ns (61.085%))
  Logic Levels:           0  
  Clock Path Skew:        0.037ns (DCD - SCD - CPR)
    Destination Clock Delay (DCD):    2.455ns
    Source Clock Delay      (SCD):    1.910ns
    Clock Pessimism Removal (CPR):    0.507ns

    Location             Delay type                Incr(ns)  Path(ns)    Netlist Resource(s)
  -------------------------------------------------------------------    -------------------
                         (clock sys_clk rise edge)    0.000     0.000 r  
    E17                                               0.000     0.000 r  clock (IN)
                         net (fo=0)                   0.000     0.000    clock
    E17                  IBUF (Prop_ibuf_I_O)         0.255     0.255 r  clock_IBUF_inst/O
                         net (fo=1, routed)           0.936     1.190    clock_IBUF
    BUFGCTRL_X0Y16       BUFG (Prop_bufg_I_O)         0.026     1.216 r  clock_IBUF_BUFG_inst/O
                         net (fo=4613, routed)        0.694     1.910    gen_stages[3].stage_inst/clock_IBUF_BUFG
    SLICE_X21Y98         FDRE                                         r  gen_stages[3].stage_inst/mem_counter_reg_reg[3]/C
  -------------------------------------------------------------------    -------------------
    SLICE_X21Y98         FDRE (Prop_fdre_C_Q)         0.141     2.051 r  gen_stages[3].stage_inst/mem_counter_reg_reg[3]/Q
                         net (fo=448, routed)         0.221     2.273    gen_stages[3].stage_inst/gen_memory.mem/mem_B_reg_0_63_12_14/ADDRD3
    SLICE_X22Y98         RAMD64E                                      r  gen_stages[3].stage_inst/gen_memory.mem/mem_B_reg_0_63_12_14/RAMD/WADR3
  -------------------------------------------------------------------    -------------------

                         (clock sys_clk rise edge)    0.000     0.000 r  
    E17                                               0.000     0.000 r  clock (IN)
                         net (fo=0)                   0.000     0.000    clock
    E17                  IBUF (Prop_ibuf_I_O)         0.442     0.442 r  clock_IBUF_inst/O
                         net (fo=1, routed)           1.015     1.457    clock_IBUF
    BUFGCTRL_X0Y16       BUFG (Prop_bufg_I_O)         0.029     1.486 r  clock_IBUF_BUFG_inst/O
                         net (fo=4613, routed)        0.969     2.455    gen_stages[3].stage_inst/gen_memory.mem/mem_B_reg_0_63_12_14/WCLK
    SLICE_X22Y98         RAMD64E                                      r  gen_stages[3].stage_inst/gen_memory.mem/mem_B_reg_0_63_12_14/RAMD/CLK
                         clock pessimism             -0.507     1.947    
    SLICE_X22Y98         RAMD64E (Hold_ramd64e_CLK_WADR3)
                                                      0.240     2.187    gen_stages[3].stage_inst/gen_memory.mem/mem_B_reg_0_63_12_14/RAMD
  -------------------------------------------------------------------
                         required time                         -2.187    
                         arrival time                           2.273    
  -------------------------------------------------------------------
                         slack                                  0.085    





Pulse Width Checks
--------------------------------------------------------------------------------------
Clock Name:         sys_clk
Waveform(ns):       { 0.000 1.500 }
Period(ns):         3.000
Sources:            { clock }

Check Type        Corner  Lib Pin      Reference Pin  Required(ns)  Actual(ns)  Slack(ns)  Location      Pin
Min Period        n/a     DSP48E1/CLK  n/a            1.816         3.000       1.184      DSP48_X2Y23   gen_stages[0].stage_inst/b4/m2i_reg_reg/CLK
Min Period        n/a     DSP48E1/CLK  n/a            1.816         3.000       1.184      DSP48_X3Y28   gen_stages[0].stage_inst/b4/mul_m1i_reg_1_reg/CLK
Min Period        n/a     DSP48E1/CLK  n/a            1.816         3.000       1.184      DSP48_X1Y21   gen_stages[1].stage_inst/b4/m1r_reg_reg/CLK
Min Period        n/a     DSP48E1/CLK  n/a            1.816         3.000       1.184      DSP48_X1Y24   gen_stages[1].stage_inst/b4/mul_m0r_reg_1_reg/CLK
Min Period        n/a     DSP48E1/CLK  n/a            1.816         3.000       1.184      DSP48_X1Y26   gen_stages[1].stage_inst/b4/mul_m2r_reg_1_reg/CLK
Min Period        n/a     DSP48E1/CLK  n/a            1.816         3.000       1.184      DSP48_X2Y33   gen_stages[2].stage_inst/b4/m1i_reg_reg/CLK
Min Period        n/a     DSP48E1/CLK  n/a            1.816         3.000       1.184      DSP48_X1Y36   gen_stages[2].stage_inst/b4/mul_m0i_reg_1_reg/CLK
Min Period        n/a     DSP48E1/CLK  n/a            1.816         3.000       1.184      DSP48_X1Y32   gen_stages[2].stage_inst/b4/mul_m2i_reg_1_reg/CLK
Min Period        n/a     DSP48E1/CLK  n/a            1.816         3.000       1.184      DSP48_X2Y39   gen_stages[3].stage_inst/b4/m0r_reg_reg/CLK
Min Period        n/a     DSP48E1/CLK  n/a            1.816         3.000       1.184      DSP48_X2Y45   gen_stages[3].stage_inst/b4/m2r_reg_reg/CLK
Low Pulse Width   Slow    RAMD64E/CLK  n/a            1.130         1.500       0.370      SLICE_X36Y83  gen_stages[3].stage_inst/gen_memory.mem/mem_A_reg_0_63_0_2/RAMA/CLK
Low Pulse Width   Slow    RAMD64E/CLK  n/a            1.130         1.500       0.370      SLICE_X36Y83  gen_stages[3].stage_inst/gen_memory.mem/mem_A_reg_0_63_0_2/RAMB/CLK
Low Pulse Width   Slow    RAMD64E/CLK  n/a            1.130         1.500       0.370      SLICE_X36Y83  gen_stages[3].stage_inst/gen_memory.mem/mem_A_reg_0_63_0_2/RAMC/CLK
Low Pulse Width   Slow    RAMD64E/CLK  n/a            1.130         1.500       0.370      SLICE_X36Y83  gen_stages[3].stage_inst/gen_memory.mem/mem_A_reg_0_63_0_2/RAMD/CLK
Low Pulse Width   Slow    RAMD64E/CLK  n/a            1.130         1.500       0.370      SLICE_X20Y95  gen_stages[3].stage_inst/gen_memory.mem/mem_A_reg_0_63_12_14/RAMA/CLK
Low Pulse Width   Slow    RAMD64E/CLK  n/a            1.130         1.500       0.370      SLICE_X20Y95  gen_stages[3].stage_inst/gen_memory.mem/mem_A_reg_0_63_12_14/RAMB/CLK
Low Pulse Width   Slow    RAMD64E/CLK  n/a            1.130         1.500       0.370      SLICE_X20Y95  gen_stages[3].stage_inst/gen_memory.mem/mem_A_reg_0_63_12_14/RAMC/CLK
Low Pulse Width   Slow    RAMD64E/CLK  n/a            1.130         1.500       0.370      SLICE_X20Y95  gen_stages[3].stage_inst/gen_memory.mem/mem_A_reg_0_63_12_14/RAMD/CLK
Low Pulse Width   Slow    RAMD64E/CLK  n/a            1.130         1.500       0.370      SLICE_X44Y91  gen_stages[3].stage_inst/gen_memory.mem/mem_A_reg_0_63_21_23/RAMA/CLK
Low Pulse Width   Slow    RAMD64E/CLK  n/a            1.130         1.500       0.370      SLICE_X44Y91  gen_stages[3].stage_inst/gen_memory.mem/mem_A_reg_0_63_21_23/RAMB/CLK
High Pulse Width  Fast    RAMD64E/CLK  n/a            1.130         1.500       0.370      SLICE_X36Y83  gen_stages[3].stage_inst/gen_memory.mem/mem_A_reg_0_63_0_2/RAMA/CLK
High Pulse Width  Fast    RAMD64E/CLK  n/a            1.130         1.500       0.370      SLICE_X36Y83  gen_stages[3].stage_inst/gen_memory.mem/mem_A_reg_0_63_0_2/RAMB/CLK
High Pulse Width  Fast    RAMD64E/CLK  n/a            1.130         1.500       0.370      SLICE_X36Y83  gen_stages[3].stage_inst/gen_memory.mem/mem_A_reg_0_63_0_2/RAMC/CLK
High Pulse Width  Fast    RAMD64E/CLK  n/a            1.130         1.500       0.370      SLICE_X36Y83  gen_stages[3].stage_inst/gen_memory.mem/mem_A_reg_0_63_0_2/RAMD/CLK
High Pulse Width  Fast    RAMD64E/CLK  n/a            1.130         1.500       0.370      SLICE_X20Y95  gen_stages[3].stage_inst/gen_memory.mem/mem_A_reg_0_63_12_14/RAMA/CLK
High Pulse Width  Fast    RAMD64E/CLK  n/a            1.130         1.500       0.370      SLICE_X20Y95  gen_stages[3].stage_inst/gen_memory.mem/mem_A_reg_0_63_12_14/RAMB/CLK
High Pulse Width  Fast    RAMD64E/CLK  n/a            1.130         1.500       0.370      SLICE_X20Y95  gen_stages[3].stage_inst/gen_memory.mem/mem_A_reg_0_63_12_14/RAMC/CLK
High Pulse Width  Fast    RAMD64E/CLK  n/a            1.130         1.500       0.370      SLICE_X20Y95  gen_stages[3].stage_inst/gen_memory.mem/mem_A_reg_0_63_12_14/RAMD/CLK
High Pulse Width  Fast    RAMD64E/CLK  n/a            1.130         1.500       0.370      SLICE_X40Y88  gen_stages[3].stage_inst/gen_memory.mem/mem_A_reg_0_63_15_17/RAMA/CLK
High Pulse Width  Fast    RAMD64E/CLK  n/a            1.130         1.500       0.370      SLICE_X40Y88  gen_stages[3].stage_inst/gen_memory.mem/mem_A_reg_0_63_15_17/RAMB/CLK



