#-----------------------------------------------------------
# Vivado v2018.3 (64-bit)
# SW Build 2405991 on Thu Dec  6 23:36:41 MST 2018
# IP Build 2404404 on Fri Dec  7 01:43:56 MST 2018
# Start of session at: Mon Jan 19 22:48:26 2026
# Process ID: 26933
# Current directory: /home/christodoulos-zerdalis/Desktop/FFT/radix_4_SDF_bram
# Command line: vivado
# Log file: /home/christodoulos-zerdalis/Desktop/FFT/radix_4_SDF_bram/vivado.log
# Journal file: /home/christodoulos-zerdalis/Desktop/FFT/radix_4_SDF_bram/vivado.jou
#-----------------------------------------------------------
start_gui
create_project fft_bram /home/christodoulos-zerdalis/Desktop/FFT/radix_4_SDF_bram/fft_bram -part xc7a200tfbg676-2
set_property board_part xilinx.com:ac701:part0:1.4 [current_project]
set_property simulator_language Verilog [current_project]
add_files -norecurse {/home/christodoulos-zerdalis/Desktop/FFT/radix_4_SDF_bram/fft_radix_4_top.v /home/christodoulos-zerdalis/Desktop/FFT/radix_4_SDF_bram/butterfly.v /home/christodoulos-zerdalis/Desktop/FFT/radix_4_SDF_bram/memory.v /home/christodoulos-zerdalis/Desktop/FFT/radix_4_SDF_bram/stage_unit.v}
update_compile_order -fileset sources_1
update_compile_order -fileset sources_1
set_property SOURCE_SET sources_1 [get_filesets sim_1]
add_files -fileset sim_1 -norecurse /home/christodoulos-zerdalis/Desktop/FFT/radix_4_SDF_bram/tb_fft_radix_4_top.v
update_compile_order -fileset sim_1
update_compile_order -fileset sim_1
launch_simulation
