\BOOKMARK [0][-]{chapter*.1}{\376\377\000A\000c\000k\000n\000o\000w\000l\000e\000d\000g\000e\000m\000e\000n\000t\000s}{}% 1
\BOOKMARK [0][-]{chapter*.1}{\376\377\000A\000b\000s\000t\000r\000a\000c\000t}{}% 2
\BOOKMARK [0][-]{chapter*.1}{\376\377\003\240\003\265\003\301\003\257\003\273\003\267\003\310\003\267}{}% 3
\BOOKMARK [0][-]{chapter*.1}{\376\377\000T\000a\000b\000l\000e\000\040\000o\000f\000\040\000c\000o\000n\000t\000e\000n\000t\000s}{}% 4
\BOOKMARK [0][-]{chapter*.3}{\376\377\000L\000i\000s\000t\000\040\000o\000f\000\040\000f\000i\000g\000u\000r\000e\000s}{}% 5
\BOOKMARK [0][-]{chapter*.4}{\376\377\000L\000i\000s\000t\000\040\000o\000f\000\040\000t\000a\000b\000l\000e\000s}{}% 6
\BOOKMARK [0][-]{chapter*.5}{\376\377\000A\000b\000b\000r\000e\000v\000i\000a\000t\000i\000o\000n\000s}{}% 7
\BOOKMARK [0][-]{chapter.1}{\376\377\003\225\003\271\003\303\003\261\003\263\003\311\003\263\003\256}{}% 8
\BOOKMARK [1][-]{section.1.1}{\376\377\003\221\003\275\003\304\003\271\003\272\003\265\003\257\003\274\003\265\003\275\003\277\000\040\003\304\003\267\003\302\000\040\003\264\003\271\003\300\003\273\003\311\003\274\003\261\003\304\003\271\003\272\003\256\003\302}{chapter.1}% 9
\BOOKMARK [2][-]{subsection.1.1.1}{\376\377\003\243\003\305\003\275\003\265\003\271\003\303\003\306\003\277\003\301\003\254}{section.1.1}% 10
\BOOKMARK [1][-]{section.1.2}{\376\377\003\237\003\301\003\263\003\254\003\275\003\311\003\303\003\267\000\040\003\304\003\277\003\305\000\040\003\304\003\314\003\274\003\277\003\305}{chapter.1}% 11
\BOOKMARK [0][-]{chapter.2}{\376\377\000B\000a\000c\000k\000g\000r\000o\000u\000n\000d\000\040\000a\000n\000d\000\040\000T\000h\000e\000o\000r\000e\000t\000i\000c\000a\000l\000\040\000F\000o\000u\000n\000d\000a\000t\000i\000o\000n\000s}{}% 12
\BOOKMARK [1][-]{section.2.1}{\376\377\000I\000n\000t\000r\000o\000d\000u\000c\000t\000i\000o\000n\000\040\000t\000o\000\040\000F\000o\000u\000r\000i\000e\000r\000\040\000T\000r\000a\000n\000s\000f\000o\000r\000m}{chapter.2}% 13
\BOOKMARK [1][-]{section.2.2}{\376\377\000F\000a\000s\000t\000\040\000F\000o\000u\000r\000i\000e\000r\000\040\000T\000r\000a\000n\000s\000f\000o\000r\000m\000\040\000i\000n\000\040\000G\000e\000n\000e\000r\000a\000l}{chapter.2}% 14
\BOOKMARK [1][-]{section.2.3}{\376\377\000F\000F\000T\000\040\000D\000e\000c\000o\000m\000p\000o\000s\000i\000t\000i\000o\000n}{chapter.2}% 15
\BOOKMARK [2][-]{subsection.2.3.1}{\376\377\000R\000a\000d\000i\000x\000-\0002}{section.2.3}% 16
\BOOKMARK [2][-]{subsection.2.3.2}{\376\377\000R\000a\000d\000i\000x\000-\0004}{section.2.3}% 17
\BOOKMARK [2][-]{subsection.2.3.3}{\376\377\000S\000p\000l\000i\000t\000-\000R\000a\000d\000i\000x}{section.2.3}% 18
\BOOKMARK [1][-]{section.2.4}{\376\377\000U\000n\000r\000o\000l\000l\000e\000d\000\040\000a\000n\000d\000\040\000S\000i\000n\000g\000l\000e\000-\000P\000a\000t\000h\000\040\000D\000e\000l\000a\000y\000\040\000F\000e\000e\000d\000b\000a\000c\000k\000\040\000A\000p\000p\000r\000o\000a\000c\000h\000e\000s}{chapter.2}% 19
\BOOKMARK [1][-]{section.2.5}{\376\377\000F\000i\000x\000e\000d\000-\000P\000o\000i\000n\000t\000\040\000A\000r\000i\000t\000h\000m\000e\000t\000i\000c\000\040\000a\000n\000d\000\040\000Q\000u\000a\000n\000t\000i\000z\000a\000t\000i\000o\000n\000\040\000N\000o\000i\000s\000e}{chapter.2}% 20
\BOOKMARK [1][-]{section.2.6}{\376\377\000C\000u\000s\000t\000o\000m\000\040\000M\000u\000l\000t\000i\000p\000l\000i\000e\000r\000s}{chapter.2}% 21
\BOOKMARK [2][-]{subsection.2.6.1}{\376\377\000C\000a\000r\000r\000y\000-\000S\000a\000v\000e\000\040\000A\000r\000r\000a\000y\000\040\000M\000u\000l\000t\000i\000p\000l\000i\000e\000r}{section.2.6}% 22
\BOOKMARK [2][-]{subsection.2.6.2}{\376\377\000C\000o\000m\000p\000u\000t\000a\000t\000i\000o\000n\000-\000S\000h\000a\000r\000i\000n\000g\000\040\000H\000a\000r\000d\000w\000a\000r\000e\000\040\000M\000u\000l\000t\000i\000p\000l\000i\000e\000r\000\040\000\050\000C\000S\000H\000M\000\051}{section.2.6}% 23
\BOOKMARK [1][-]{section.2.7}{\376\377\000F\000P\000G\000A\000\040\000H\000a\000r\000d\000w\000a\000r\000e\000\040\000R\000e\000s\000o\000u\000r\000c\000e\000s}{chapter.2}% 24
\BOOKMARK [0][-]{chapter.3}{\376\377\000H\000a\000r\000d\000w\000a\000r\000e\000\040\000I\000m\000p\000l\000e\000m\000e\000n\000t\000a\000t\000i\000o\000n\000\040\000o\000f\000\040\000t\000h\000e\000\040\000P\000r\000o\000p\000o\000s\000e\000d\000\040\000A\000l\000g\000o\000r\000i\000t\000h\000m\000s}{}% 25
\BOOKMARK [1][-]{section.3.1}{\376\377\000I\000n\000t\000r\000o\000d\000u\000c\000t\000i\000o\000n}{chapter.3}% 26
\BOOKMARK [1][-]{section.3.2}{\376\377\000S\000h\000a\000r\000e\000d\000\040\000A\000r\000c\000h\000i\000t\000e\000c\000t\000u\000r\000a\000l\000\040\000E\000l\000e\000m\000e\000n\000t\000s}{chapter.3}% 27
\BOOKMARK [2][-]{subsection.3.2.1}{\376\377\000T\000w\000i\000d\000d\000l\000e\000\040\000F\000a\000c\000t\000o\000r\000s}{section.3.2}% 28
\BOOKMARK [2][-]{subsection.3.2.2}{\376\377\000D\000a\000t\000a\000p\000a\000t\000h\000s}{section.3.2}% 29
\BOOKMARK [2][-]{subsection.3.2.3}{\376\377\000D\000a\000t\000a\000t\000y\000p\000e\000s}{section.3.2}% 30
\BOOKMARK [2][-]{subsection.3.2.4}{\376\377\000C\000o\000m\000p\000l\000e\000x\000\040\000M\000u\000l\000t\000i\000p\000l\000i\000c\000a\000t\000i\000o\000n\000\040\000T\000e\000c\000h\000n\000i\000q\000u\000e\000s}{section.3.2}% 31
\BOOKMARK [1][-]{section.3.3}{\376\377\000R\000a\000d\000i\000x\000-\0002\000\040\000I\000m\000p\000l\000e\000m\000e\000n\000t\000a\000t\000i\000o\000n}{chapter.3}% 32
\BOOKMARK [2][-]{subsection.3.3.1}{\376\377\000R\000e\000v\000i\000e\000w\000\040\000o\000f\000\040\000P\000r\000i\000o\000r\000\040\000I\000m\000p\000l\000e\000m\000e\000n\000t\000a\000t\000i\000o\000n}{section.3.3}% 33
\BOOKMARK [2][-]{subsection.3.3.2}{\376\377\000O\000v\000e\000r\000v\000i\000e\000w\000\040\000o\000f\000\040\000P\000r\000o\000p\000o\000s\000e\000d\000\040\000I\000m\000p\000l\000e\000m\000e\000n\000t\000a\000t\000i\000o\000n}{section.3.3}% 34
\BOOKMARK [2][-]{subsection.3.3.3}{\376\377\000B\000u\000t\000t\000e\000r\000f\000l\000y\000\040\000R\000a\000d\000i\000x\000-\0002}{section.3.3}% 35
\BOOKMARK [2][-]{figure.caption.18}{\376\377\000F\000i\000r\000s\000t\000\040\000S\000t\000a\000g\000e}{section.3.3}% 36
\BOOKMARK [2][-]{subsection.3.3.5}{\376\377\000C\000o\000n\000t\000r\000o\000l\000\040\000U\000n\000i\000t}{section.3.3}% 37
\BOOKMARK [2][-]{subsection.3.3.6}{\376\377\000D\000e\000l\000a\000y\000\040\000R\000e\000g\000i\000s\000t\000e\000r\000s\000\040\000a\000n\000d\000\040\000F\000i\000n\000a\000l\000\040\000D\000e\000s\000i\000g\000n}{section.3.3}% 38
\BOOKMARK [2][-]{subsection.3.3.7}{\376\377\000I\000m\000p\000l\000e\000m\000e\000n\000t\000a\000t\000i\000o\000n\000\040\000R\000e\000s\000u\000l\000t\000s\000\040\000u\000s\000i\000n\000g\000\040\000a\000n\000\040\000I\000S\000O\000\040\000C\000l\000o\000c\000k}{section.3.3}% 39
\BOOKMARK [1][-]{section.3.4}{\376\377\000R\000a\000d\000i\000x\000-\0004\000\040\000I\000m\000p\000l\000e\000m\000e\000n\000t\000a\000t\000i\000o\000n}{chapter.3}% 40
\BOOKMARK [2][-]{subsection.3.4.1}{\376\377\000O\000v\000e\000r\000v\000i\000e\000w\000\040\000o\000f\000\040\000P\000r\000o\000p\000o\000s\000e\000d\000\040\000I\000m\000p\000l\000e\000m\000e\000n\000t\000a\000t\000i\000o\000n}{section.3.4}% 41
\BOOKMARK [2][-]{subsection.3.4.2}{\376\377\000B\000u\000t\000t\000e\000r\000f\000l\000y\000\040\000R\000a\000d\000i\000x\000-\0004}{section.3.4}% 42
\BOOKMARK [2][-]{figure.caption.23}{\376\377\000F\000i\000r\000s\000t\000\040\000S\000t\000a\000g\000e}{section.3.4}% 43
\BOOKMARK [2][-]{figure.caption.24}{\376\377\000C\000o\000n\000t\000r\000o\000l\000\040\000U\000n\000i\000t}{section.3.4}% 44
\BOOKMARK [2][-]{subsection.3.4.5}{\376\377\000D\000e\000l\000a\000y\000\040\000R\000e\000g\000i\000s\000t\000e\000r\000s}{section.3.4}% 45
\BOOKMARK [2][-]{subsection.3.4.6}{}{section.3.4}% 46
