Copyright 1986-2018 Xilinx, Inc. All Rights Reserved.
-------------------------------------------------------------------------------------------------------------------------------------------
| Tool Version     : Vivado v.2018.3 (lin64) Build 2405991 Thu Dec  6 23:36:41 MST 2018
| Date             : Sun Jun 21 21:10:29 2026
| Host             : christodoulos-zerdalis-IdeaPad-3-15IIL05 running 64-bit Ubuntu 24.04.3 LTS
| Command          : report_power -file fft_top_power_routed.rpt -pb fft_top_power_summary_routed.pb -rpx fft_top_power_routed.rpx
| Design           : fft_top
| Device           : xc7a200tfbg676-2
| Design State     : routed
| Grade            : commercial
| Process          : typical
| Characterization : Production
-------------------------------------------------------------------------------------------------------------------------------------------

Power Report

Table of Contents
-----------------
1. Summary
1.1 On-Chip Components
1.2 Power Supply Summary
1.3 Confidence Level
2. Settings
2.1 Environment
2.2 Clock Constraints
3. Detailed Reports
3.1 By Hierarchy

1. Summary
----------

+--------------------------+--------------+
| Total On-Chip Power (W)  | 3.044        |
| Design Power Budget (W)  | Unspecified* |
| Power Budget Margin (W)  | NA           |
| Dynamic (W)              | 2.904        |
| Device Static (W)        | 0.140        |
| Effective TJA (C/W)      | 1.9          |
| Max Ambient (C)          | 79.3         |
| Junction Temperature (C) | 30.7         |
| Confidence Level         | Low          |
| Setting File             | ---          |
| Simulation Activity File | ---          |
| Design Nets Matched      | NA           |
+--------------------------+--------------+
* Specify Design Power Budget using, set_operating_conditions -design_power_budget <value in Watts>


1.1 On-Chip Components
----------------------

+--------------------------+-----------+----------+-----------+-----------------+
| On-Chip                  | Power (W) | Used     | Available | Utilization (%) |
+--------------------------+-----------+----------+-----------+-----------------+
| Clocks                   |     0.481 |        3 |       --- |             --- |
| Slice Logic              |     0.841 |    40778 |       --- |             --- |
|   LUT as Logic           |     0.642 |    10412 |    133800 |            7.78 |
|   Register               |     0.108 |    23702 |    267600 |            8.86 |
|   LUT as Shift Register  |     0.037 |      981 |     46200 |            2.12 |
|   LUT as Distributed RAM |     0.030 |      544 |     46200 |            1.18 |
|   CARRY4                 |     0.023 |      680 |     33450 |            2.03 |
|   F7/F8 Muxes            |    <0.001 |       66 |    133800 |            0.05 |
|   Others                 |     0.000 |      104 |       --- |             --- |
| Signals                  |     0.971 |    26310 |       --- |             --- |
| I/O                      |     0.611 |      260 |       400 |           65.00 |
| Static Power             |     0.140 |          |           |                 |
| Total                    |     3.044 |          |           |                 |
+--------------------------+-----------+----------+-----------+-----------------+


1.2 Power Supply Summary
------------------------

+-----------+-------------+-----------+-------------+------------+
| Source    | Voltage (V) | Total (A) | Dynamic (A) | Static (A) |
+-----------+-------------+-----------+-------------+------------+
| Vccint    |       1.000 |     2.334 |       2.296 |      0.037 |
| Vccaux    |       1.800 |     0.081 |       0.050 |      0.031 |
| Vcco33    |       3.300 |     0.000 |       0.000 |      0.000 |
| Vcco25    |       2.500 |     0.000 |       0.000 |      0.000 |
| Vcco18    |       1.800 |     0.293 |       0.288 |      0.005 |
| Vcco15    |       1.500 |     0.000 |       0.000 |      0.000 |
| Vcco135   |       1.350 |     0.000 |       0.000 |      0.000 |
| Vcco12    |       1.200 |     0.000 |       0.000 |      0.000 |
| Vccaux_io |       1.800 |     0.000 |       0.000 |      0.000 |
| Vccbram   |       1.000 |     0.001 |       0.000 |      0.001 |
| MGTAVcc   |       1.000 |     0.000 |       0.000 |      0.000 |
| MGTAVtt   |       1.200 |     0.000 |       0.000 |      0.000 |
| Vccadc    |       1.800 |     0.020 |       0.000 |      0.020 |
+-----------+-------------+-----------+-------------+------------+


1.3 Confidence Level
--------------------

+-----------------------------+------------+--------------------------------------------------------+------------------------------------------------------------------------------------------------------------+
| User Input Data             | Confidence | Details                                                | Action                                                                                                     |
+-----------------------------+------------+--------------------------------------------------------+------------------------------------------------------------------------------------------------------------+
| Design implementation state | High       | Design is routed                                       |                                                                                                            |
| Clock nodes activity        | High       | User specified more than 95% of clocks                 |                                                                                                            |
| I/O nodes activity          | Low        | More than 75% of inputs are missing user specification | Provide missing input activity with simulation results or by editing the "By Resource Type -> I/Os" view   |
| Internal nodes activity     | Medium     | User specified less than 25% of internal nodes         | Provide missing internal nodes activity with simulation results or by editing the "By Resource Type" views |
| Device models               | High       | Device models are Production                           |                                                                                                            |
|                             |            |                                                        |                                                                                                            |
| Overall confidence level    | Low        |                                                        |                                                                                                            |
+-----------------------------+------------+--------------------------------------------------------+------------------------------------------------------------------------------------------------------------+


2. Settings
-----------

2.1 Environment
---------------

+-----------------------+--------------------------+
| Ambient Temp (C)      | 25.0                     |
| ThetaJA (C/W)         | 1.9                      |
| Airflow (LFM)         | 250                      |
| Heat Sink             | medium (Medium Profile)  |
| ThetaSA (C/W)         | 3.4                      |
| Board Selection       | medium (10"x10")         |
| # of Board Layers     | 12to15 (12 to 15 Layers) |
| Board Temperature (C) | 25.0                     |
+-----------------------+--------------------------+


2.2 Clock Constraints
---------------------

+---------+--------+-----------------+
| Clock   | Domain | Constraint (ns) |
+---------+--------+-----------------+
| sys_clk | clock  |             2.0 |
+---------+--------+-----------------+


3. Detailed Reports
-------------------

3.1 By Hierarchy
----------------

+----------------------------+-----------+
| Name                       | Power (W) |
+----------------------------+-----------+
| fft_top                    |     2.904 |
|   gen_stages[0].stage_inst |     0.226 |
|     b4                     |     0.214 |
|       pm0i_2               |     0.025 |
|       pm0r                 |     0.027 |
|       pm1i_2               |     0.025 |
|       pm1r                 |     0.028 |
|       pm2i_2               |     0.025 |
|       pm2r                 |     0.028 |
|   gen_stages[1].stage_inst |     0.660 |
|     b4                     |     0.551 |
|       pm0i                 |     0.041 |
|       pm0i_2               |     0.031 |
|       pm0r                 |     0.039 |
|       pm0r_2               |     0.040 |
|       pm1i                 |     0.033 |
|       pm1i_2               |     0.035 |
|       pm1r                 |     0.046 |
|       pm1r_2               |     0.039 |
|       pm2i                 |     0.038 |
|       pm2i_2               |     0.034 |
|       pm2r                 |     0.049 |
|       pm2r_2               |     0.042 |
|     gen_memory.mem         |     0.072 |
|   gen_stages[2].stage_inst |     0.661 |
|     b4                     |     0.564 |
|       pm0i                 |     0.045 |
|       pm0i_2               |     0.030 |
|       pm0r                 |     0.034 |
|       pm0r_2               |     0.042 |
|       pm1i                 |     0.037 |
|       pm1i_2               |     0.033 |
|       pm1r                 |     0.048 |
|       pm1r_2               |     0.043 |
|       pm2i                 |     0.039 |
|       pm2i_2               |     0.033 |
|       pm2r                 |     0.049 |
|       pm2r_2               |     0.044 |
|     gen_memory.mem         |     0.056 |
|   gen_stages[3].stage_inst |     0.735 |
|     b4                     |     0.568 |
|       pm0i                 |     0.045 |
|       pm0i_2               |     0.030 |
|       pm0r                 |     0.034 |
|       pm0r_2               |     0.043 |
|       pm1i                 |     0.037 |
|       pm1i_2               |     0.032 |
|       pm1r                 |     0.046 |
|       pm1r_2               |     0.043 |
|       pm2i                 |     0.042 |
|       pm2i_2               |     0.034 |
|       pm2r                 |     0.051 |
|       pm2r_2               |     0.044 |
|     gen_memory.mem         |     0.085 |
+----------------------------+-----------+


