#-----------------------------------------------------------
# Vivado v2018.3 (64-bit)
# SW Build 2405991 on Thu Dec  6 23:36:41 MST 2018
# IP Build 2404404 on Fri Dec  7 01:43:56 MST 2018
# Start of session at: Wed Jan 14 00:42:57 2026
# Process ID: 24387
# Current directory: /home/christodoulos-zerdalis/Desktop/FFT/radix_4_SDF_implementation/compare_data
# Command line: vivado
# Log file: /home/christodoulos-zerdalis/Desktop/FFT/radix_4_SDF_implementation/compare_data/vivado.log
# Journal file: /home/christodoulos-zerdalis/Desktop/FFT/radix_4_SDF_implementation/compare_data/vivado.jou
#-----------------------------------------------------------
start_gui
open_project /home/christodoulos-zerdalis/Desktop/FFT/radix_4_SDF_implementation/vivado_helper_implementation/vivado_helper_implementation.xpr
Scanning sources...
Finished scanning sources
INFO: [IP_Flow 19-234] Refreshing IP repositories
INFO: [IP_Flow 19-1704] No user IP repositories specified
INFO: [IP_Flow 19-2313] Loaded Vivado IP repository '/tools/Xilinx/Vivado/2018.3/data/ip'.
open_project: Time (s): cpu = 00:00:16 ; elapsed = 00:00:06 . Memory (MB): peak = 6478.617 ; gain = 196.750 ; free physical = 6395 ; free virtual = 18235
update_compile_order -fileset sources_1
WARNING: [IP_Flow 19-3899] Cannot get the environment domain name variable for the component vendor name. Setting the vendor name to 'user.org'.
set_property STEPS.SYNTH_DESIGN.ARGS.CASCADE_DSP force [get_runs synth_1]
WARNING: [IP_Flow 19-3899] Cannot get the environment domain name variable for the component vendor name. Setting the vendor name to 'user.org'.
reset_run synth_1
launch_runs synth_1 -jobs 4
[Wed Jan 14 00:50:02 2026] Launched synth_1...
Run output will be captured here: /home/christodoulos-zerdalis/Desktop/FFT/radix_4_SDF_implementation/vivado_helper_implementation/vivado_helper_implementation.runs/synth_1/runme.log
WARNING: [IP_Flow 19-3899] Cannot get the environment domain name variable for the component vendor name. Setting the vendor name to 'user.org'.
set_property strategy Performance_ExtraTimingOpt [get_runs Net_delay_low]
WARNING: [IP_Flow 19-3899] Cannot get the environment domain name variable for the component vendor name. Setting the vendor name to 'user.org'.
launch_runs Net_delay_low -jobs 4
[Wed Jan 14 00:53:21 2026] Launched Net_delay_low...
Run output will be captured here: /home/christodoulos-zerdalis/Desktop/FFT/radix_4_SDF_implementation/vivado_helper_implementation/vivado_helper_implementation.runs/Net_delay_low/runme.log
open_run Net_delay_low
INFO: [Netlist 29-17] Analyzing 338 Unisim elements for replacement
INFO: [Netlist 29-28] Unisim Transformation completed in 0 CPU seconds
INFO: [Project 1-479] Netlist was created with Vivado 2018.3
INFO: [Device 21-403] Loading part xc7a200tfbg676-2
INFO: [Project 1-570] Preparing netlist for logic optimization
INFO: [Timing 38-478] Restoring timing data from binary archive.
INFO: [Timing 38-479] Binary timing data restore complete.
INFO: [Project 1-856] Restoring constraints from binary archive.
INFO: [Project 1-853] Binary constraint restore complete.
Reading XDEF placement.
Reading placer database...
Reading XDEF routing.
Read XDEF File: Time (s): cpu = 00:00:00.48 ; elapsed = 00:00:00.48 . Memory (MB): peak = 7384.117 ; gain = 14.000 ; free physical = 2698 ; free virtual = 14663
Restored from archive | CPU: 0.490000 secs | Memory: 14.008682 MB |
Finished XDEF File Restore: Time (s): cpu = 00:00:00.48 ; elapsed = 00:00:00.48 . Memory (MB): peak = 7384.117 ; gain = 14.000 ; free physical = 2698 ; free virtual = 14663
Netlist sorting complete. Time (s): cpu = 00:00:00 ; elapsed = 00:00:00 . Memory (MB): peak = 7384.117 ; gain = 0.000 ; free physical = 2698 ; free virtual = 14663
INFO: [Project 1-111] Unisim Transformation Summary:
No Unisim elements were transformed.

open_run: Time (s): cpu = 00:00:27 ; elapsed = 00:00:16 . Memory (MB): peak = 7582.879 ; gain = 1033.395 ; free physical = 2510 ; free virtual = 14468
CRITICAL WARNING: [Timing 38-282] The design failed to meet the timing requirements. Please see the timing summary report for details on the timing violations.
exit
INFO: [Common 17-206] Exiting Vivado at Wed Jan 14 16:08:22 2026...
