Copyright 1986-2018 Xilinx, Inc. All Rights Reserved.
--------------------------------------------------------------------------------------------------------------------------------------------------------------------------------------------
| Tool Version : Vivado v.2018.3 (lin64) Build 2405991 Thu Dec  6 23:36:41 MST 2018
| Date         : Tue Jan 20 04:12:26 2026
| Host         : christodoulos-zerdalis-IdeaPad-3-15IIL05 running 64-bit Ubuntu 24.04.3 LTS
| Command      : report_timing_summary -max_paths 10 -file fft_top_timing_summary_routed.rpt -pb fft_top_timing_summary_routed.pb -rpx fft_top_timing_summary_routed.rpx -warn_on_violation
| Design       : fft_top
| Device       : 7a200t-fbg676
| Speed File   : -2  PRODUCTION 1.23 2018-06-13
--------------------------------------------------------------------------------------------------------------------------------------------------------------------------------------------

Timing Summary Report

------------------------------------------------------------------------------------------------
| Timer Settings
| --------------
------------------------------------------------------------------------------------------------

  Enable Multi Corner Analysis               :  Yes
  Enable Pessimism Removal                   :  Yes
  Pessimism Removal Resolution               :  Nearest Common Node
  Enable Input Delay Default Clock           :  No
  Enable Preset / Clear Arcs                 :  No
  Disable Flight Delays                      :  No
  Ignore I/O Paths                           :  No
  Timing Early Launch at Borrowing Latches   :  false

  Corner  Analyze    Analyze    
  Name    Max Paths  Min Paths  
  ------  ---------  ---------  
  Slow    Yes        Yes        
  Fast    Yes        Yes        



check_timing report

Table of Contents
-----------------
1. checking no_clock
2. checking constant_clock
3. checking pulse_width_clock
4. checking unconstrained_internal_endpoints
5. checking no_input_delay
6. checking no_output_delay
7. checking multiple_clock
8. checking generated_clocks
9. checking loops
10. checking partial_input_delay
11. checking partial_output_delay
12. checking latch_loops

1. checking no_clock
--------------------
 There are 0 register/latch pins with no clock.


2. checking constant_clock
--------------------------
 There are 0 register/latch pins with constant_clock.


3. checking pulse_width_clock
-----------------------------
 There are 0 register/latch pins which need pulse_width check


4. checking unconstrained_internal_endpoints
--------------------------------------------
 There are 0 pins that are not constrained for maximum delay.

 There are 0 pins that are not constrained for maximum delay due to constant clock.


5. checking no_input_delay
--------------------------
 There are 130 input ports with no input delay specified. (HIGH)

 There are 0 input ports with no input delay but user has a false path constraint.


6. checking no_output_delay
---------------------------
 There are 129 ports with no output delay specified. (HIGH)

 There are 0 ports with no output delay but user has a false path constraint

 There are 0 ports with no output delay but with a timing clock defined on it or propagating through it


7. checking multiple_clock
--------------------------
 There are 0 register/latch pins with multiple clocks.


8. checking generated_clocks
----------------------------
 There are 0 generated clocks that are not connected to a clock source.


9. checking loops
-----------------
 There are 0 combinational loops in the design.


10. checking partial_input_delay
--------------------------------
 There are 0 input ports with partial input delay specified.


11. checking partial_output_delay
---------------------------------
 There are 0 ports with partial output delay specified.


12. checking latch_loops
------------------------
 There are 0 combinational latch loops in the design through latch input



------------------------------------------------------------------------------------------------
| Design Timing Summary
| ---------------------
------------------------------------------------------------------------------------------------

    WNS(ns)      TNS(ns)  TNS Failing Endpoints  TNS Total Endpoints      WHS(ns)      THS(ns)  THS Failing Endpoints  THS Total Endpoints     WPWS(ns)     TPWS(ns)  TPWS Failing Endpoints  TPWS Total Endpoints  
    -------      -------  ---------------------  -------------------      -------      -------  ---------------------  -------------------     --------     --------  ----------------------  --------------------  
     -0.271     -311.328                   1173                10939        0.076        0.000                      0                10939        0.370        0.000                       0                  4329  


Timing constraints are not met.


------------------------------------------------------------------------------------------------
| Clock Summary
| -------------
------------------------------------------------------------------------------------------------

Clock    Waveform(ns)         Period(ns)      Frequency(MHz)
-----    ------------         ----------      --------------
sys_clk  {0.000 1.500}        3.000           333.333         


------------------------------------------------------------------------------------------------
| Intra Clock Table
| -----------------
------------------------------------------------------------------------------------------------

Clock             WNS(ns)      TNS(ns)  TNS Failing Endpoints  TNS Total Endpoints      WHS(ns)      THS(ns)  THS Failing Endpoints  THS Total Endpoints     WPWS(ns)     TPWS(ns)  TPWS Failing Endpoints  TPWS Total Endpoints  
-----             -------      -------  ---------------------  -------------------      -------      -------  ---------------------  -------------------     --------     --------  ----------------------  --------------------  
sys_clk            -0.271     -311.328                   1173                10939        0.076        0.000                      0                10939        0.370        0.000                       0                  4329  


------------------------------------------------------------------------------------------------
| Inter Clock Table
| -----------------
------------------------------------------------------------------------------------------------

From Clock    To Clock          WNS(ns)      TNS(ns)  TNS Failing Endpoints  TNS Total Endpoints      WHS(ns)      THS(ns)  THS Failing Endpoints  THS Total Endpoints  
----------    --------          -------      -------  ---------------------  -------------------      -------      -------  ---------------------  -------------------  


------------------------------------------------------------------------------------------------
| Other Path Groups Table
| -----------------------
------------------------------------------------------------------------------------------------

Path Group    From Clock    To Clock          WNS(ns)      TNS(ns)  TNS Failing Endpoints  TNS Total Endpoints      WHS(ns)      THS(ns)  THS Failing Endpoints  THS Total Endpoints  
----------    ----------    --------          -------      -------  ---------------------  -------------------      -------      -------  ---------------------  -------------------  


------------------------------------------------------------------------------------------------
| Timing Details
| --------------
------------------------------------------------------------------------------------------------


---------------------------------------------------------------------------------------------------
From Clock:  sys_clk
  To Clock:  sys_clk

Setup :         1173  Failing Endpoints,  Worst Slack       -0.271ns,  Total Violation     -311.328ns
Hold  :            0  Failing Endpoints,  Worst Slack        0.076ns,  Total Violation        0.000ns
PW    :            0  Failing Endpoints,  Worst Slack        0.370ns,  Total Violation        0.000ns
---------------------------------------------------------------------------------------------------


Max Delay Paths
--------------------------------------------------------------------------------------
Slack (VIOLATED) :        -0.271ns  (required time - arrival time)
  Source:                 gen_stages[2].stage_inst/b4/mul_m2i_reg_1_reg/CLK
                            (rising edge-triggered cell DSP48E1 clocked by sys_clk  {rise@0.000ns fall@1.500ns period=3.000ns})
  Destination:            gen_stages[2].stage_inst/b4/m2i_reg_reg/PCIN[0]
                            (rising edge-triggered cell DSP48E1 clocked by sys_clk  {rise@0.000ns fall@1.500ns period=3.000ns})
  Path Group:             sys_clk
  Path Type:              Setup (Max at Slow Process Corner)
  Requirement:            3.000ns  (sys_clk rise@3.000ns - sys_clk rise@0.000ns)
  Data Path Delay:        2.034ns  (logic 2.032ns (99.902%)  route 0.002ns (0.098%))
  Logic Levels:           0  
  Clock Path Skew:        -0.028ns (DCD - SCD + CPR)
    Destination Clock Delay (DCD):    5.113ns = ( 8.113 - 3.000 ) 
    Source Clock Delay      (SCD):    5.412ns
    Clock Pessimism Removal (CPR):    0.271ns
  Clock Uncertainty:      0.035ns  ((TSJ^2 + TIJ^2)^1/2 + DJ) / 2 + PE
    Total System Jitter     (TSJ):    0.071ns
    Total Input Jitter      (TIJ):    0.000ns
    Discrete Jitter          (DJ):    0.000ns
    Phase Error              (PE):    0.000ns

    Location             Delay type                Incr(ns)  Path(ns)    Netlist Resource(s)
  -------------------------------------------------------------------    -------------------
                         (clock sys_clk rise edge)    0.000     0.000 r  
    E17                                               0.000     0.000 r  clock (IN)
                         net (fo=0)                   0.000     0.000    clock
    E17                  IBUF (Prop_ibuf_I_O)         1.418     1.418 r  clock_IBUF_inst/O
                         net (fo=1, routed)           2.329     3.747    clock_IBUF
    BUFGCTRL_X0Y16       BUFG (Prop_bufg_I_O)         0.081     3.828 r  clock_IBUF_BUFG_inst/O
                         net (fo=4328, routed)        1.584     5.412    gen_stages[2].stage_inst/b4/clock_IBUF_BUFG
    DSP48_X0Y42          DSP48E1                                      r  gen_stages[2].stage_inst/b4/mul_m2i_reg_1_reg/CLK
  -------------------------------------------------------------------    -------------------
    DSP48_X0Y42          DSP48E1 (Prop_dsp48e1_CLK_PCOUT[0])
                                                      2.032     7.444 r  gen_stages[2].stage_inst/b4/mul_m2i_reg_1_reg/PCOUT[0]
                         net (fo=1, routed)           0.002     7.446    gen_stages[2].stage_inst/b4/mul_m2i_reg_1_reg_n_153
    DSP48_X0Y43          DSP48E1                                      r  gen_stages[2].stage_inst/b4/m2i_reg_reg/PCIN[0]
  -------------------------------------------------------------------    -------------------

                         (clock sys_clk rise edge)    3.000     3.000 r  
    E17                                               0.000     3.000 r  clock (IN)
                         net (fo=0)                   0.000     3.000    clock
    E17                  IBUF (Prop_ibuf_I_O)         1.352     4.352 r  clock_IBUF_inst/O
                         net (fo=1, routed)           2.211     6.563    clock_IBUF
    BUFGCTRL_X0Y16       BUFG (Prop_bufg_I_O)         0.077     6.640 r  clock_IBUF_BUFG_inst/O
                         net (fo=4328, routed)        1.473     8.113    gen_stages[2].stage_inst/b4/clock_IBUF_BUFG
    DSP48_X0Y43          DSP48E1                                      r  gen_stages[2].stage_inst/b4/m2i_reg_reg/CLK
                         clock pessimism              0.271     8.384    
                         clock uncertainty           -0.035     8.349    
    DSP48_X0Y43          DSP48E1 (Setup_dsp48e1_CLK_PCIN[0])
                                                     -1.174     7.175    gen_stages[2].stage_inst/b4/m2i_reg_reg
  -------------------------------------------------------------------
                         required time                          7.175    
                         arrival time                          -7.446    
  -------------------------------------------------------------------
                         slack                                 -0.271    

Slack (VIOLATED) :        -0.271ns  (required time - arrival time)
  Source:                 gen_stages[2].stage_inst/b4/mul_m2i_reg_1_reg/CLK
                            (rising edge-triggered cell DSP48E1 clocked by sys_clk  {rise@0.000ns fall@1.500ns period=3.000ns})
  Destination:            gen_stages[2].stage_inst/b4/m2i_reg_reg/PCIN[10]
                            (rising edge-triggered cell DSP48E1 clocked by sys_clk  {rise@0.000ns fall@1.500ns period=3.000ns})
  Path Group:             sys_clk
  Path Type:              Setup (Max at Slow Process Corner)
  Requirement:            3.000ns  (sys_clk rise@3.000ns - sys_clk rise@0.000ns)
  Data Path Delay:        2.034ns  (logic 2.032ns (99.902%)  route 0.002ns (0.098%))
  Logic Levels:           0  
  Clock Path Skew:        -0.028ns (DCD - SCD + CPR)
    Destination Clock Delay (DCD):    5.113ns = ( 8.113 - 3.000 ) 
    Source Clock Delay      (SCD):    5.412ns
    Clock Pessimism Removal (CPR):    0.271ns
  Clock Uncertainty:      0.035ns  ((TSJ^2 + TIJ^2)^1/2 + DJ) / 2 + PE
    Total System Jitter     (TSJ):    0.071ns
    Total Input Jitter      (TIJ):    0.000ns
    Discrete Jitter          (DJ):    0.000ns
    Phase Error              (PE):    0.000ns

    Location             Delay type                Incr(ns)  Path(ns)    Netlist Resource(s)
  -------------------------------------------------------------------    -------------------
                         (clock sys_clk rise edge)    0.000     0.000 r  
    E17                                               0.000     0.000 r  clock (IN)
                         net (fo=0)                   0.000     0.000    clock
    E17                  IBUF (Prop_ibuf_I_O)         1.418     1.418 r  clock_IBUF_inst/O
                         net (fo=1, routed)           2.329     3.747    clock_IBUF
    BUFGCTRL_X0Y16       BUFG (Prop_bufg_I_O)         0.081     3.828 r  clock_IBUF_BUFG_inst/O
                         net (fo=4328, routed)        1.584     5.412    gen_stages[2].stage_inst/b4/clock_IBUF_BUFG
    DSP48_X0Y42          DSP48E1                                      r  gen_stages[2].stage_inst/b4/mul_m2i_reg_1_reg/CLK
  -------------------------------------------------------------------    -------------------
    DSP48_X0Y42          DSP48E1 (Prop_dsp48e1_CLK_PCOUT[10])
                                                      2.032     7.444 r  gen_stages[2].stage_inst/b4/mul_m2i_reg_1_reg/PCOUT[10]
                         net (fo=1, routed)           0.002     7.446    gen_stages[2].stage_inst/b4/mul_m2i_reg_1_reg_n_143
    DSP48_X0Y43          DSP48E1                                      r  gen_stages[2].stage_inst/b4/m2i_reg_reg/PCIN[10]
  -------------------------------------------------------------------    -------------------

                         (clock sys_clk rise edge)    3.000     3.000 r  
    E17                                               0.000     3.000 r  clock (IN)
                         net (fo=0)                   0.000     3.000    clock
    E17                  IBUF (Prop_ibuf_I_O)         1.352     4.352 r  clock_IBUF_inst/O
                         net (fo=1, routed)           2.211     6.563    clock_IBUF
    BUFGCTRL_X0Y16       BUFG (Prop_bufg_I_O)         0.077     6.640 r  clock_IBUF_BUFG_inst/O
                         net (fo=4328, routed)        1.473     8.113    gen_stages[2].stage_inst/b4/clock_IBUF_BUFG
    DSP48_X0Y43          DSP48E1                                      r  gen_stages[2].stage_inst/b4/m2i_reg_reg/CLK
                         clock pessimism              0.271     8.384    
                         clock uncertainty           -0.035     8.349    
    DSP48_X0Y43          DSP48E1 (Setup_dsp48e1_CLK_PCIN[10])
                                                     -1.174     7.175    gen_stages[2].stage_inst/b4/m2i_reg_reg
  -------------------------------------------------------------------
                         required time                          7.175    
                         arrival time                          -7.446    
  -------------------------------------------------------------------
                         slack                                 -0.271    

Slack (VIOLATED) :        -0.271ns  (required time - arrival time)
  Source:                 gen_stages[2].stage_inst/b4/mul_m2i_reg_1_reg/CLK
                            (rising edge-triggered cell DSP48E1 clocked by sys_clk  {rise@0.000ns fall@1.500ns period=3.000ns})
  Destination:            gen_stages[2].stage_inst/b4/m2i_reg_reg/PCIN[11]
                            (rising edge-triggered cell DSP48E1 clocked by sys_clk  {rise@0.000ns fall@1.500ns period=3.000ns})
  Path Group:             sys_clk
  Path Type:              Setup (Max at Slow Process Corner)
  Requirement:            3.000ns  (sys_clk rise@3.000ns - sys_clk rise@0.000ns)
  Data Path Delay:        2.034ns  (logic 2.032ns (99.902%)  route 0.002ns (0.098%))
  Logic Levels:           0  
  Clock Path Skew:        -0.028ns (DCD - SCD + CPR)
    Destination Clock Delay (DCD):    5.113ns = ( 8.113 - 3.000 ) 
    Source Clock Delay      (SCD):    5.412ns
    Clock Pessimism Removal (CPR):    0.271ns
  Clock Uncertainty:      0.035ns  ((TSJ^2 + TIJ^2)^1/2 + DJ) / 2 + PE
    Total System Jitter     (TSJ):    0.071ns
    Total Input Jitter      (TIJ):    0.000ns
    Discrete Jitter          (DJ):    0.000ns
    Phase Error              (PE):    0.000ns

    Location             Delay type                Incr(ns)  Path(ns)    Netlist Resource(s)
  -------------------------------------------------------------------    -------------------
                         (clock sys_clk rise edge)    0.000     0.000 r  
    E17                                               0.000     0.000 r  clock (IN)
                         net (fo=0)                   0.000     0.000    clock
    E17                  IBUF (Prop_ibuf_I_O)         1.418     1.418 r  clock_IBUF_inst/O
                         net (fo=1, routed)           2.329     3.747    clock_IBUF
    BUFGCTRL_X0Y16       BUFG (Prop_bufg_I_O)         0.081     3.828 r  clock_IBUF_BUFG_inst/O
                         net (fo=4328, routed)        1.584     5.412    gen_stages[2].stage_inst/b4/clock_IBUF_BUFG
    DSP48_X0Y42          DSP48E1                                      r  gen_stages[2].stage_inst/b4/mul_m2i_reg_1_reg/CLK
  -------------------------------------------------------------------    -------------------
    DSP48_X0Y42          DSP48E1 (Prop_dsp48e1_CLK_PCOUT[11])
                                                      2.032     7.444 r  gen_stages[2].stage_inst/b4/mul_m2i_reg_1_reg/PCOUT[11]
                         net (fo=1, routed)           0.002     7.446    gen_stages[2].stage_inst/b4/mul_m2i_reg_1_reg_n_142
    DSP48_X0Y43          DSP48E1                                      r  gen_stages[2].stage_inst/b4/m2i_reg_reg/PCIN[11]
  -------------------------------------------------------------------    -------------------

                         (clock sys_clk rise edge)    3.000     3.000 r  
    E17                                               0.000     3.000 r  clock (IN)
                         net (fo=0)                   0.000     3.000    clock
    E17                  IBUF (Prop_ibuf_I_O)         1.352     4.352 r  clock_IBUF_inst/O
                         net (fo=1, routed)           2.211     6.563    clock_IBUF
    BUFGCTRL_X0Y16       BUFG (Prop_bufg_I_O)         0.077     6.640 r  clock_IBUF_BUFG_inst/O
                         net (fo=4328, routed)        1.473     8.113    gen_stages[2].stage_inst/b4/clock_IBUF_BUFG
    DSP48_X0Y43          DSP48E1                                      r  gen_stages[2].stage_inst/b4/m2i_reg_reg/CLK
                         clock pessimism              0.271     8.384    
                         clock uncertainty           -0.035     8.349    
    DSP48_X0Y43          DSP48E1 (Setup_dsp48e1_CLK_PCIN[11])
                                                     -1.174     7.175    gen_stages[2].stage_inst/b4/m2i_reg_reg
  -------------------------------------------------------------------
                         required time                          7.175    
                         arrival time                          -7.446    
  -------------------------------------------------------------------
                         slack                                 -0.271    

Slack (VIOLATED) :        -0.271ns  (required time - arrival time)
  Source:                 gen_stages[2].stage_inst/b4/mul_m2i_reg_1_reg/CLK
                            (rising edge-triggered cell DSP48E1 clocked by sys_clk  {rise@0.000ns fall@1.500ns period=3.000ns})
  Destination:            gen_stages[2].stage_inst/b4/m2i_reg_reg/PCIN[12]
                            (rising edge-triggered cell DSP48E1 clocked by sys_clk  {rise@0.000ns fall@1.500ns period=3.000ns})
  Path Group:             sys_clk
  Path Type:              Setup (Max at Slow Process Corner)
  Requirement:            3.000ns  (sys_clk rise@3.000ns - sys_clk rise@0.000ns)
  Data Path Delay:        2.034ns  (logic 2.032ns (99.902%)  route 0.002ns (0.098%))
  Logic Levels:           0  
  Clock Path Skew:        -0.028ns (DCD - SCD + CPR)
    Destination Clock Delay (DCD):    5.113ns = ( 8.113 - 3.000 ) 
    Source Clock Delay      (SCD):    5.412ns
    Clock Pessimism Removal (CPR):    0.271ns
  Clock Uncertainty:      0.035ns  ((TSJ^2 + TIJ^2)^1/2 + DJ) / 2 + PE
    Total System Jitter     (TSJ):    0.071ns
    Total Input Jitter      (TIJ):    0.000ns
    Discrete Jitter          (DJ):    0.000ns
    Phase Error              (PE):    0.000ns

    Location             Delay type                Incr(ns)  Path(ns)    Netlist Resource(s)
  -------------------------------------------------------------------    -------------------
                         (clock sys_clk rise edge)    0.000     0.000 r  
    E17                                               0.000     0.000 r  clock (IN)
                         net (fo=0)                   0.000     0.000    clock
    E17                  IBUF (Prop_ibuf_I_O)         1.418     1.418 r  clock_IBUF_inst/O
                         net (fo=1, routed)           2.329     3.747    clock_IBUF
    BUFGCTRL_X0Y16       BUFG (Prop_bufg_I_O)         0.081     3.828 r  clock_IBUF_BUFG_inst/O
                         net (fo=4328, routed)        1.584     5.412    gen_stages[2].stage_inst/b4/clock_IBUF_BUFG
    DSP48_X0Y42          DSP48E1                                      r  gen_stages[2].stage_inst/b4/mul_m2i_reg_1_reg/CLK
  -------------------------------------------------------------------    -------------------
    DSP48_X0Y42          DSP48E1 (Prop_dsp48e1_CLK_PCOUT[12])
                                                      2.032     7.444 r  gen_stages[2].stage_inst/b4/mul_m2i_reg_1_reg/PCOUT[12]
                         net (fo=1, routed)           0.002     7.446    gen_stages[2].stage_inst/b4/mul_m2i_reg_1_reg_n_141
    DSP48_X0Y43          DSP48E1                                      r  gen_stages[2].stage_inst/b4/m2i_reg_reg/PCIN[12]
  -------------------------------------------------------------------    -------------------

                         (clock sys_clk rise edge)    3.000     3.000 r  
    E17                                               0.000     3.000 r  clock (IN)
                         net (fo=0)                   0.000     3.000    clock
    E17                  IBUF (Prop_ibuf_I_O)         1.352     4.352 r  clock_IBUF_inst/O
                         net (fo=1, routed)           2.211     6.563    clock_IBUF
    BUFGCTRL_X0Y16       BUFG (Prop_bufg_I_O)         0.077     6.640 r  clock_IBUF_BUFG_inst/O
                         net (fo=4328, routed)        1.473     8.113    gen_stages[2].stage_inst/b4/clock_IBUF_BUFG
    DSP48_X0Y43          DSP48E1                                      r  gen_stages[2].stage_inst/b4/m2i_reg_reg/CLK
                         clock pessimism              0.271     8.384    
                         clock uncertainty           -0.035     8.349    
    DSP48_X0Y43          DSP48E1 (Setup_dsp48e1_CLK_PCIN[12])
                                                     -1.174     7.175    gen_stages[2].stage_inst/b4/m2i_reg_reg
  -------------------------------------------------------------------
                         required time                          7.175    
                         arrival time                          -7.446    
  -------------------------------------------------------------------
                         slack                                 -0.271    

Slack (VIOLATED) :        -0.271ns  (required time - arrival time)
  Source:                 gen_stages[2].stage_inst/b4/mul_m2i_reg_1_reg/CLK
                            (rising edge-triggered cell DSP48E1 clocked by sys_clk  {rise@0.000ns fall@1.500ns period=3.000ns})
  Destination:            gen_stages[2].stage_inst/b4/m2i_reg_reg/PCIN[13]
                            (rising edge-triggered cell DSP48E1 clocked by sys_clk  {rise@0.000ns fall@1.500ns period=3.000ns})
  Path Group:             sys_clk
  Path Type:              Setup (Max at Slow Process Corner)
  Requirement:            3.000ns  (sys_clk rise@3.000ns - sys_clk rise@0.000ns)
  Data Path Delay:        2.034ns  (logic 2.032ns (99.902%)  route 0.002ns (0.098%))
  Logic Levels:           0  
  Clock Path Skew:        -0.028ns (DCD - SCD + CPR)
    Destination Clock Delay (DCD):    5.113ns = ( 8.113 - 3.000 ) 
    Source Clock Delay      (SCD):    5.412ns
    Clock Pessimism Removal (CPR):    0.271ns
  Clock Uncertainty:      0.035ns  ((TSJ^2 + TIJ^2)^1/2 + DJ) / 2 + PE
    Total System Jitter     (TSJ):    0.071ns
    Total Input Jitter      (TIJ):    0.000ns
    Discrete Jitter          (DJ):    0.000ns
    Phase Error              (PE):    0.000ns

    Location             Delay type                Incr(ns)  Path(ns)    Netlist Resource(s)
  -------------------------------------------------------------------    -------------------
                         (clock sys_clk rise edge)    0.000     0.000 r  
    E17                                               0.000     0.000 r  clock (IN)
                         net (fo=0)                   0.000     0.000    clock
    E17                  IBUF (Prop_ibuf_I_O)         1.418     1.418 r  clock_IBUF_inst/O
                         net (fo=1, routed)           2.329     3.747    clock_IBUF
    BUFGCTRL_X0Y16       BUFG (Prop_bufg_I_O)         0.081     3.828 r  clock_IBUF_BUFG_inst/O
                         net (fo=4328, routed)        1.584     5.412    gen_stages[2].stage_inst/b4/clock_IBUF_BUFG
    DSP48_X0Y42          DSP48E1                                      r  gen_stages[2].stage_inst/b4/mul_m2i_reg_1_reg/CLK
  -------------------------------------------------------------------    -------------------
    DSP48_X0Y42          DSP48E1 (Prop_dsp48e1_CLK_PCOUT[13])
                                                      2.032     7.444 r  gen_stages[2].stage_inst/b4/mul_m2i_reg_1_reg/PCOUT[13]
                         net (fo=1, routed)           0.002     7.446    gen_stages[2].stage_inst/b4/mul_m2i_reg_1_reg_n_140
    DSP48_X0Y43          DSP48E1                                      r  gen_stages[2].stage_inst/b4/m2i_reg_reg/PCIN[13]
  -------------------------------------------------------------------    -------------------

                         (clock sys_clk rise edge)    3.000     3.000 r  
    E17                                               0.000     3.000 r  clock (IN)
                         net (fo=0)                   0.000     3.000    clock
    E17                  IBUF (Prop_ibuf_I_O)         1.352     4.352 r  clock_IBUF_inst/O
                         net (fo=1, routed)           2.211     6.563    clock_IBUF
    BUFGCTRL_X0Y16       BUFG (Prop_bufg_I_O)         0.077     6.640 r  clock_IBUF_BUFG_inst/O
                         net (fo=4328, routed)        1.473     8.113    gen_stages[2].stage_inst/b4/clock_IBUF_BUFG
    DSP48_X0Y43          DSP48E1                                      r  gen_stages[2].stage_inst/b4/m2i_reg_reg/CLK
                         clock pessimism              0.271     8.384    
                         clock uncertainty           -0.035     8.349    
    DSP48_X0Y43          DSP48E1 (Setup_dsp48e1_CLK_PCIN[13])
                                                     -1.174     7.175    gen_stages[2].stage_inst/b4/m2i_reg_reg
  -------------------------------------------------------------------
                         required time                          7.175    
                         arrival time                          -7.446    
  -------------------------------------------------------------------
                         slack                                 -0.271    

Slack (VIOLATED) :        -0.271ns  (required time - arrival time)
  Source:                 gen_stages[2].stage_inst/b4/mul_m2i_reg_1_reg/CLK
                            (rising edge-triggered cell DSP48E1 clocked by sys_clk  {rise@0.000ns fall@1.500ns period=3.000ns})
  Destination:            gen_stages[2].stage_inst/b4/m2i_reg_reg/PCIN[14]
                            (rising edge-triggered cell DSP48E1 clocked by sys_clk  {rise@0.000ns fall@1.500ns period=3.000ns})
  Path Group:             sys_clk
  Path Type:              Setup (Max at Slow Process Corner)
  Requirement:            3.000ns  (sys_clk rise@3.000ns - sys_clk rise@0.000ns)
  Data Path Delay:        2.034ns  (logic 2.032ns (99.902%)  route 0.002ns (0.098%))
  Logic Levels:           0  
  Clock Path Skew:        -0.028ns (DCD - SCD + CPR)
    Destination Clock Delay (DCD):    5.113ns = ( 8.113 - 3.000 ) 
    Source Clock Delay      (SCD):    5.412ns
    Clock Pessimism Removal (CPR):    0.271ns
  Clock Uncertainty:      0.035ns  ((TSJ^2 + TIJ^2)^1/2 + DJ) / 2 + PE
    Total System Jitter     (TSJ):    0.071ns
    Total Input Jitter      (TIJ):    0.000ns
    Discrete Jitter          (DJ):    0.000ns
    Phase Error              (PE):    0.000ns

    Location             Delay type                Incr(ns)  Path(ns)    Netlist Resource(s)
  -------------------------------------------------------------------    -------------------
                         (clock sys_clk rise edge)    0.000     0.000 r  
    E17                                               0.000     0.000 r  clock (IN)
                         net (fo=0)                   0.000     0.000    clock
    E17                  IBUF (Prop_ibuf_I_O)         1.418     1.418 r  clock_IBUF_inst/O
                         net (fo=1, routed)           2.329     3.747    clock_IBUF
    BUFGCTRL_X0Y16       BUFG (Prop_bufg_I_O)         0.081     3.828 r  clock_IBUF_BUFG_inst/O
                         net (fo=4328, routed)        1.584     5.412    gen_stages[2].stage_inst/b4/clock_IBUF_BUFG
    DSP48_X0Y42          DSP48E1                                      r  gen_stages[2].stage_inst/b4/mul_m2i_reg_1_reg/CLK
  -------------------------------------------------------------------    -------------------
    DSP48_X0Y42          DSP48E1 (Prop_dsp48e1_CLK_PCOUT[14])
                                                      2.032     7.444 r  gen_stages[2].stage_inst/b4/mul_m2i_reg_1_reg/PCOUT[14]
                         net (fo=1, routed)           0.002     7.446    gen_stages[2].stage_inst/b4/mul_m2i_reg_1_reg_n_139
    DSP48_X0Y43          DSP48E1                                      r  gen_stages[2].stage_inst/b4/m2i_reg_reg/PCIN[14]
  -------------------------------------------------------------------    -------------------

                         (clock sys_clk rise edge)    3.000     3.000 r  
    E17                                               0.000     3.000 r  clock (IN)
                         net (fo=0)                   0.000     3.000    clock
    E17                  IBUF (Prop_ibuf_I_O)         1.352     4.352 r  clock_IBUF_inst/O
                         net (fo=1, routed)           2.211     6.563    clock_IBUF
    BUFGCTRL_X0Y16       BUFG (Prop_bufg_I_O)         0.077     6.640 r  clock_IBUF_BUFG_inst/O
                         net (fo=4328, routed)        1.473     8.113    gen_stages[2].stage_inst/b4/clock_IBUF_BUFG
    DSP48_X0Y43          DSP48E1                                      r  gen_stages[2].stage_inst/b4/m2i_reg_reg/CLK
                         clock pessimism              0.271     8.384    
                         clock uncertainty           -0.035     8.349    
    DSP48_X0Y43          DSP48E1 (Setup_dsp48e1_CLK_PCIN[14])
                                                     -1.174     7.175    gen_stages[2].stage_inst/b4/m2i_reg_reg
  -------------------------------------------------------------------
                         required time                          7.175    
                         arrival time                          -7.446    
  -------------------------------------------------------------------
                         slack                                 -0.271    

Slack (VIOLATED) :        -0.271ns  (required time - arrival time)
  Source:                 gen_stages[2].stage_inst/b4/mul_m2i_reg_1_reg/CLK
                            (rising edge-triggered cell DSP48E1 clocked by sys_clk  {rise@0.000ns fall@1.500ns period=3.000ns})
  Destination:            gen_stages[2].stage_inst/b4/m2i_reg_reg/PCIN[15]
                            (rising edge-triggered cell DSP48E1 clocked by sys_clk  {rise@0.000ns fall@1.500ns period=3.000ns})
  Path Group:             sys_clk
  Path Type:              Setup (Max at Slow Process Corner)
  Requirement:            3.000ns  (sys_clk rise@3.000ns - sys_clk rise@0.000ns)
  Data Path Delay:        2.034ns  (logic 2.032ns (99.902%)  route 0.002ns (0.098%))
  Logic Levels:           0  
  Clock Path Skew:        -0.028ns (DCD - SCD + CPR)
    Destination Clock Delay (DCD):    5.113ns = ( 8.113 - 3.000 ) 
    Source Clock Delay      (SCD):    5.412ns
    Clock Pessimism Removal (CPR):    0.271ns
  Clock Uncertainty:      0.035ns  ((TSJ^2 + TIJ^2)^1/2 + DJ) / 2 + PE
    Total System Jitter     (TSJ):    0.071ns
    Total Input Jitter      (TIJ):    0.000ns
    Discrete Jitter          (DJ):    0.000ns
    Phase Error              (PE):    0.000ns

    Location             Delay type                Incr(ns)  Path(ns)    Netlist Resource(s)
  -------------------------------------------------------------------    -------------------
                         (clock sys_clk rise edge)    0.000     0.000 r  
    E17                                               0.000     0.000 r  clock (IN)
                         net (fo=0)                   0.000     0.000    clock
    E17                  IBUF (Prop_ibuf_I_O)         1.418     1.418 r  clock_IBUF_inst/O
                         net (fo=1, routed)           2.329     3.747    clock_IBUF
    BUFGCTRL_X0Y16       BUFG (Prop_bufg_I_O)         0.081     3.828 r  clock_IBUF_BUFG_inst/O
                         net (fo=4328, routed)        1.584     5.412    gen_stages[2].stage_inst/b4/clock_IBUF_BUFG
    DSP48_X0Y42          DSP48E1                                      r  gen_stages[2].stage_inst/b4/mul_m2i_reg_1_reg/CLK
  -------------------------------------------------------------------    -------------------
    DSP48_X0Y42          DSP48E1 (Prop_dsp48e1_CLK_PCOUT[15])
                                                      2.032     7.444 r  gen_stages[2].stage_inst/b4/mul_m2i_reg_1_reg/PCOUT[15]
                         net (fo=1, routed)           0.002     7.446    gen_stages[2].stage_inst/b4/mul_m2i_reg_1_reg_n_138
    DSP48_X0Y43          DSP48E1                                      r  gen_stages[2].stage_inst/b4/m2i_reg_reg/PCIN[15]
  -------------------------------------------------------------------    -------------------

                         (clock sys_clk rise edge)    3.000     3.000 r  
    E17                                               0.000     3.000 r  clock (IN)
                         net (fo=0)                   0.000     3.000    clock
    E17                  IBUF (Prop_ibuf_I_O)         1.352     4.352 r  clock_IBUF_inst/O
                         net (fo=1, routed)           2.211     6.563    clock_IBUF
    BUFGCTRL_X0Y16       BUFG (Prop_bufg_I_O)         0.077     6.640 r  clock_IBUF_BUFG_inst/O
                         net (fo=4328, routed)        1.473     8.113    gen_stages[2].stage_inst/b4/clock_IBUF_BUFG
    DSP48_X0Y43          DSP48E1                                      r  gen_stages[2].stage_inst/b4/m2i_reg_reg/CLK
                         clock pessimism              0.271     8.384    
                         clock uncertainty           -0.035     8.349    
    DSP48_X0Y43          DSP48E1 (Setup_dsp48e1_CLK_PCIN[15])
                                                     -1.174     7.175    gen_stages[2].stage_inst/b4/m2i_reg_reg
  -------------------------------------------------------------------
                         required time                          7.175    
                         arrival time                          -7.446    
  -------------------------------------------------------------------
                         slack                                 -0.271    

Slack (VIOLATED) :        -0.271ns  (required time - arrival time)
  Source:                 gen_stages[2].stage_inst/b4/mul_m2i_reg_1_reg/CLK
                            (rising edge-triggered cell DSP48E1 clocked by sys_clk  {rise@0.000ns fall@1.500ns period=3.000ns})
  Destination:            gen_stages[2].stage_inst/b4/m2i_reg_reg/PCIN[16]
                            (rising edge-triggered cell DSP48E1 clocked by sys_clk  {rise@0.000ns fall@1.500ns period=3.000ns})
  Path Group:             sys_clk
  Path Type:              Setup (Max at Slow Process Corner)
  Requirement:            3.000ns  (sys_clk rise@3.000ns - sys_clk rise@0.000ns)
  Data Path Delay:        2.034ns  (logic 2.032ns (99.902%)  route 0.002ns (0.098%))
  Logic Levels:           0  
  Clock Path Skew:        -0.028ns (DCD - SCD + CPR)
    Destination Clock Delay (DCD):    5.113ns = ( 8.113 - 3.000 ) 
    Source Clock Delay      (SCD):    5.412ns
    Clock Pessimism Removal (CPR):    0.271ns
  Clock Uncertainty:      0.035ns  ((TSJ^2 + TIJ^2)^1/2 + DJ) / 2 + PE
    Total System Jitter     (TSJ):    0.071ns
    Total Input Jitter      (TIJ):    0.000ns
    Discrete Jitter          (DJ):    0.000ns
    Phase Error              (PE):    0.000ns

    Location             Delay type                Incr(ns)  Path(ns)    Netlist Resource(s)
  -------------------------------------------------------------------    -------------------
                         (clock sys_clk rise edge)    0.000     0.000 r  
    E17                                               0.000     0.000 r  clock (IN)
                         net (fo=0)                   0.000     0.000    clock
    E17                  IBUF (Prop_ibuf_I_O)         1.418     1.418 r  clock_IBUF_inst/O
                         net (fo=1, routed)           2.329     3.747    clock_IBUF
    BUFGCTRL_X0Y16       BUFG (Prop_bufg_I_O)         0.081     3.828 r  clock_IBUF_BUFG_inst/O
                         net (fo=4328, routed)        1.584     5.412    gen_stages[2].stage_inst/b4/clock_IBUF_BUFG
    DSP48_X0Y42          DSP48E1                                      r  gen_stages[2].stage_inst/b4/mul_m2i_reg_1_reg/CLK
  -------------------------------------------------------------------    -------------------
    DSP48_X0Y42          DSP48E1 (Prop_dsp48e1_CLK_PCOUT[16])
                                                      2.032     7.444 r  gen_stages[2].stage_inst/b4/mul_m2i_reg_1_reg/PCOUT[16]
                         net (fo=1, routed)           0.002     7.446    gen_stages[2].stage_inst/b4/mul_m2i_reg_1_reg_n_137
    DSP48_X0Y43          DSP48E1                                      r  gen_stages[2].stage_inst/b4/m2i_reg_reg/PCIN[16]
  -------------------------------------------------------------------    -------------------

                         (clock sys_clk rise edge)    3.000     3.000 r  
    E17                                               0.000     3.000 r  clock (IN)
                         net (fo=0)                   0.000     3.000    clock
    E17                  IBUF (Prop_ibuf_I_O)         1.352     4.352 r  clock_IBUF_inst/O
                         net (fo=1, routed)           2.211     6.563    clock_IBUF
    BUFGCTRL_X0Y16       BUFG (Prop_bufg_I_O)         0.077     6.640 r  clock_IBUF_BUFG_inst/O
                         net (fo=4328, routed)        1.473     8.113    gen_stages[2].stage_inst/b4/clock_IBUF_BUFG
    DSP48_X0Y43          DSP48E1                                      r  gen_stages[2].stage_inst/b4/m2i_reg_reg/CLK
                         clock pessimism              0.271     8.384    
                         clock uncertainty           -0.035     8.349    
    DSP48_X0Y43          DSP48E1 (Setup_dsp48e1_CLK_PCIN[16])
                                                     -1.174     7.175    gen_stages[2].stage_inst/b4/m2i_reg_reg
  -------------------------------------------------------------------
                         required time                          7.175    
                         arrival time                          -7.446    
  -------------------------------------------------------------------
                         slack                                 -0.271    

Slack (VIOLATED) :        -0.271ns  (required time - arrival time)
  Source:                 gen_stages[2].stage_inst/b4/mul_m2i_reg_1_reg/CLK
                            (rising edge-triggered cell DSP48E1 clocked by sys_clk  {rise@0.000ns fall@1.500ns period=3.000ns})
  Destination:            gen_stages[2].stage_inst/b4/m2i_reg_reg/PCIN[17]
                            (rising edge-triggered cell DSP48E1 clocked by sys_clk  {rise@0.000ns fall@1.500ns period=3.000ns})
  Path Group:             sys_clk
  Path Type:              Setup (Max at Slow Process Corner)
  Requirement:            3.000ns  (sys_clk rise@3.000ns - sys_clk rise@0.000ns)
  Data Path Delay:        2.034ns  (logic 2.032ns (99.902%)  route 0.002ns (0.098%))
  Logic Levels:           0  
  Clock Path Skew:        -0.028ns (DCD - SCD + CPR)
    Destination Clock Delay (DCD):    5.113ns = ( 8.113 - 3.000 ) 
    Source Clock Delay      (SCD):    5.412ns
    Clock Pessimism Removal (CPR):    0.271ns
  Clock Uncertainty:      0.035ns  ((TSJ^2 + TIJ^2)^1/2 + DJ) / 2 + PE
    Total System Jitter     (TSJ):    0.071ns
    Total Input Jitter      (TIJ):    0.000ns
    Discrete Jitter          (DJ):    0.000ns
    Phase Error              (PE):    0.000ns

    Location             Delay type                Incr(ns)  Path(ns)    Netlist Resource(s)
  -------------------------------------------------------------------    -------------------
                         (clock sys_clk rise edge)    0.000     0.000 r  
    E17                                               0.000     0.000 r  clock (IN)
                         net (fo=0)                   0.000     0.000    clock
    E17                  IBUF (Prop_ibuf_I_O)         1.418     1.418 r  clock_IBUF_inst/O
                         net (fo=1, routed)           2.329     3.747    clock_IBUF
    BUFGCTRL_X0Y16       BUFG (Prop_bufg_I_O)         0.081     3.828 r  clock_IBUF_BUFG_inst/O
                         net (fo=4328, routed)        1.584     5.412    gen_stages[2].stage_inst/b4/clock_IBUF_BUFG
    DSP48_X0Y42          DSP48E1                                      r  gen_stages[2].stage_inst/b4/mul_m2i_reg_1_reg/CLK
  -------------------------------------------------------------------    -------------------
    DSP48_X0Y42          DSP48E1 (Prop_dsp48e1_CLK_PCOUT[17])
                                                      2.032     7.444 r  gen_stages[2].stage_inst/b4/mul_m2i_reg_1_reg/PCOUT[17]
                         net (fo=1, routed)           0.002     7.446    gen_stages[2].stage_inst/b4/mul_m2i_reg_1_reg_n_136
    DSP48_X0Y43          DSP48E1                                      r  gen_stages[2].stage_inst/b4/m2i_reg_reg/PCIN[17]
  -------------------------------------------------------------------    -------------------

                         (clock sys_clk rise edge)    3.000     3.000 r  
    E17                                               0.000     3.000 r  clock (IN)
                         net (fo=0)                   0.000     3.000    clock
    E17                  IBUF (Prop_ibuf_I_O)         1.352     4.352 r  clock_IBUF_inst/O
                         net (fo=1, routed)           2.211     6.563    clock_IBUF
    BUFGCTRL_X0Y16       BUFG (Prop_bufg_I_O)         0.077     6.640 r  clock_IBUF_BUFG_inst/O
                         net (fo=4328, routed)        1.473     8.113    gen_stages[2].stage_inst/b4/clock_IBUF_BUFG
    DSP48_X0Y43          DSP48E1                                      r  gen_stages[2].stage_inst/b4/m2i_reg_reg/CLK
                         clock pessimism              0.271     8.384    
                         clock uncertainty           -0.035     8.349    
    DSP48_X0Y43          DSP48E1 (Setup_dsp48e1_CLK_PCIN[17])
                                                     -1.174     7.175    gen_stages[2].stage_inst/b4/m2i_reg_reg
  -------------------------------------------------------------------
                         required time                          7.175    
                         arrival time                          -7.446    
  -------------------------------------------------------------------
                         slack                                 -0.271    

Slack (VIOLATED) :        -0.271ns  (required time - arrival time)
  Source:                 gen_stages[2].stage_inst/b4/mul_m2i_reg_1_reg/CLK
                            (rising edge-triggered cell DSP48E1 clocked by sys_clk  {rise@0.000ns fall@1.500ns period=3.000ns})
  Destination:            gen_stages[2].stage_inst/b4/m2i_reg_reg/PCIN[18]
                            (rising edge-triggered cell DSP48E1 clocked by sys_clk  {rise@0.000ns fall@1.500ns period=3.000ns})
  Path Group:             sys_clk
  Path Type:              Setup (Max at Slow Process Corner)
  Requirement:            3.000ns  (sys_clk rise@3.000ns - sys_clk rise@0.000ns)
  Data Path Delay:        2.034ns  (logic 2.032ns (99.902%)  route 0.002ns (0.098%))
  Logic Levels:           0  
  Clock Path Skew:        -0.028ns (DCD - SCD + CPR)
    Destination Clock Delay (DCD):    5.113ns = ( 8.113 - 3.000 ) 
    Source Clock Delay      (SCD):    5.412ns
    Clock Pessimism Removal (CPR):    0.271ns
  Clock Uncertainty:      0.035ns  ((TSJ^2 + TIJ^2)^1/2 + DJ) / 2 + PE
    Total System Jitter     (TSJ):    0.071ns
    Total Input Jitter      (TIJ):    0.000ns
    Discrete Jitter          (DJ):    0.000ns
    Phase Error              (PE):    0.000ns

    Location             Delay type                Incr(ns)  Path(ns)    Netlist Resource(s)
  -------------------------------------------------------------------    -------------------
                         (clock sys_clk rise edge)    0.000     0.000 r  
    E17                                               0.000     0.000 r  clock (IN)
                         net (fo=0)                   0.000     0.000    clock
    E17                  IBUF (Prop_ibuf_I_O)         1.418     1.418 r  clock_IBUF_inst/O
                         net (fo=1, routed)           2.329     3.747    clock_IBUF
    BUFGCTRL_X0Y16       BUFG (Prop_bufg_I_O)         0.081     3.828 r  clock_IBUF_BUFG_inst/O
                         net (fo=4328, routed)        1.584     5.412    gen_stages[2].stage_inst/b4/clock_IBUF_BUFG
    DSP48_X0Y42          DSP48E1                                      r  gen_stages[2].stage_inst/b4/mul_m2i_reg_1_reg/CLK
  -------------------------------------------------------------------    -------------------
    DSP48_X0Y42          DSP48E1 (Prop_dsp48e1_CLK_PCOUT[18])
                                                      2.032     7.444 r  gen_stages[2].stage_inst/b4/mul_m2i_reg_1_reg/PCOUT[18]
                         net (fo=1, routed)           0.002     7.446    gen_stages[2].stage_inst/b4/mul_m2i_reg_1_reg_n_135
    DSP48_X0Y43          DSP48E1                                      r  gen_stages[2].stage_inst/b4/m2i_reg_reg/PCIN[18]
  -------------------------------------------------------------------    -------------------

                         (clock sys_clk rise edge)    3.000     3.000 r  
    E17                                               0.000     3.000 r  clock (IN)
                         net (fo=0)                   0.000     3.000    clock
    E17                  IBUF (Prop_ibuf_I_O)         1.352     4.352 r  clock_IBUF_inst/O
                         net (fo=1, routed)           2.211     6.563    clock_IBUF
    BUFGCTRL_X0Y16       BUFG (Prop_bufg_I_O)         0.077     6.640 r  clock_IBUF_BUFG_inst/O
                         net (fo=4328, routed)        1.473     8.113    gen_stages[2].stage_inst/b4/clock_IBUF_BUFG
    DSP48_X0Y43          DSP48E1                                      r  gen_stages[2].stage_inst/b4/m2i_reg_reg/CLK
                         clock pessimism              0.271     8.384    
                         clock uncertainty           -0.035     8.349    
    DSP48_X0Y43          DSP48E1 (Setup_dsp48e1_CLK_PCIN[18])
                                                     -1.174     7.175    gen_stages[2].stage_inst/b4/m2i_reg_reg
  -------------------------------------------------------------------
                         required time                          7.175    
                         arrival time                          -7.446    
  -------------------------------------------------------------------
                         slack                                 -0.271    





Min Delay Paths
--------------------------------------------------------------------------------------
Slack (MET) :             0.076ns  (arrival time - required time)
  Source:                 gen_stages[1].stage_inst/mem_counter_reg_reg[0]/C
                            (rising edge-triggered cell FDRE clocked by sys_clk  {rise@0.000ns fall@1.500ns period=3.000ns})
  Destination:            gen_stages[1].stage_inst/gen_memory.mem/mem_C_reg_0_7_30_31/RAMA/WADR0
                            (rising edge-triggered cell RAMD32 clocked by sys_clk  {rise@0.000ns fall@1.500ns period=3.000ns})
  Path Group:             sys_clk
  Path Type:              Hold (Min at Fast Process Corner)
  Requirement:            0.000ns  (sys_clk rise@0.000ns - sys_clk rise@0.000ns)
  Data Path Delay:        0.399ns  (logic 0.141ns (35.301%)  route 0.258ns (64.699%))
  Logic Levels:           0  
  Clock Path Skew:        0.013ns (DCD - SCD - CPR)
    Destination Clock Delay (DCD):    2.450ns
    Source Clock Delay      (SCD):    1.905ns
    Clock Pessimism Removal (CPR):    0.531ns

    Location             Delay type                Incr(ns)  Path(ns)    Netlist Resource(s)
  -------------------------------------------------------------------    -------------------
                         (clock sys_clk rise edge)    0.000     0.000 r  
    E17                                               0.000     0.000 r  clock (IN)
                         net (fo=0)                   0.000     0.000    clock
    E17                  IBUF (Prop_ibuf_I_O)         0.255     0.255 r  clock_IBUF_inst/O
                         net (fo=1, routed)           0.936     1.190    clock_IBUF
    BUFGCTRL_X0Y16       BUFG (Prop_bufg_I_O)         0.026     1.216 r  clock_IBUF_BUFG_inst/O
                         net (fo=4328, routed)        0.689     1.905    gen_stages[1].stage_inst/clock_IBUF_BUFG
    SLICE_X21Y84         FDRE                                         r  gen_stages[1].stage_inst/mem_counter_reg_reg[0]/C
  -------------------------------------------------------------------    -------------------
    SLICE_X21Y84         FDRE (Prop_fdre_C_Q)         0.141     2.046 r  gen_stages[1].stage_inst/mem_counter_reg_reg[0]/Q
                         net (fo=192, routed)         0.258     2.305    gen_stages[1].stage_inst/gen_memory.mem/mem_C_reg_0_7_30_31/ADDRD0
    SLICE_X20Y84         RAMD32                                       r  gen_stages[1].stage_inst/gen_memory.mem/mem_C_reg_0_7_30_31/RAMA/WADR0
  -------------------------------------------------------------------    -------------------

                         (clock sys_clk rise edge)    0.000     0.000 r  
    E17                                               0.000     0.000 r  clock (IN)
                         net (fo=0)                   0.000     0.000    clock
    E17                  IBUF (Prop_ibuf_I_O)         0.442     0.442 r  clock_IBUF_inst/O
                         net (fo=1, routed)           1.015     1.457    clock_IBUF
    BUFGCTRL_X0Y16       BUFG (Prop_bufg_I_O)         0.029     1.486 r  clock_IBUF_BUFG_inst/O
                         net (fo=4328, routed)        0.964     2.450    gen_stages[1].stage_inst/gen_memory.mem/mem_C_reg_0_7_30_31/WCLK
    SLICE_X20Y84         RAMD32                                       r  gen_stages[1].stage_inst/gen_memory.mem/mem_C_reg_0_7_30_31/RAMA/CLK
                         clock pessimism             -0.531     1.918    
    SLICE_X20Y84         RAMD32 (Hold_ramd32_CLK_WADR0)
                                                      0.310     2.228    gen_stages[1].stage_inst/gen_memory.mem/mem_C_reg_0_7_30_31/RAMA
  -------------------------------------------------------------------
                         required time                         -2.228    
                         arrival time                           2.305    
  -------------------------------------------------------------------
                         slack                                  0.076    

Slack (MET) :             0.076ns  (arrival time - required time)
  Source:                 gen_stages[1].stage_inst/mem_counter_reg_reg[0]/C
                            (rising edge-triggered cell FDRE clocked by sys_clk  {rise@0.000ns fall@1.500ns period=3.000ns})
  Destination:            gen_stages[1].stage_inst/gen_memory.mem/mem_C_reg_0_7_30_31/RAMA_D1/WADR0
                            (rising edge-triggered cell RAMD32 clocked by sys_clk  {rise@0.000ns fall@1.500ns period=3.000ns})
  Path Group:             sys_clk
  Path Type:              Hold (Min at Fast Process Corner)
  Requirement:            0.000ns  (sys_clk rise@0.000ns - sys_clk rise@0.000ns)
  Data Path Delay:        0.399ns  (logic 0.141ns (35.301%)  route 0.258ns (64.699%))
  Logic Levels:           0  
  Clock Path Skew:        0.013ns (DCD - SCD - CPR)
    Destination Clock Delay (DCD):    2.450ns
    Source Clock Delay      (SCD):    1.905ns
    Clock Pessimism Removal (CPR):    0.531ns

    Location             Delay type                Incr(ns)  Path(ns)    Netlist Resource(s)
  -------------------------------------------------------------------    -------------------
                         (clock sys_clk rise edge)    0.000     0.000 r  
    E17                                               0.000     0.000 r  clock (IN)
                         net (fo=0)                   0.000     0.000    clock
    E17                  IBUF (Prop_ibuf_I_O)         0.255     0.255 r  clock_IBUF_inst/O
                         net (fo=1, routed)           0.936     1.190    clock_IBUF
    BUFGCTRL_X0Y16       BUFG (Prop_bufg_I_O)         0.026     1.216 r  clock_IBUF_BUFG_inst/O
                         net (fo=4328, routed)        0.689     1.905    gen_stages[1].stage_inst/clock_IBUF_BUFG
    SLICE_X21Y84         FDRE                                         r  gen_stages[1].stage_inst/mem_counter_reg_reg[0]/C
  -------------------------------------------------------------------    -------------------
    SLICE_X21Y84         FDRE (Prop_fdre_C_Q)         0.141     2.046 r  gen_stages[1].stage_inst/mem_counter_reg_reg[0]/Q
                         net (fo=192, routed)         0.258     2.305    gen_stages[1].stage_inst/gen_memory.mem/mem_C_reg_0_7_30_31/ADDRD0
    SLICE_X20Y84         RAMD32                                       r  gen_stages[1].stage_inst/gen_memory.mem/mem_C_reg_0_7_30_31/RAMA_D1/WADR0
  -------------------------------------------------------------------    -------------------

                         (clock sys_clk rise edge)    0.000     0.000 r  
    E17                                               0.000     0.000 r  clock (IN)
                         net (fo=0)                   0.000     0.000    clock
    E17                  IBUF (Prop_ibuf_I_O)         0.442     0.442 r  clock_IBUF_inst/O
                         net (fo=1, routed)           1.015     1.457    clock_IBUF
    BUFGCTRL_X0Y16       BUFG (Prop_bufg_I_O)         0.029     1.486 r  clock_IBUF_BUFG_inst/O
                         net (fo=4328, routed)        0.964     2.450    gen_stages[1].stage_inst/gen_memory.mem/mem_C_reg_0_7_30_31/WCLK
    SLICE_X20Y84         RAMD32                                       r  gen_stages[1].stage_inst/gen_memory.mem/mem_C_reg_0_7_30_31/RAMA_D1/CLK
                         clock pessimism             -0.531     1.918    
    SLICE_X20Y84         RAMD32 (Hold_ramd32_CLK_WADR0)
                                                      0.310     2.228    gen_stages[1].stage_inst/gen_memory.mem/mem_C_reg_0_7_30_31/RAMA_D1
  -------------------------------------------------------------------
                         required time                         -2.228    
                         arrival time                           2.305    
  -------------------------------------------------------------------
                         slack                                  0.076    

Slack (MET) :             0.076ns  (arrival time - required time)
  Source:                 gen_stages[1].stage_inst/mem_counter_reg_reg[0]/C
                            (rising edge-triggered cell FDRE clocked by sys_clk  {rise@0.000ns fall@1.500ns period=3.000ns})
  Destination:            gen_stages[1].stage_inst/gen_memory.mem/mem_C_reg_0_7_30_31/RAMB/WADR0
                            (rising edge-triggered cell RAMD32 clocked by sys_clk  {rise@0.000ns fall@1.500ns period=3.000ns})
  Path Group:             sys_clk
  Path Type:              Hold (Min at Fast Process Corner)
  Requirement:            0.000ns  (sys_clk rise@0.000ns - sys_clk rise@0.000ns)
  Data Path Delay:        0.399ns  (logic 0.141ns (35.301%)  route 0.258ns (64.699%))
  Logic Levels:           0  
  Clock Path Skew:        0.013ns (DCD - SCD - CPR)
    Destination Clock Delay (DCD):    2.450ns
    Source Clock Delay      (SCD):    1.905ns
    Clock Pessimism Removal (CPR):    0.531ns

    Location             Delay type                Incr(ns)  Path(ns)    Netlist Resource(s)
  -------------------------------------------------------------------    -------------------
                         (clock sys_clk rise edge)    0.000     0.000 r  
    E17                                               0.000     0.000 r  clock (IN)
                         net (fo=0)                   0.000     0.000    clock
    E17                  IBUF (Prop_ibuf_I_O)         0.255     0.255 r  clock_IBUF_inst/O
                         net (fo=1, routed)           0.936     1.190    clock_IBUF
    BUFGCTRL_X0Y16       BUFG (Prop_bufg_I_O)         0.026     1.216 r  clock_IBUF_BUFG_inst/O
                         net (fo=4328, routed)        0.689     1.905    gen_stages[1].stage_inst/clock_IBUF_BUFG
    SLICE_X21Y84         FDRE                                         r  gen_stages[1].stage_inst/mem_counter_reg_reg[0]/C
  -------------------------------------------------------------------    -------------------
    SLICE_X21Y84         FDRE (Prop_fdre_C_Q)         0.141     2.046 r  gen_stages[1].stage_inst/mem_counter_reg_reg[0]/Q
                         net (fo=192, routed)         0.258     2.305    gen_stages[1].stage_inst/gen_memory.mem/mem_C_reg_0_7_30_31/ADDRD0
    SLICE_X20Y84         RAMD32                                       r  gen_stages[1].stage_inst/gen_memory.mem/mem_C_reg_0_7_30_31/RAMB/WADR0
  -------------------------------------------------------------------    -------------------

                         (clock sys_clk rise edge)    0.000     0.000 r  
    E17                                               0.000     0.000 r  clock (IN)
                         net (fo=0)                   0.000     0.000    clock
    E17                  IBUF (Prop_ibuf_I_O)         0.442     0.442 r  clock_IBUF_inst/O
                         net (fo=1, routed)           1.015     1.457    clock_IBUF
    BUFGCTRL_X0Y16       BUFG (Prop_bufg_I_O)         0.029     1.486 r  clock_IBUF_BUFG_inst/O
                         net (fo=4328, routed)        0.964     2.450    gen_stages[1].stage_inst/gen_memory.mem/mem_C_reg_0_7_30_31/WCLK
    SLICE_X20Y84         RAMD32                                       r  gen_stages[1].stage_inst/gen_memory.mem/mem_C_reg_0_7_30_31/RAMB/CLK
                         clock pessimism             -0.531     1.918    
    SLICE_X20Y84         RAMD32 (Hold_ramd32_CLK_WADR0)
                                                      0.310     2.228    gen_stages[1].stage_inst/gen_memory.mem/mem_C_reg_0_7_30_31/RAMB
  -------------------------------------------------------------------
                         required time                         -2.228    
                         arrival time                           2.305    
  -------------------------------------------------------------------
                         slack                                  0.076    

Slack (MET) :             0.076ns  (arrival time - required time)
  Source:                 gen_stages[1].stage_inst/mem_counter_reg_reg[0]/C
                            (rising edge-triggered cell FDRE clocked by sys_clk  {rise@0.000ns fall@1.500ns period=3.000ns})
  Destination:            gen_stages[1].stage_inst/gen_memory.mem/mem_C_reg_0_7_30_31/RAMB_D1/WADR0
                            (rising edge-triggered cell RAMD32 clocked by sys_clk  {rise@0.000ns fall@1.500ns period=3.000ns})
  Path Group:             sys_clk
  Path Type:              Hold (Min at Fast Process Corner)
  Requirement:            0.000ns  (sys_clk rise@0.000ns - sys_clk rise@0.000ns)
  Data Path Delay:        0.399ns  (logic 0.141ns (35.301%)  route 0.258ns (64.699%))
  Logic Levels:           0  
  Clock Path Skew:        0.013ns (DCD - SCD - CPR)
    Destination Clock Delay (DCD):    2.450ns
    Source Clock Delay      (SCD):    1.905ns
    Clock Pessimism Removal (CPR):    0.531ns

    Location             Delay type                Incr(ns)  Path(ns)    Netlist Resource(s)
  -------------------------------------------------------------------    -------------------
                         (clock sys_clk rise edge)    0.000     0.000 r  
    E17                                               0.000     0.000 r  clock (IN)
                         net (fo=0)                   0.000     0.000    clock
    E17                  IBUF (Prop_ibuf_I_O)         0.255     0.255 r  clock_IBUF_inst/O
                         net (fo=1, routed)           0.936     1.190    clock_IBUF
    BUFGCTRL_X0Y16       BUFG (Prop_bufg_I_O)         0.026     1.216 r  clock_IBUF_BUFG_inst/O
                         net (fo=4328, routed)        0.689     1.905    gen_stages[1].stage_inst/clock_IBUF_BUFG
    SLICE_X21Y84         FDRE                                         r  gen_stages[1].stage_inst/mem_counter_reg_reg[0]/C
  -------------------------------------------------------------------    -------------------
    SLICE_X21Y84         FDRE (Prop_fdre_C_Q)         0.141     2.046 r  gen_stages[1].stage_inst/mem_counter_reg_reg[0]/Q
                         net (fo=192, routed)         0.258     2.305    gen_stages[1].stage_inst/gen_memory.mem/mem_C_reg_0_7_30_31/ADDRD0
    SLICE_X20Y84         RAMD32                                       r  gen_stages[1].stage_inst/gen_memory.mem/mem_C_reg_0_7_30_31/RAMB_D1/WADR0
  -------------------------------------------------------------------    -------------------

                         (clock sys_clk rise edge)    0.000     0.000 r  
    E17                                               0.000     0.000 r  clock (IN)
                         net (fo=0)                   0.000     0.000    clock
    E17                  IBUF (Prop_ibuf_I_O)         0.442     0.442 r  clock_IBUF_inst/O
                         net (fo=1, routed)           1.015     1.457    clock_IBUF
    BUFGCTRL_X0Y16       BUFG (Prop_bufg_I_O)         0.029     1.486 r  clock_IBUF_BUFG_inst/O
                         net (fo=4328, routed)        0.964     2.450    gen_stages[1].stage_inst/gen_memory.mem/mem_C_reg_0_7_30_31/WCLK
    SLICE_X20Y84         RAMD32                                       r  gen_stages[1].stage_inst/gen_memory.mem/mem_C_reg_0_7_30_31/RAMB_D1/CLK
                         clock pessimism             -0.531     1.918    
    SLICE_X20Y84         RAMD32 (Hold_ramd32_CLK_WADR0)
                                                      0.310     2.228    gen_stages[1].stage_inst/gen_memory.mem/mem_C_reg_0_7_30_31/RAMB_D1
  -------------------------------------------------------------------
                         required time                         -2.228    
                         arrival time                           2.305    
  -------------------------------------------------------------------
                         slack                                  0.076    

Slack (MET) :             0.076ns  (arrival time - required time)
  Source:                 gen_stages[1].stage_inst/mem_counter_reg_reg[0]/C
                            (rising edge-triggered cell FDRE clocked by sys_clk  {rise@0.000ns fall@1.500ns period=3.000ns})
  Destination:            gen_stages[1].stage_inst/gen_memory.mem/mem_C_reg_0_7_30_31/RAMC/WADR0
                            (rising edge-triggered cell RAMD32 clocked by sys_clk  {rise@0.000ns fall@1.500ns period=3.000ns})
  Path Group:             sys_clk
  Path Type:              Hold (Min at Fast Process Corner)
  Requirement:            0.000ns  (sys_clk rise@0.000ns - sys_clk rise@0.000ns)
  Data Path Delay:        0.399ns  (logic 0.141ns (35.301%)  route 0.258ns (64.699%))
  Logic Levels:           0  
  Clock Path Skew:        0.013ns (DCD - SCD - CPR)
    Destination Clock Delay (DCD):    2.450ns
    Source Clock Delay      (SCD):    1.905ns
    Clock Pessimism Removal (CPR):    0.531ns

    Location             Delay type                Incr(ns)  Path(ns)    Netlist Resource(s)
  -------------------------------------------------------------------    -------------------
                         (clock sys_clk rise edge)    0.000     0.000 r  
    E17                                               0.000     0.000 r  clock (IN)
                         net (fo=0)                   0.000     0.000    clock
    E17                  IBUF (Prop_ibuf_I_O)         0.255     0.255 r  clock_IBUF_inst/O
                         net (fo=1, routed)           0.936     1.190    clock_IBUF
    BUFGCTRL_X0Y16       BUFG (Prop_bufg_I_O)         0.026     1.216 r  clock_IBUF_BUFG_inst/O
                         net (fo=4328, routed)        0.689     1.905    gen_stages[1].stage_inst/clock_IBUF_BUFG
    SLICE_X21Y84         FDRE                                         r  gen_stages[1].stage_inst/mem_counter_reg_reg[0]/C
  -------------------------------------------------------------------    -------------------
    SLICE_X21Y84         FDRE (Prop_fdre_C_Q)         0.141     2.046 r  gen_stages[1].stage_inst/mem_counter_reg_reg[0]/Q
                         net (fo=192, routed)         0.258     2.305    gen_stages[1].stage_inst/gen_memory.mem/mem_C_reg_0_7_30_31/ADDRD0
    SLICE_X20Y84         RAMD32                                       r  gen_stages[1].stage_inst/gen_memory.mem/mem_C_reg_0_7_30_31/RAMC/WADR0
  -------------------------------------------------------------------    -------------------

                         (clock sys_clk rise edge)    0.000     0.000 r  
    E17                                               0.000     0.000 r  clock (IN)
                         net (fo=0)                   0.000     0.000    clock
    E17                  IBUF (Prop_ibuf_I_O)         0.442     0.442 r  clock_IBUF_inst/O
                         net (fo=1, routed)           1.015     1.457    clock_IBUF
    BUFGCTRL_X0Y16       BUFG (Prop_bufg_I_O)         0.029     1.486 r  clock_IBUF_BUFG_inst/O
                         net (fo=4328, routed)        0.964     2.450    gen_stages[1].stage_inst/gen_memory.mem/mem_C_reg_0_7_30_31/WCLK
    SLICE_X20Y84         RAMD32                                       r  gen_stages[1].stage_inst/gen_memory.mem/mem_C_reg_0_7_30_31/RAMC/CLK
                         clock pessimism             -0.531     1.918    
    SLICE_X20Y84         RAMD32 (Hold_ramd32_CLK_WADR0)
                                                      0.310     2.228    gen_stages[1].stage_inst/gen_memory.mem/mem_C_reg_0_7_30_31/RAMC
  -------------------------------------------------------------------
                         required time                         -2.228    
                         arrival time                           2.305    
  -------------------------------------------------------------------
                         slack                                  0.076    

Slack (MET) :             0.076ns  (arrival time - required time)
  Source:                 gen_stages[1].stage_inst/mem_counter_reg_reg[0]/C
                            (rising edge-triggered cell FDRE clocked by sys_clk  {rise@0.000ns fall@1.500ns period=3.000ns})
  Destination:            gen_stages[1].stage_inst/gen_memory.mem/mem_C_reg_0_7_30_31/RAMC_D1/WADR0
                            (rising edge-triggered cell RAMD32 clocked by sys_clk  {rise@0.000ns fall@1.500ns period=3.000ns})
  Path Group:             sys_clk
  Path Type:              Hold (Min at Fast Process Corner)
  Requirement:            0.000ns  (sys_clk rise@0.000ns - sys_clk rise@0.000ns)
  Data Path Delay:        0.399ns  (logic 0.141ns (35.301%)  route 0.258ns (64.699%))
  Logic Levels:           0  
  Clock Path Skew:        0.013ns (DCD - SCD - CPR)
    Destination Clock Delay (DCD):    2.450ns
    Source Clock Delay      (SCD):    1.905ns
    Clock Pessimism Removal (CPR):    0.531ns

    Location             Delay type                Incr(ns)  Path(ns)    Netlist Resource(s)
  -------------------------------------------------------------------    -------------------
                         (clock sys_clk rise edge)    0.000     0.000 r  
    E17                                               0.000     0.000 r  clock (IN)
                         net (fo=0)                   0.000     0.000    clock
    E17                  IBUF (Prop_ibuf_I_O)         0.255     0.255 r  clock_IBUF_inst/O
                         net (fo=1, routed)           0.936     1.190    clock_IBUF
    BUFGCTRL_X0Y16       BUFG (Prop_bufg_I_O)         0.026     1.216 r  clock_IBUF_BUFG_inst/O
                         net (fo=4328, routed)        0.689     1.905    gen_stages[1].stage_inst/clock_IBUF_BUFG
    SLICE_X21Y84         FDRE                                         r  gen_stages[1].stage_inst/mem_counter_reg_reg[0]/C
  -------------------------------------------------------------------    -------------------
    SLICE_X21Y84         FDRE (Prop_fdre_C_Q)         0.141     2.046 r  gen_stages[1].stage_inst/mem_counter_reg_reg[0]/Q
                         net (fo=192, routed)         0.258     2.305    gen_stages[1].stage_inst/gen_memory.mem/mem_C_reg_0_7_30_31/ADDRD0
    SLICE_X20Y84         RAMD32                                       r  gen_stages[1].stage_inst/gen_memory.mem/mem_C_reg_0_7_30_31/RAMC_D1/WADR0
  -------------------------------------------------------------------    -------------------

                         (clock sys_clk rise edge)    0.000     0.000 r  
    E17                                               0.000     0.000 r  clock (IN)
                         net (fo=0)                   0.000     0.000    clock
    E17                  IBUF (Prop_ibuf_I_O)         0.442     0.442 r  clock_IBUF_inst/O
                         net (fo=1, routed)           1.015     1.457    clock_IBUF
    BUFGCTRL_X0Y16       BUFG (Prop_bufg_I_O)         0.029     1.486 r  clock_IBUF_BUFG_inst/O
                         net (fo=4328, routed)        0.964     2.450    gen_stages[1].stage_inst/gen_memory.mem/mem_C_reg_0_7_30_31/WCLK
    SLICE_X20Y84         RAMD32                                       r  gen_stages[1].stage_inst/gen_memory.mem/mem_C_reg_0_7_30_31/RAMC_D1/CLK
                         clock pessimism             -0.531     1.918    
    SLICE_X20Y84         RAMD32 (Hold_ramd32_CLK_WADR0)
                                                      0.310     2.228    gen_stages[1].stage_inst/gen_memory.mem/mem_C_reg_0_7_30_31/RAMC_D1
  -------------------------------------------------------------------
                         required time                         -2.228    
                         arrival time                           2.305    
  -------------------------------------------------------------------
                         slack                                  0.076    

Slack (MET) :             0.076ns  (arrival time - required time)
  Source:                 gen_stages[1].stage_inst/mem_counter_reg_reg[0]/C
                            (rising edge-triggered cell FDRE clocked by sys_clk  {rise@0.000ns fall@1.500ns period=3.000ns})
  Destination:            gen_stages[1].stage_inst/gen_memory.mem/mem_C_reg_0_7_30_31/RAMD/ADR0
                            (rising edge-triggered cell RAMS32 clocked by sys_clk  {rise@0.000ns fall@1.500ns period=3.000ns})
  Path Group:             sys_clk
  Path Type:              Hold (Min at Fast Process Corner)
  Requirement:            0.000ns  (sys_clk rise@0.000ns - sys_clk rise@0.000ns)
  Data Path Delay:        0.399ns  (logic 0.141ns (35.301%)  route 0.258ns (64.699%))
  Logic Levels:           0  
  Clock Path Skew:        0.013ns (DCD - SCD - CPR)
    Destination Clock Delay (DCD):    2.450ns
    Source Clock Delay      (SCD):    1.905ns
    Clock Pessimism Removal (CPR):    0.531ns

    Location             Delay type                Incr(ns)  Path(ns)    Netlist Resource(s)
  -------------------------------------------------------------------    -------------------
                         (clock sys_clk rise edge)    0.000     0.000 r  
    E17                                               0.000     0.000 r  clock (IN)
                         net (fo=0)                   0.000     0.000    clock
    E17                  IBUF (Prop_ibuf_I_O)         0.255     0.255 r  clock_IBUF_inst/O
                         net (fo=1, routed)           0.936     1.190    clock_IBUF
    BUFGCTRL_X0Y16       BUFG (Prop_bufg_I_O)         0.026     1.216 r  clock_IBUF_BUFG_inst/O
                         net (fo=4328, routed)        0.689     1.905    gen_stages[1].stage_inst/clock_IBUF_BUFG
    SLICE_X21Y84         FDRE                                         r  gen_stages[1].stage_inst/mem_counter_reg_reg[0]/C
  -------------------------------------------------------------------    -------------------
    SLICE_X21Y84         FDRE (Prop_fdre_C_Q)         0.141     2.046 r  gen_stages[1].stage_inst/mem_counter_reg_reg[0]/Q
                         net (fo=192, routed)         0.258     2.305    gen_stages[1].stage_inst/gen_memory.mem/mem_C_reg_0_7_30_31/ADDRD0
    SLICE_X20Y84         RAMS32                                       r  gen_stages[1].stage_inst/gen_memory.mem/mem_C_reg_0_7_30_31/RAMD/ADR0
  -------------------------------------------------------------------    -------------------

                         (clock sys_clk rise edge)    0.000     0.000 r  
    E17                                               0.000     0.000 r  clock (IN)
                         net (fo=0)                   0.000     0.000    clock
    E17                  IBUF (Prop_ibuf_I_O)         0.442     0.442 r  clock_IBUF_inst/O
                         net (fo=1, routed)           1.015     1.457    clock_IBUF
    BUFGCTRL_X0Y16       BUFG (Prop_bufg_I_O)         0.029     1.486 r  clock_IBUF_BUFG_inst/O
                         net (fo=4328, routed)        0.964     2.450    gen_stages[1].stage_inst/gen_memory.mem/mem_C_reg_0_7_30_31/WCLK
    SLICE_X20Y84         RAMS32                                       r  gen_stages[1].stage_inst/gen_memory.mem/mem_C_reg_0_7_30_31/RAMD/CLK
                         clock pessimism             -0.531     1.918    
    SLICE_X20Y84         RAMS32 (Hold_rams32_CLK_ADR0)
                                                      0.310     2.228    gen_stages[1].stage_inst/gen_memory.mem/mem_C_reg_0_7_30_31/RAMD
  -------------------------------------------------------------------
                         required time                         -2.228    
                         arrival time                           2.305    
  -------------------------------------------------------------------
                         slack                                  0.076    

Slack (MET) :             0.076ns  (arrival time - required time)
  Source:                 gen_stages[1].stage_inst/mem_counter_reg_reg[0]/C
                            (rising edge-triggered cell FDRE clocked by sys_clk  {rise@0.000ns fall@1.500ns period=3.000ns})
  Destination:            gen_stages[1].stage_inst/gen_memory.mem/mem_C_reg_0_7_30_31/RAMD_D1/ADR0
                            (rising edge-triggered cell RAMS32 clocked by sys_clk  {rise@0.000ns fall@1.500ns period=3.000ns})
  Path Group:             sys_clk
  Path Type:              Hold (Min at Fast Process Corner)
  Requirement:            0.000ns  (sys_clk rise@0.000ns - sys_clk rise@0.000ns)
  Data Path Delay:        0.399ns  (logic 0.141ns (35.301%)  route 0.258ns (64.699%))
  Logic Levels:           0  
  Clock Path Skew:        0.013ns (DCD - SCD - CPR)
    Destination Clock Delay (DCD):    2.450ns
    Source Clock Delay      (SCD):    1.905ns
    Clock Pessimism Removal (CPR):    0.531ns

    Location             Delay type                Incr(ns)  Path(ns)    Netlist Resource(s)
  -------------------------------------------------------------------    -------------------
                         (clock sys_clk rise edge)    0.000     0.000 r  
    E17                                               0.000     0.000 r  clock (IN)
                         net (fo=0)                   0.000     0.000    clock
    E17                  IBUF (Prop_ibuf_I_O)         0.255     0.255 r  clock_IBUF_inst/O
                         net (fo=1, routed)           0.936     1.190    clock_IBUF
    BUFGCTRL_X0Y16       BUFG (Prop_bufg_I_O)         0.026     1.216 r  clock_IBUF_BUFG_inst/O
                         net (fo=4328, routed)        0.689     1.905    gen_stages[1].stage_inst/clock_IBUF_BUFG
    SLICE_X21Y84         FDRE                                         r  gen_stages[1].stage_inst/mem_counter_reg_reg[0]/C
  -------------------------------------------------------------------    -------------------
    SLICE_X21Y84         FDRE (Prop_fdre_C_Q)         0.141     2.046 r  gen_stages[1].stage_inst/mem_counter_reg_reg[0]/Q
                         net (fo=192, routed)         0.258     2.305    gen_stages[1].stage_inst/gen_memory.mem/mem_C_reg_0_7_30_31/ADDRD0
    SLICE_X20Y84         RAMS32                                       r  gen_stages[1].stage_inst/gen_memory.mem/mem_C_reg_0_7_30_31/RAMD_D1/ADR0
  -------------------------------------------------------------------    -------------------

                         (clock sys_clk rise edge)    0.000     0.000 r  
    E17                                               0.000     0.000 r  clock (IN)
                         net (fo=0)                   0.000     0.000    clock
    E17                  IBUF (Prop_ibuf_I_O)         0.442     0.442 r  clock_IBUF_inst/O
                         net (fo=1, routed)           1.015     1.457    clock_IBUF
    BUFGCTRL_X0Y16       BUFG (Prop_bufg_I_O)         0.029     1.486 r  clock_IBUF_BUFG_inst/O
                         net (fo=4328, routed)        0.964     2.450    gen_stages[1].stage_inst/gen_memory.mem/mem_C_reg_0_7_30_31/WCLK
    SLICE_X20Y84         RAMS32                                       r  gen_stages[1].stage_inst/gen_memory.mem/mem_C_reg_0_7_30_31/RAMD_D1/CLK
                         clock pessimism             -0.531     1.918    
    SLICE_X20Y84         RAMS32 (Hold_rams32_CLK_ADR0)
                                                      0.310     2.228    gen_stages[1].stage_inst/gen_memory.mem/mem_C_reg_0_7_30_31/RAMD_D1
  -------------------------------------------------------------------
                         required time                         -2.228    
                         arrival time                           2.305    
  -------------------------------------------------------------------
                         slack                                  0.076    

Slack (MET) :             0.083ns  (arrival time - required time)
  Source:                 gen_stages[2].stage_inst/b4/ai_reg_1_reg[13]/C
                            (rising edge-triggered cell FDRE clocked by sys_clk  {rise@0.000ns fall@1.500ns period=3.000ns})
  Destination:            gen_stages[2].stage_inst/b4/t0i_reg_reg[14]/D
                            (rising edge-triggered cell FDRE clocked by sys_clk  {rise@0.000ns fall@1.500ns period=3.000ns})
  Path Group:             sys_clk
  Path Type:              Hold (Min at Fast Process Corner)
  Requirement:            0.000ns  (sys_clk rise@0.000ns - sys_clk rise@0.000ns)
  Data Path Delay:        0.525ns  (logic 0.328ns (62.518%)  route 0.197ns (37.482%))
  Logic Levels:           1  (CARRY4=1)
  Clock Path Skew:        0.337ns (DCD - SCD - CPR)
    Destination Clock Delay (DCD):    2.458ns
    Source Clock Delay      (SCD):    1.846ns
    Clock Pessimism Removal (CPR):    0.275ns

    Location             Delay type                Incr(ns)  Path(ns)    Netlist Resource(s)
  -------------------------------------------------------------------    -------------------
                         (clock sys_clk rise edge)    0.000     0.000 r  
    E17                                               0.000     0.000 r  clock (IN)
                         net (fo=0)                   0.000     0.000    clock
    E17                  IBUF (Prop_ibuf_I_O)         0.255     0.255 r  clock_IBUF_inst/O
                         net (fo=1, routed)           0.936     1.190    clock_IBUF
    BUFGCTRL_X0Y16       BUFG (Prop_bufg_I_O)         0.026     1.216 r  clock_IBUF_BUFG_inst/O
                         net (fo=4328, routed)        0.630     1.846    gen_stages[2].stage_inst/b4/clock_IBUF_BUFG
    SLICE_X15Y100        FDRE                                         r  gen_stages[2].stage_inst/b4/ai_reg_1_reg[13]/C
  -------------------------------------------------------------------    -------------------
    SLICE_X15Y100        FDRE (Prop_fdre_C_Q)         0.128     1.974 r  gen_stages[2].stage_inst/b4/ai_reg_1_reg[13]/Q
                         net (fo=4, routed)           0.197     2.171    gen_stages[2].stage_inst/b4/ai_reg_1[13]
    SLICE_X15Y99         CARRY4 (Prop_carry4_DI[1]_O[2])
                                                      0.200     2.371 r  gen_stages[2].stage_inst/b4/t0i_carry__2/O[2]
                         net (fo=1, routed)           0.000     2.371    gen_stages[2].stage_inst/b4/t0i[14]
    SLICE_X15Y99         FDRE                                         r  gen_stages[2].stage_inst/b4/t0i_reg_reg[14]/D
  -------------------------------------------------------------------    -------------------

                         (clock sys_clk rise edge)    0.000     0.000 r  
    E17                                               0.000     0.000 r  clock (IN)
                         net (fo=0)                   0.000     0.000    clock
    E17                  IBUF (Prop_ibuf_I_O)         0.442     0.442 r  clock_IBUF_inst/O
                         net (fo=1, routed)           1.015     1.457    clock_IBUF
    BUFGCTRL_X0Y16       BUFG (Prop_bufg_I_O)         0.029     1.486 r  clock_IBUF_BUFG_inst/O
                         net (fo=4328, routed)        0.972     2.458    gen_stages[2].stage_inst/b4/clock_IBUF_BUFG
    SLICE_X15Y99         FDRE                                         r  gen_stages[2].stage_inst/b4/t0i_reg_reg[14]/C
                         clock pessimism             -0.275     2.183    
    SLICE_X15Y99         FDRE (Hold_fdre_C_D)         0.105     2.288    gen_stages[2].stage_inst/b4/t0i_reg_reg[14]
  -------------------------------------------------------------------
                         required time                         -2.288    
                         arrival time                           2.371    
  -------------------------------------------------------------------
                         slack                                  0.083    

Slack (MET) :             0.084ns  (arrival time - required time)
  Source:                 gen_stages[3].stage_inst/b4/out2r_reg[4]/C
                            (rising edge-triggered cell FDRE clocked by sys_clk  {rise@0.000ns fall@1.500ns period=3.000ns})
  Destination:            gen_stages[3].stage_inst/output_real_1_reg[4]/D
                            (rising edge-triggered cell FDRE clocked by sys_clk  {rise@0.000ns fall@1.500ns period=3.000ns})
  Path Group:             sys_clk
  Path Type:              Hold (Min at Fast Process Corner)
  Requirement:            0.000ns  (sys_clk rise@0.000ns - sys_clk rise@0.000ns)
  Data Path Delay:        0.335ns  (logic 0.141ns (42.133%)  route 0.194ns (57.867%))
  Logic Levels:           0  
  Clock Path Skew:        0.198ns (DCD - SCD - CPR)
    Destination Clock Delay (DCD):    2.344ns
    Source Clock Delay      (SCD):    1.870ns
    Clock Pessimism Removal (CPR):    0.275ns

    Location             Delay type                Incr(ns)  Path(ns)    Netlist Resource(s)
  -------------------------------------------------------------------    -------------------
                         (clock sys_clk rise edge)    0.000     0.000 r  
    E17                                               0.000     0.000 r  clock (IN)
                         net (fo=0)                   0.000     0.000    clock
    E17                  IBUF (Prop_ibuf_I_O)         0.255     0.255 r  clock_IBUF_inst/O
                         net (fo=1, routed)           0.936     1.190    clock_IBUF
    BUFGCTRL_X0Y16       BUFG (Prop_bufg_I_O)         0.026     1.216 r  clock_IBUF_BUFG_inst/O
                         net (fo=4328, routed)        0.654     1.870    gen_stages[3].stage_inst/b4/clock_IBUF_BUFG
    SLICE_X57Y98         FDRE                                         r  gen_stages[3].stage_inst/b4/out2r_reg[4]/C
  -------------------------------------------------------------------    -------------------
    SLICE_X57Y98         FDRE (Prop_fdre_C_Q)         0.141     2.011 r  gen_stages[3].stage_inst/b4/out2r_reg[4]/Q
                         net (fo=1, routed)           0.194     2.205    gen_stages[3].stage_inst/y1_re[4]
    SLICE_X56Y103        FDRE                                         r  gen_stages[3].stage_inst/output_real_1_reg[4]/D
  -------------------------------------------------------------------    -------------------

                         (clock sys_clk rise edge)    0.000     0.000 r  
    E17                                               0.000     0.000 r  clock (IN)
                         net (fo=0)                   0.000     0.000    clock
    E17                  IBUF (Prop_ibuf_I_O)         0.442     0.442 r  clock_IBUF_inst/O
                         net (fo=1, routed)           1.015     1.457    clock_IBUF
    BUFGCTRL_X0Y16       BUFG (Prop_bufg_I_O)         0.029     1.486 r  clock_IBUF_BUFG_inst/O
                         net (fo=4328, routed)        0.858     2.344    gen_stages[3].stage_inst/clock_IBUF_BUFG
    SLICE_X56Y103        FDRE                                         r  gen_stages[3].stage_inst/output_real_1_reg[4]/C
                         clock pessimism             -0.275     2.069    
    SLICE_X56Y103        FDRE (Hold_fdre_C_D)         0.052     2.121    gen_stages[3].stage_inst/output_real_1_reg[4]
  -------------------------------------------------------------------
                         required time                         -2.121    
                         arrival time                           2.205    
  -------------------------------------------------------------------
                         slack                                  0.084    





Pulse Width Checks
--------------------------------------------------------------------------------------
Clock Name:         sys_clk
Waveform(ns):       { 0.000 1.500 }
Period(ns):         3.000
Sources:            { clock }

Check Type        Corner  Lib Pin      Reference Pin  Required(ns)  Actual(ns)  Slack(ns)  Location       Pin
Min Period        n/a     DSP48E1/CLK  n/a            1.816         3.000       1.184      DSP48_X0Y25    gen_stages[0].stage_inst/b4/m2i_reg_reg/CLK
Min Period        n/a     DSP48E1/CLK  n/a            1.816         3.000       1.184      DSP48_X2Y28    gen_stages[0].stage_inst/b4/mul_m1i_reg_1_reg/CLK
Min Period        n/a     DSP48E1/CLK  n/a            1.816         3.000       1.184      DSP48_X0Y35    gen_stages[1].stage_inst/b4/m1r_reg_reg/CLK
Min Period        n/a     DSP48E1/CLK  n/a            1.816         3.000       1.184      DSP48_X0Y28    gen_stages[1].stage_inst/b4/mul_m0r_reg_1_reg/CLK
Min Period        n/a     DSP48E1/CLK  n/a            1.816         3.000       1.184      DSP48_X1Y30    gen_stages[1].stage_inst/b4/mul_m2r_reg_1_reg/CLK
Min Period        n/a     DSP48E1/CLK  n/a            1.816         3.000       1.184      DSP48_X1Y39    gen_stages[2].stage_inst/b4/m1i_reg_reg/CLK
Min Period        n/a     DSP48E1/CLK  n/a            1.816         3.000       1.184      DSP48_X0Y38    gen_stages[2].stage_inst/b4/mul_m0i_reg_1_reg/CLK
Min Period        n/a     DSP48E1/CLK  n/a            1.816         3.000       1.184      DSP48_X0Y42    gen_stages[2].stage_inst/b4/mul_m2i_reg_1_reg/CLK
Min Period        n/a     DSP48E1/CLK  n/a            1.816         3.000       1.184      DSP48_X2Y41    gen_stages[3].stage_inst/b4/m0r_reg_reg/CLK
Min Period        n/a     DSP48E1/CLK  n/a            1.816         3.000       1.184      DSP48_X2Y35    gen_stages[3].stage_inst/b4/m2r_reg_reg/CLK
Low Pulse Width   Slow    RAMD64E/CLK  n/a            1.130         1.500       0.370      SLICE_X44Y88   gen_stages[3].stage_inst/gen_memory.mem/mem_A_reg_0_63_0_2/RAMA/CLK
Low Pulse Width   Slow    RAMD64E/CLK  n/a            1.130         1.500       0.370      SLICE_X44Y88   gen_stages[3].stage_inst/gen_memory.mem/mem_A_reg_0_63_0_2/RAMB/CLK
Low Pulse Width   Slow    RAMD64E/CLK  n/a            1.130         1.500       0.370      SLICE_X44Y88   gen_stages[3].stage_inst/gen_memory.mem/mem_A_reg_0_63_0_2/RAMC/CLK
Low Pulse Width   Slow    RAMD64E/CLK  n/a            1.130         1.500       0.370      SLICE_X44Y88   gen_stages[3].stage_inst/gen_memory.mem/mem_A_reg_0_63_0_2/RAMD/CLK
Low Pulse Width   Slow    RAMD64E/CLK  n/a            1.130         1.500       0.370      SLICE_X42Y90   gen_stages[3].stage_inst/gen_memory.mem/mem_A_reg_0_63_15_17/RAMA/CLK
Low Pulse Width   Slow    RAMD64E/CLK  n/a            1.130         1.500       0.370      SLICE_X42Y90   gen_stages[3].stage_inst/gen_memory.mem/mem_A_reg_0_63_15_17/RAMB/CLK
Low Pulse Width   Slow    RAMD64E/CLK  n/a            1.130         1.500       0.370      SLICE_X42Y90   gen_stages[3].stage_inst/gen_memory.mem/mem_A_reg_0_63_15_17/RAMC/CLK
Low Pulse Width   Slow    RAMD64E/CLK  n/a            1.130         1.500       0.370      SLICE_X42Y90   gen_stages[3].stage_inst/gen_memory.mem/mem_A_reg_0_63_15_17/RAMD/CLK
Low Pulse Width   Slow    RAMD64E/CLK  n/a            1.130         1.500       0.370      SLICE_X48Y99   gen_stages[3].stage_inst/gen_memory.mem/mem_A_reg_0_63_21_23/RAMA/CLK
Low Pulse Width   Slow    RAMD64E/CLK  n/a            1.130         1.500       0.370      SLICE_X48Y99   gen_stages[3].stage_inst/gen_memory.mem/mem_A_reg_0_63_21_23/RAMB/CLK
High Pulse Width  Fast    RAMD64E/CLK  n/a            1.130         1.500       0.370      SLICE_X42Y104  gen_stages[3].stage_inst/gen_memory.mem/mem_A_reg_0_63_12_14/RAMA/CLK
High Pulse Width  Fast    RAMD64E/CLK  n/a            1.130         1.500       0.370      SLICE_X42Y104  gen_stages[3].stage_inst/gen_memory.mem/mem_A_reg_0_63_12_14/RAMB/CLK
High Pulse Width  Fast    RAMD64E/CLK  n/a            1.130         1.500       0.370      SLICE_X42Y104  gen_stages[3].stage_inst/gen_memory.mem/mem_A_reg_0_63_12_14/RAMC/CLK
High Pulse Width  Fast    RAMD64E/CLK  n/a            1.130         1.500       0.370      SLICE_X42Y104  gen_stages[3].stage_inst/gen_memory.mem/mem_A_reg_0_63_12_14/RAMD/CLK
High Pulse Width  Fast    RAMD64E/CLK  n/a            1.130         1.500       0.370      SLICE_X42Y90   gen_stages[3].stage_inst/gen_memory.mem/mem_A_reg_0_63_15_17/RAMA/CLK
High Pulse Width  Fast    RAMD64E/CLK  n/a            1.130         1.500       0.370      SLICE_X42Y90   gen_stages[3].stage_inst/gen_memory.mem/mem_A_reg_0_63_15_17/RAMB/CLK
High Pulse Width  Fast    RAMD64E/CLK  n/a            1.130         1.500       0.370      SLICE_X42Y90   gen_stages[3].stage_inst/gen_memory.mem/mem_A_reg_0_63_15_17/RAMC/CLK
High Pulse Width  Fast    RAMD64E/CLK  n/a            1.130         1.500       0.370      SLICE_X42Y90   gen_stages[3].stage_inst/gen_memory.mem/mem_A_reg_0_63_15_17/RAMD/CLK
High Pulse Width  Fast    RAMD64E/CLK  n/a            1.130         1.500       0.370      SLICE_X42Y86   gen_stages[3].stage_inst/gen_memory.mem/mem_A_reg_0_63_18_20/RAMA/CLK
High Pulse Width  Fast    RAMD64E/CLK  n/a            1.130         1.500       0.370      SLICE_X42Y86   gen_stages[3].stage_inst/gen_memory.mem/mem_A_reg_0_63_18_20/RAMB/CLK



