Vivado Simulator 2018.3
Time resolution is 1 ps
Output Index           0: Real =   -122, Imag =      0
Output Index           1: Real =    -14, Imag =    -51
Output Index           2: Real =    -21, Imag =    -42
Output Index           3: Real =    -40, Imag =    -23
Output Index           4: Real =     13, Imag =    -14
Output Index           5: Real =      4, Imag =    -23
Output Index           6: Real =     -5, Imag =    -21
Output Index           7: Real =      2, Imag =    -23
Output Index           8: Real =     -4, Imag =    -19
Output Index           9: Real =      2, Imag =    -46
Output Index          10: Real =     -5, Imag =    -29
Output Index          11: Real =     -6, Imag =    -37
Output Index          12: Real =      0, Imag =    -47
Output Index          13: Real =     -1, Imag =    -13
Output Index          14: Real =      0, Imag =    -29
Output Index          15: Real =     -4, Imag =    -23
Output Index          16: Real =     11, Imag =    -47
Output Index          17: Real =      6, Imag =    -31
Output Index          18: Real =     11, Imag =    -35
Output Index          19: Real =      7, Imag =    -49
Output Index          20: Real =     22, Imag =    -73
Output Index          21: Real =     12, Imag =    -33
Output Index          22: Real =     14, Imag =    -46
Output Index          23: Real =     20, Imag =    -58
Output Index          24: Real =     29, Imag =   -110
Output Index          25: Real =     20, Imag =    -40
Output Index          26: Real =     21, Imag =    -60
Output Index          27: Real =     26, Imag =    -64
Output Index          28: Real =     22, Imag =    -75
Output Index          29: Real =     35, Imag =    -87
Output Index          30: Real =     33, Imag =    -81
Output Index          31: Real =     37, Imag =    -91
Output Index          32: Real =     29, Imag =    -68
Output Index          33: Real =     41, Imag =    -96
Output Index          34: Real =     62, Imag =   -140
Output Index          35: Real =     70, Imag =   -147
Output Index          36: Real =    299, Imag =   -625
Output Index          37: Real =      8, Imag =    -22
Output Index          38: Real =     33, Imag =    -73
Output Index          39: Real =     69, Imag =   -118
Output Index          40: Real =     89, Imag =   -161
Output Index          41: Real =    315, Imag =   -550
Output Index          42: Real =     44, Imag =    -85
Output Index          43: Real =    335, Imag =   -575
Output Index          44: Real =     -4, Imag =     27
Output Index          45: Real =     28, Imag =    -48
Output Index          46: Real =     43, Imag =    -70
Output Index          47: Real =     77, Imag =   -129
Output Index          48: Real =     85, Imag =   -124
Output Index          49: Real =    126, Imag =   -163
Output Index          50: Real =    137, Imag =   -188
Output Index          51: Real =    215, Imag =   -286
Output Index          52: Real =    831, Imag =  -1128
Output Index          53: Real =    -66, Imag =     85
Output Index          54: Real =     58, Imag =    -76
Output Index          55: Real =    121, Imag =   -143
Output Index          56: Real =    169, Imag =   -211
Output Index          57: Real =    239, Imag =   -293
Output Index          58: Real =    327, Imag =   -376
Output Index          59: Real =    549, Imag =   -617
Output Index          60: Real =   1914, Imag =  -2127
Output Index          61: Real =   1417, Imag =  -1549
Output Index          62: Real =    969, Imag =  -1056
Output Index          63: Real =   -859, Imag =    870
Output Index          64: Real =   -450, Imag =    434
Output Index          65: Real =   -283, Imag =    268
Output Index          66: Real =   -209, Imag =    194
Output Index          67: Real =   -141, Imag =    130
Output Index          68: Real =    -76, Imag =     59
Output Index          69: Real =    -29, Imag =     24
Output Index          70: Real =     49, Imag =    -41
Output Index          71: Real =    164, Imag =   -133
Output Index          72: Real =    396, Imag =   -319
Output Index          73: Real =   2122, Imag =  -1690
Output Index          74: Real =   -970, Imag =    752
Output Index          75: Real =   -454, Imag =    335
Output Index          76: Real =   -276, Imag =    209
Output Index          77: Real =    -99, Imag =     59
Output Index          78: Real =    539, Imag =   -386
Output Index          79: Real =   -565, Imag =    382
Output Index          80: Real =   -345, Imag =    231
Output Index          81: Real =   -249, Imag =    164
Output Index          82: Real =   -227, Imag =    149
Output Index          83: Real =   -206, Imag =    118
Output Index          84: Real =   -142, Imag =     85
Output Index          85: Real =    -87, Imag =     56
Output Index          86: Real =    222, Imag =   -130
Output Index          87: Real =   -363, Imag =    197
Output Index          88: Real =   -211, Imag =    106
Output Index          89: Real =   -137, Imag =     65
Output Index          90: Real =     83, Imag =    -36
Output Index          91: Real =   -330, Imag =    152
Output Index          92: Real =   -237, Imag =    106
Output Index          93: Real =   -175, Imag =     71
Output Index          94: Real =   -116, Imag =     54
Output Index          95: Real =      0, Imag =     -6
Output Index          96: Real =   -208, Imag =     83
Output Index          97: Real =     52, Imag =    -13
Output Index          98: Real =   -342, Imag =    134
Output Index          99: Real =   -241, Imag =     90
Output Index         100: Real =   -224, Imag =     84
Output Index         101: Real =   -189, Imag =     69
Output Index         102: Real =   -180, Imag =     54
Output Index         103: Real =   -121, Imag =     32
Output Index         104: Real =   -218, Imag =     68
Output Index         105: Real =   -182, Imag =     43
Output Index         106: Real =   -170, Imag =     53
Output Index         107: Real =   -163, Imag =     41
Output Index         108: Real =   -156, Imag =     37
Output Index         109: Real =   -180, Imag =     40
Output Index         110: Real =   -151, Imag =     28
Output Index         111: Real =   -152, Imag =     30
Output Index         112: Real =   -173, Imag =     36
Output Index         113: Real =   -141, Imag =     26
Output Index         114: Real =   -155, Imag =     26
Output Index         115: Real =   -155, Imag =     24
Output Index         116: Real =   -152, Imag =     23
Output Index         117: Real =   -145, Imag =     18
Output Index         118: Real =   -150, Imag =     14
Output Index         119: Real =   -151, Imag =     23
Output Index         120: Real =   -144, Imag =     20
Output Index         121: Real =   -144, Imag =     16
Output Index         122: Real =   -152, Imag =      9
Output Index         123: Real =   -141, Imag =      5
Output Index         124: Real =   -137, Imag =     10
Output Index         125: Real =   -139, Imag =     11
Output Index         126: Real =   -145, Imag =      6
Output Index         127: Real =   -145, Imag =      8
Output Index         128: Real =   -150, Imag =      0
Output Index         129: Real =   -148, Imag =     -7
Output Index         130: Real =   -145, Imag =     -6
Output Index         131: Real =   -140, Imag =     -9
Output Index         132: Real =   -137, Imag =    -10
Output Index         133: Real =   -140, Imag =     -5
Output Index         134: Real =   -153, Imag =     -9
Output Index         135: Real =   -144, Imag =    -13
Output Index         136: Real =   -144, Imag =    -19
Output Index         137: Real =   -150, Imag =    -22
Output Index         138: Real =   -151, Imag =    -13
Output Index         139: Real =   -142, Imag =    -17
Output Index         140: Real =   -152, Imag =    -23
Output Index         141: Real =   -153, Imag =    -25
Output Index         142: Real =   -156, Imag =    -27
Output Index         143: Real =   -140, Imag =    -25
Output Index         144: Real =   -173, Imag =    -35
Output Index         145: Real =   -154, Imag =    -29
Output Index         146: Real =   -151, Imag =    -25
Output Index         147: Real =   -183, Imag =    -41
Output Index         148: Real =   -156, Imag =    -35
Output Index         149: Real =   -164, Imag =    -39
Output Index         150: Real =   -176, Imag =    -52
Output Index         151: Real =   -184, Imag =    -44
Output Index         152: Real =   -219, Imag =    -66
Output Index         153: Real =   -120, Imag =    -30
Output Index         154: Real =   -177, Imag =    -54
Output Index         155: Real =   -190, Imag =    -68
Output Index         156: Real =   -224, Imag =    -83
Output Index         157: Real =   -241, Imag =    -87
Output Index         158: Real =   -341, Imag =   -133
Output Index         159: Real =     51, Imag =     17
Output Index         160: Real =   -207, Imag =    -82
Output Index         161: Real =     -3, Imag =      6
Output Index         162: Real =   -118, Imag =    -52
Output Index         163: Real =   -176, Imag =    -71
Output Index         164: Real =   -237, Imag =   -103
Output Index         165: Real =   -330, Imag =   -150
Output Index         166: Real =     85, Imag =     41
Output Index         167: Real =   -141, Imag =    -64
Output Index         168: Real =   -209, Imag =   -105
Output Index         169: Real =   -363, Imag =   -194
Output Index         170: Real =    224, Imag =    135
Output Index         171: Real =    -87, Imag =    -53
Output Index         172: Real =   -142, Imag =    -83
Output Index         173: Real =   -208, Imag =   -116
Output Index         174: Real =   -227, Imag =   -148
Output Index         175: Real =   -249, Imag =   -161
Output Index         176: Real =   -345, Imag =   -230
Output Index         177: Real =   -562, Imag =   -385
Output Index         178: Real =    541, Imag =    384
Output Index         179: Real =    -99, Imag =    -60
Output Index         180: Real =   -275, Imag =   -208
Output Index         181: Real =   -452, Imag =   -335
Output Index         182: Real =   -974, Imag =   -752
Output Index         183: Real =   2123, Imag =   1691
Output Index         184: Real =    395, Imag =    321
Output Index         185: Real =    165, Imag =    139
Output Index         186: Real =     49, Imag =     40
Output Index         187: Real =    -27, Imag =    -21
Output Index         188: Real =    -76, Imag =    -59
Output Index         189: Real =   -141, Imag =   -127
Output Index         190: Real =   -207, Imag =   -196
Output Index         191: Real =   -287, Imag =   -266
Output Index         192: Real =   -450, Imag =   -434
Output Index         193: Real =   -859, Imag =   -870
Output Index         194: Real =    971, Imag =   1054
Output Index         195: Real =   1421, Imag =   1546
Output Index         196: Real =   1916, Imag =   2125
Output Index         197: Real =    549, Imag =    612
Output Index         198: Real =    329, Imag =    375
Output Index         199: Real =    242, Imag =    293
Output Index         200: Real =    172, Imag =    209
Output Index         201: Real =    122, Imag =    142
Output Index         202: Real =     62, Imag =     78
Output Index         203: Real =    -62, Imag =    -85
Output Index         204: Real =    836, Imag =   1125
Output Index         205: Real =    217, Imag =    279
Output Index         206: Real =    141, Imag =    186
Output Index         207: Real =    129, Imag =    158
Output Index         208: Real =     87, Imag =    123
Output Index         209: Real =     77, Imag =    124
Output Index         210: Real =     47, Imag =     67
Output Index         211: Real =     30, Imag =     44
Output Index         212: Real =     -4, Imag =    -29
Output Index         213: Real =    335, Imag =    576
Output Index         214: Real =     44, Imag =     80
Output Index         215: Real =    311, Imag =    549
Output Index         216: Real =     89, Imag =    158
Output Index         217: Real =     65, Imag =    121
Output Index         218: Real =     33, Imag =     74
Output Index         219: Real =      6, Imag =     24
Output Index         220: Real =    299, Imag =    624
Output Index         221: Real =     73, Imag =    147
Output Index         222: Real =     64, Imag =    140
Output Index         223: Real =     40, Imag =     96
Output Index         224: Real =     30, Imag =     67
Output Index         225: Real =     38, Imag =     91
Output Index         226: Real =     34, Imag =     82
Output Index         227: Real =     39, Imag =     84
Output Index         228: Real =     22, Imag =     76
Output Index         229: Real =     23, Imag =     63
Output Index         230: Real =     18, Imag =     58
Output Index         231: Real =     17, Imag =     42
Output Index         232: Real =     30, Imag =    114
Output Index         233: Real =     14, Imag =     61
Output Index         234: Real =     14, Imag =     53
Output Index         235: Real =     11, Imag =     39
Output Index         236: Real =     22, Imag =     75
Output Index         237: Real =     12, Imag =     48
Output Index         238: Real =     11, Imag =     38
Output Index         239: Real =      8, Imag =     32
Output Index         240: Real =     13, Imag =     46
Output Index         241: Real =      9, Imag =     22
Output Index         242: Real =     13, Imag =     30
Output Index         243: Real =     15, Imag =     10
Output Index         244: Real =     12, Imag =     45
Output Index         245: Real =     -1, Imag =     32
Output Index         246: Real =      2, Imag =     18
Output Index         247: Real =      3, Imag =     41
Output Index         248: Real =      4, Imag =     14
Output Index         249: Real =      0, Imag =     22
Output Index         250: Real =      0, Imag =     35
Output Index         251: Real =      3, Imag =     29
Output Index         252: Real =     23, Imag =     12
Output Index         253: Real =      3, Imag =     21
Output Index         254: Real =      7, Imag =     26
Output Index         255: Real =     27, Imag =     36
$finish called at time : 3755 ns : File "/home/christodoulos-zerdalis/Desktop/FFT/radix_4_SDF_bram/tb_fft_radix_4_top.v" Line 170
